Archive member included to satisfy reference by file (symbol)

/opt/st/stm32cubeide_1.8.0/plugins/com.st.stm32cube.ide.mcu.externaltools.gnu-tools-for-stm32.9-2020-q2-update.linux64_2.0.0.202105311346/tools/bin/../lib/gcc/arm-none-eabi/9.3.1/../../../../arm-none-eabi/lib/thumb/v7e-m+fp/hard/libc_nano.a(lib_a-errno.o)
                              ./Core/Src/syscalls.o (__errno)
/opt/st/stm32cubeide_1.8.0/plugins/com.st.stm32cube.ide.mcu.externaltools.gnu-tools-for-stm32.9-2020-q2-update.linux64_2.0.0.202105311346/tools/bin/../lib/gcc/arm-none-eabi/9.3.1/../../../../arm-none-eabi/lib/thumb/v7e-m+fp/hard/libc_nano.a(lib_a-exit.o)
                              /opt/st/stm32cubeide_1.8.0/plugins/com.st.stm32cube.ide.mcu.externaltools.gnu-tools-for-stm32.9-2020-q2-update.linux64_2.0.0.202105311346/tools/bin/../lib/gcc/arm-none-eabi/9.3.1/../../../../arm-none-eabi/lib/thumb/v7e-m+fp/hard/crt0.o (exit)
/opt/st/stm32cubeide_1.8.0/plugins/com.st.stm32cube.ide.mcu.externaltools.gnu-tools-for-stm32.9-2020-q2-update.linux64_2.0.0.202105311346/tools/bin/../lib/gcc/arm-none-eabi/9.3.1/../../../../arm-none-eabi/lib/thumb/v7e-m+fp/hard/libc_nano.a(lib_a-findfp.o)
                              ./Middlewares/Third_Party/FreeRTOS/Source/tasks.o (__sf_fake_stderr)
/opt/st/stm32cubeide_1.8.0/plugins/com.st.stm32cube.ide.mcu.externaltools.gnu-tools-for-stm32.9-2020-q2-update.linux64_2.0.0.202105311346/tools/bin/../lib/gcc/arm-none-eabi/9.3.1/../../../../arm-none-eabi/lib/thumb/v7e-m+fp/hard/libc_nano.a(lib_a-fwalk.o)
                              /opt/st/stm32cubeide_1.8.0/plugins/com.st.stm32cube.ide.mcu.externaltools.gnu-tools-for-stm32.9-2020-q2-update.linux64_2.0.0.202105311346/tools/bin/../lib/gcc/arm-none-eabi/9.3.1/../../../../arm-none-eabi/lib/thumb/v7e-m+fp/hard/libc_nano.a(lib_a-findfp.o) (_fwalk)
/opt/st/stm32cubeide_1.8.0/plugins/com.st.stm32cube.ide.mcu.externaltools.gnu-tools-for-stm32.9-2020-q2-update.linux64_2.0.0.202105311346/tools/bin/../lib/gcc/arm-none-eabi/9.3.1/../../../../arm-none-eabi/lib/thumb/v7e-m+fp/hard/libc_nano.a(lib_a-impure.o)
                              /opt/st/stm32cubeide_1.8.0/plugins/com.st.stm32cube.ide.mcu.externaltools.gnu-tools-for-stm32.9-2020-q2-update.linux64_2.0.0.202105311346/tools/bin/../lib/gcc/arm-none-eabi/9.3.1/../../../../arm-none-eabi/lib/thumb/v7e-m+fp/hard/libc_nano.a(lib_a-exit.o) (_global_impure_ptr)
/opt/st/stm32cubeide_1.8.0/plugins/com.st.stm32cube.ide.mcu.externaltools.gnu-tools-for-stm32.9-2020-q2-update.linux64_2.0.0.202105311346/tools/bin/../lib/gcc/arm-none-eabi/9.3.1/../../../../arm-none-eabi/lib/thumb/v7e-m+fp/hard/libc_nano.a(lib_a-init.o)
                              /opt/st/stm32cubeide_1.8.0/plugins/com.st.stm32cube.ide.mcu.externaltools.gnu-tools-for-stm32.9-2020-q2-update.linux64_2.0.0.202105311346/tools/bin/../lib/gcc/arm-none-eabi/9.3.1/../../../../arm-none-eabi/lib/thumb/v7e-m+fp/hard/crt0.o (__libc_init_array)
/opt/st/stm32cubeide_1.8.0/plugins/com.st.stm32cube.ide.mcu.externaltools.gnu-tools-for-stm32.9-2020-q2-update.linux64_2.0.0.202105311346/tools/bin/../lib/gcc/arm-none-eabi/9.3.1/../../../../arm-none-eabi/lib/thumb/v7e-m+fp/hard/libc_nano.a(lib_a-lock.o)
                              /opt/st/stm32cubeide_1.8.0/plugins/com.st.stm32cube.ide.mcu.externaltools.gnu-tools-for-stm32.9-2020-q2-update.linux64_2.0.0.202105311346/tools/bin/../lib/gcc/arm-none-eabi/9.3.1/../../../../arm-none-eabi/lib/thumb/v7e-m+fp/hard/libc_nano.a(lib_a-findfp.o) (__retarget_lock_init_recursive)
/opt/st/stm32cubeide_1.8.0/plugins/com.st.stm32cube.ide.mcu.externaltools.gnu-tools-for-stm32.9-2020-q2-update.linux64_2.0.0.202105311346/tools/bin/../lib/gcc/arm-none-eabi/9.3.1/../../../../arm-none-eabi/lib/thumb/v7e-m+fp/hard/libc_nano.a(lib_a-memcpy-stub.o)
                              ./Middlewares/Third_Party/FreeRTOS/Source/queue.o (memcpy)
/opt/st/stm32cubeide_1.8.0/plugins/com.st.stm32cube.ide.mcu.externaltools.gnu-tools-for-stm32.9-2020-q2-update.linux64_2.0.0.202105311346/tools/bin/../lib/gcc/arm-none-eabi/9.3.1/../../../../arm-none-eabi/lib/thumb/v7e-m+fp/hard/libc_nano.a(lib_a-memset.o)
                              /opt/st/stm32cubeide_1.8.0/plugins/com.st.stm32cube.ide.mcu.externaltools.gnu-tools-for-stm32.9-2020-q2-update.linux64_2.0.0.202105311346/tools/bin/../lib/gcc/arm-none-eabi/9.3.1/../../../../arm-none-eabi/lib/thumb/v7e-m+fp/hard/crt0.o (memset)
/opt/st/stm32cubeide_1.8.0/plugins/com.st.stm32cube.ide.mcu.externaltools.gnu-tools-for-stm32.9-2020-q2-update.linux64_2.0.0.202105311346/tools/bin/../lib/gcc/arm-none-eabi/9.3.1/../../../../arm-none-eabi/lib/thumb/v7e-m+fp/hard/libc_nano.a(lib_a-nano-mallocr.o)
                              /opt/st/stm32cubeide_1.8.0/plugins/com.st.stm32cube.ide.mcu.externaltools.gnu-tools-for-stm32.9-2020-q2-update.linux64_2.0.0.202105311346/tools/bin/../lib/gcc/arm-none-eabi/9.3.1/../../../../arm-none-eabi/lib/thumb/v7e-m+fp/hard/libc_nano.a(lib_a-findfp.o) (_malloc_r)
[...]
Memory Configuration

Name             Origin             Length             Attributes
RAM              0x0000000020000000 0x0000000000050000 xrw
FLASH            0x0000000008000000 0x0000000000100000 xr
*default*        0x0000000000000000 0xffffffffffffffff

Linker script and memory map

LOAD /opt/st/stm32cubeide_1.8.0/plugins/com.st.stm32cube.ide.mcu.externaltools.gnu-tools-for-stm32.9-2020-q2-update.linux64_2.0.0.202105311346/tools/bin/../lib/gcc/arm-none-eabi/9.3.1/thumb/v7e-m+fp/hard/crti.o
LOAD /opt/st/stm32cubeide_1.8.0/plugins/com.st.stm32cube.ide.mcu.externaltools.gnu-tools-for-stm32.9-2020-q2-update.linux64_2.0.0.202105311346/tools/bin/../lib/gcc/arm-none-eabi/9.3.1/thumb/v7e-m+fp/hard/crtbegin.o
LOAD /opt/st/stm32cubeide_1.8.0/plugins/com.st.stm32cube.ide.mcu.externaltools.gnu-tools-for-stm32.9-2020-q2-update.linux64_2.0.0.202105311346/tools/bin/../lib/gcc/arm-none-eabi/9.3.1/../../../../arm-none-eabi/lib/thumb/v7e-m+fp/hard/crt0.o
LOAD ./Core/Src/freertos.o
LOAD ./Core/Src/ft5336.o
LOAD ./Core/Src/main.o
LOAD ./Core/Src/stm32746g_discovery.o
LOAD ./Core/Src/stm32746g_discovery_lcd.o
LOAD ./Core/Src/stm32746g_discovery_sdram.o
LOAD ./Core/Src/stm32746g_discovery_ts.o
LOAD ./Core/Src/stm32f7xx_hal_msp.o
LOAD ./Core/Src/stm32f7xx_hal_timebase_tim.o
LOAD ./Core/Src/stm32f7xx_it.o
LOAD ./Core/Src/syscalls.o
LOAD ./Core/Src/sysmem.o
LOAD ./Core/Src/system_stm32f7xx.o
LOAD ./Core/Startup/startup_stm32f746nghx.o
LOAD ./Drivers/STM32F7xx_HAL_Driver/Src/stm32f7xx_hal.o
LOAD ./Drivers/STM32F7xx_HAL_Driver/Src/stm32f7xx_hal_adc.o
LOAD ./Drivers/STM32F7xx_HAL_Driver/Src/stm32f7xx_hal_adc_ex.o
LOAD ./Drivers/STM32F7xx_HAL_Driver/Src/stm32f7xx_hal_cortex.o
LOAD ./Drivers/STM32F7xx_HAL_Driver/Src/stm32f7xx_hal_dac.o
LOAD ./Drivers/STM32F7xx_HAL_Driver/Src/stm32f7xx_hal_dac_ex.o
LOAD ./Drivers/STM32F7xx_HAL_Driver/Src/stm32f7xx_hal_dma.o
LOAD ./Drivers/STM32F7xx_HAL_Driver/Src/stm32f7xx_hal_dma2d.o
LOAD ./Drivers/STM32F7xx_HAL_Driver/Src/stm32f7xx_hal_dma_ex.o
LOAD ./Drivers/STM32F7xx_HAL_Driver/Src/stm32f7xx_hal_dsi.o
LOAD ./Drivers/STM32F7xx_HAL_Driver/Src/stm32f7xx_hal_exti.o
LOAD ./Drivers/STM32F7xx_HAL_Driver/Src/stm32f7xx_hal_flash.o
LOAD ./Drivers/STM32F7xx_HAL_Driver/Src/stm32f7xx_hal_flash_ex.o
LOAD ./Drivers/STM32F7xx_HAL_Driver/Src/stm32f7xx_hal_gpio.o
LOAD ./Drivers/STM32F7xx_HAL_Driver/Src/stm32f7xx_hal_i2c.o
LOAD ./Drivers/STM32F7xx_HAL_Driver/Src/stm32f7xx_hal_i2c_ex.o
LOAD ./Drivers/STM32F7xx_HAL_Driver/Src/stm32f7xx_hal_ltdc.o
LOAD ./Drivers/STM32F7xx_HAL_Driver/Src/stm32f7xx_hal_ltdc_ex.o
LOAD ./Drivers/STM32F7xx_HAL_Driver/Src/stm32f7xx_hal_pwr.o
LOAD ./Drivers/STM32F7xx_HAL_Driver/Src/stm32f7xx_hal_pwr_ex.o
LOAD ./Drivers/STM32F7xx_HAL_Driver/Src/stm32f7xx_hal_rcc.o
LOAD ./Drivers/STM32F7xx_HAL_Driver/Src/stm32f7xx_hal_rcc_ex.o
LOAD ./Drivers/STM32F7xx_HAL_Driver/Src/stm32f7xx_hal_rng.o
LOAD ./Drivers/STM32F7xx_HAL_Driver/Src/stm32f7xx_hal_rtc.o
LOAD ./Drivers/STM32F7xx_HAL_Driver/Src/stm32f7xx_hal_rtc_ex.o
LOAD ./Drivers/STM32F7xx_HAL_Driver/Src/stm32f7xx_hal_sdram.o
LOAD ./Drivers/STM32F7xx_HAL_Driver/Src/stm32f7xx_hal_spi.o
LOAD ./Drivers/STM32F7xx_HAL_Driver/Src/stm32f7xx_hal_spi_ex.o
LOAD ./Drivers/STM32F7xx_HAL_Driver/Src/stm32f7xx_hal_tim.o
LOAD ./Drivers/STM32F7xx_HAL_Driver/Src/stm32f7xx_hal_tim_ex.o
LOAD ./Drivers/STM32F7xx_HAL_Driver/Src/stm32f7xx_hal_uart.o
LOAD ./Drivers/STM32F7xx_HAL_Driver/Src/stm32f7xx_hal_uart_ex.o
LOAD ./Drivers/STM32F7xx_HAL_Driver/Src/stm32f7xx_ll_fmc.o
LOAD ./Middlewares/Third_Party/FreeRTOS/Source/CMSIS_RTOS/cmsis_os.o
LOAD ./Middlewares/Third_Party/FreeRTOS/Source/croutine.o
LOAD ./Middlewares/Third_Party/FreeRTOS/Source/event_groups.o
LOAD ./Middlewares/Third_Party/FreeRTOS/Source/list.o
LOAD ./Middlewares/Third_Party/FreeRTOS/Source/queue.o
LOAD ./Middlewares/Third_Party/FreeRTOS/Source/stream_buffer.o
LOAD ./Middlewares/Third_Party/FreeRTOS/Source/tasks.o
LOAD ./Middlewares/Third_Party/FreeRTOS/Source/timers.o
LOAD ./Middlewares/Third_Party/FreeRTOS/Source/portable/GCC/ARM_CM7/r0p1/port.o
LOAD ./Middlewares/Third_Party/FreeRTOS/Source/portable/MemMang/heap_4.o
START GROUP
LOAD /opt/st/stm32cubeide_1.8.0/plugins/com.st.stm32cube.ide.mcu.externaltools.gnu-tools-for-stm32.9-2020-q2-update.linux64_2.0.0.202105311346/tools/bin/../lib/gcc/arm-none-eabi/9.3.1/../../../../arm-none-eabi/lib/thumb/v7e-m+fp/hard/libc_nano.a
LOAD /opt/st/stm32cubeide_1.8.0/plugins/com.st.stm32cube.ide.mcu.externaltools.gnu-tools-for-stm32.9-2020-q2-update.linux64_2.0.0.202105311346/tools/bin/../lib/gcc/arm-none-eabi/9.3.1/../../../../arm-none-eabi/lib/thumb/v7e-m+fp/hard/libm.a
END GROUP
START GROUP
LOAD /opt/st/stm32cubeide_1.8.0/plugins/com.st.stm32cube.ide.mcu.externaltools.gnu-tools-for-stm32.9-2020-q2-update.linux64_2.0.0.202105311346/tools/bin/../lib/gcc/arm-none-eabi/9.3.1/thumb/v7e-m+fp/hard/libgcc.a
LOAD /opt/st/stm32cubeide_1.8.0/plugins/com.st.stm32cube.ide.mcu.externaltools.gnu-tools-for-stm32.9-2020-q2-update.linux64_2.0.0.202105311346/tools/bin/../lib/gcc/arm-none-eabi/9.3.1/../../../../arm-none-eabi/lib/thumb/v7e-m+fp/hard/libc_nano.a
END GROUP
START GROUP
LOAD /opt/st/stm32cubeide_1.8.0/plugins/com.st.stm32cube.ide.mcu.externaltools.gnu-tools-for-stm32.9-2020-q2-update.linux64_2.0.0.202105311346/tools/bin/../lib/gcc/arm-none-eabi/9.3.1/thumb/v7e-m+fp/hard/libgcc.a
LOAD /opt/st/stm32cubeide_1.8.0/plugins/com.st.stm32cube.ide.mcu.externaltools.gnu-tools-for-stm32.9-2020-q2-update.linux64_2.0.0.202105311346/tools/bin/../lib/gcc/arm-none-eabi/9.3.1/../../../../arm-none-eabi/lib/thumb/v7e-m+fp/hard/libc_nano.a
LOAD /opt/st/stm32cubeide_1.8.0/plugins/com.st.stm32cube.ide.mcu.externaltools.gnu-tools-for-stm32.9-2020-q2-update.linux64_2.0.0.202105311346/tools/bin/../lib/gcc/arm-none-eabi/9.3.1/../../../../arm-none-eabi/lib/thumb/v7e-m+fp/hard/libnosys.a
END GROUP
START GROUP
LOAD /opt/st/stm32cubeide_1.8.0/plugins/com.st.stm32cube.ide.mcu.externaltools.gnu-tools-for-stm32.9-2020-q2-update.linux64_2.0.0.202105311346/tools/bin/../lib/gcc/arm-none-eabi/9.3.1/thumb/v7e-m+fp/hard/libgcc.a
LOAD /opt/st/stm32cubeide_1.8.0/plugins/com.st.stm32cube.ide.mcu.externaltools.gnu-tools-for-stm32.9-2020-q2-update.linux64_2.0.0.202105311346/tools/bin/../lib/gcc/arm-none-eabi/9.3.1/../../../../arm-none-eabi/lib/thumb/v7e-m+fp/hard/libc_nano.a
LOAD /opt/st/stm32cubeide_1.8.0/plugins/com.st.stm32cube.ide.mcu.externaltools.gnu-tools-for-stm32.9-2020-q2-update.linux64_2.0.0.202105311346/tools/bin/../lib/gcc/arm-none-eabi/9.3.1/../../../../arm-none-eabi/lib/thumb/v7e-m+fp/hard/libnosys.a
END GROUP
LOAD /opt/st/stm32cubeide_1.8.0/plugins/com.st.stm32cube.ide.mcu.externaltools.gnu-tools-for-stm32.9-2020-q2-update.linux64_2.0.0.202105311346/tools/bin/../lib/gcc/arm-none-eabi/9.3.1/thumb/v7e-m+fp/hard/crtend.o
LOAD /opt/st/stm32cubeide_1.8.0/plugins/com.st.stm32cube.ide.mcu.externaltools.gnu-tools-for-stm32.9-2020-q2-update.linux64_2.0.0.202105311346/tools/bin/../lib/gcc/arm-none-eabi/9.3.1/thumb/v7e-m+fp/hard/crtn.o
                0x0000000020050000                _estack = (ORIGIN (RAM) + LENGTH (RAM))
                0x0000000000000200                _Min_Heap_Size = 0x200
                0x0000000000000400                _Min_Stack_Size = 0x400

.isr_vector     0x0000000008000000      0x1c8
                0x0000000008000000                . = ALIGN (0x4)
 *(.isr_vector)
 .isr_vector    0x0000000008000000      0x1c8 ./Core/Startup/startup_stm32f746nghx.o
                0x0000000008000000                g_pfnVectors
                0x00000000080001c8                . = ALIGN (0x4)

.text           0x00000000080001d0     0xf4c8
                0x00000000080001d0                . = ALIGN (0x4)
 *(.text)
 .text          0x00000000080001d0       0x40 /opt/st/stm32cubeide_1.8.0/plugins/com.st.stm32cube.ide.mcu.externaltools.gnu-tools-for-stm32.9-2020-q2-update.linux64_2.0.0.202105311346/tools/bin/../lib/gcc/arm-none-eabi/9.3.1/thumb/v7e-m+fp/hard/crtbegin.o
 .text          0x0000000008000210       0x10 /opt/st/stm32cubeide_1.8.0/plugins/com.st.stm32cube.ide.mcu.externaltools.gnu-tools-for-stm32.9-2020-q2-update.linux64_2.0.0.202105311346/tools/bin/../lib/gcc/arm-none-eabi/9.3.1/../../../../arm-none-eabi/lib/thumb/v7e-m+fp/hard/libc_nano.a(lib_a-strlen.o)
                0x0000000008000210                strlen
 .text          0x0000000008000220       0xa0 /opt/st/stm32cubeide_1.8.0/plugins/com.st.stm32cube.ide.mcu.externaltools.gnu-tools-for-stm32.9-2020-q2-update.linux64_2.0.0.202105311346/tools/bin/../lib/gcc/arm-none-eabi/9.3.1/../../../../arm-none-eabi/lib/thumb/v7e-m+fp/hard/libc_nano.a(lib_a-memchr.o)
                0x0000000008000220                memchr
 .text          0x00000000080002c0       0x30 /opt/st/stm32cubeide_1.8.0/plugins/com.st.stm32cube.ide.mcu.externaltools.gnu-tools-for-stm32.9-2020-q2-update.linux64_2.0.0.202105311346/tools/bin/../lib/gcc/arm-none-eabi/9.3.1/thumb/v7e-m+fp/hard/libgcc.a(_aeabi_uldivmod.o)
                0x00000000080002c0                __aeabi_uldivmod
 .text          0x00000000080002f0      0x2c4 /opt/st/stm32cubeide_1.8.0/plugins/com.st.stm32cube.ide.mcu.externaltools.gnu-tools-for-stm32.9-2020-q2-update.linux64_2.0.0.202105311346/tools/bin/../lib/gcc/arm-none-eabi/9.3.1/thumb/v7e-m+fp/hard/libgcc.a(_udivmoddi4.o)
                0x00000000080002f0                __udivmoddi4
 .text          0x00000000080005b4        0x4 /opt/st/stm32cubeide_1.8.0/plugins/com.st.stm32cube.ide.mcu.externaltools.gnu-tools-for-stm32.9-2020-q2-update.linux64_2.0.0.202105311346/tools/bin/../lib/gcc/arm-none-eabi/9.3.1/thumb/v7e-m+fp/hard/libgcc.a(_dvmd_tls.o)
                0x00000000080005b4                __aeabi_ldiv0
                0x00000000080005b4                __aeabi_idiv0
 *(.text*)
 .text.vApplicationGetIdleTaskMemory
                0x00000000080005b8       0x34 ./Core/Src/freertos.o
                0x00000000080005b8                vApplicationGetIdleTaskMemory
 .text.vApplicationGetTimerTaskMemory
                0x00000000080005ec       0x34 ./Core/Src/freertos.o
                0x00000000080005ec                vApplicationGetTimerTaskMemory
 .text.ft5336_Init
                0x0000000008000620       0x1c ./Core/Src/ft5336.o
                0x0000000008000620                ft5336_Init
 .text.ft5336_Reset
                0x000000000800063c       0x16 ./Core/Src/ft5336.o
                0x000000000800063c                ft5336_Reset
 .text.ft5336_ReadID
                0x0000000008000652       0x5c ./Core/Src/ft5336.o
                0x0000000008000652                ft5336_ReadID
 .text.ft5336_TS_Start
                0x00000000080006ae       0x22 ./Core/Src/ft5336.o
                0x00000000080006ae                ft5336_TS_Start
 .text.ft5336_TS_DetectTouch
                0x00000000080006d0       0x54 ./Core/Src/ft5336.o
                0x00000000080006d0                ft5336_TS_DetectTouch
 .text.ft5336_TS_GetXY
                0x0000000008000724      0x1e0 ./Core/Src/ft5336.o
                0x0000000008000724                ft5336_TS_GetXY
 .text.ft5336_TS_EnableIT
                0x0000000008000904       0x28 ./Core/Src/ft5336.o
                0x0000000008000904                ft5336_TS_EnableIT
 .text.ft5336_TS_DisableIT
                0x000000000800092c       0x28 ./Core/Src/ft5336.o
                0x000000000800092c                ft5336_TS_DisableIT
 .text.ft5336_TS_ITStatus
                0x0000000008000954       0x18 ./Core/Src/ft5336.o
                0x0000000008000954                ft5336_TS_ITStatus
 .text.ft5336_TS_ClearIT
                0x000000000800096c       0x16 ./Core/Src/ft5336.o
                0x000000000800096c                ft5336_TS_ClearIT
 .text.ft5336_TS_GetGestureID
                0x0000000008000982       0x32 ./Core/Src/ft5336.o
                0x0000000008000982                ft5336_TS_GetGestureID
 .text.ft5336_TS_GetTouchInfo
                0x00000000080009b4      0x15c ./Core/Src/ft5336.o
                0x00000000080009b4                ft5336_TS_GetTouchInfo
 .text.ft5336_Get_I2C_InitializedStatus
                0x0000000008000b10       0x18 ./Core/Src/ft5336.o
 .text.ft5336_I2C_InitializeIfRequired
                0x0000000008000b28       0x20 ./Core/Src/ft5336.o
 .text.ft5336_TS_Configure
                0x0000000008000b48       0x1c ./Core/Src/ft5336.o
 .text.main     0x0000000008000b64      0x624 ./Core/Src/main.o
                0x0000000008000b64                main
 .text.SystemClock_Config
                0x0000000008001188       0xe4 ./Core/Src/main.o
                0x0000000008001188                SystemClock_Config
 .text.PeriphCommonClock_Config
                0x000000000800126c       0x58 ./Core/Src/main.o
                0x000000000800126c                PeriphCommonClock_Config
 .text.MX_ADC1_Init
                0x00000000080012c4       0xa4 ./Core/Src/main.o
 .text.MX_ADC3_Init
                0x0000000008001368       0xa4 ./Core/Src/main.o
 .text.MX_DAC_Init
                0x000000000800140c       0x54 ./Core/Src/main.o
 .text.MX_DMA2D_Init
                0x0000000008001460       0x64 ./Core/Src/main.o
 .text.MX_I2C1_Init
                0x00000000080014c4       0x80 ./Core/Src/main.o
 .text.MX_I2C3_Init
                0x0000000008001544       0x80 ./Core/Src/main.o
 .text.MX_LTDC_Init
                0x00000000080015c4      0x104 ./Core/Src/main.o
 .text.MX_RNG_Init
                0x00000000080016c8       0x28 ./Core/Src/main.o
 .text.MX_RTC_Init
                0x00000000080016f0      0x14c ./Core/Src/main.o
 .text.MX_SPI2_Init
                0x000000000800183c       0x7c ./Core/Src/main.o
 .text.MX_TIM1_Init
                0x00000000080018b8       0xa8 ./Core/Src/main.o
 .text.MX_TIM2_Init
                0x0000000008001960       0x9c ./Core/Src/main.o
 .text.MX_TIM3_Init
                0x00000000080019fc       0x9c ./Core/Src/main.o
 .text.MX_TIM5_Init
                0x0000000008001a98       0x9c ./Core/Src/main.o
 .text.MX_TIM8_Init
                0x0000000008001b34       0xa8 ./Core/Src/main.o
 .text.MX_UART7_Init
                0x0000000008001bdc       0x60 ./Core/Src/main.o
 .text.MX_USART1_UART_Init
                0x0000000008001c3c       0x60 ./Core/Src/main.o
 .text.MX_USART6_UART_Init
                0x0000000008001c9c       0x60 ./Core/Src/main.o
 .text.MX_FMC_Init
                0x0000000008001cfc       0xa0 ./Core/Src/main.o
 .text.MX_GPIO_Init
                0x0000000008001d9c      0x580 ./Core/Src/main.o
 .text.StartDefaultTask
                0x000000000800231c       0x10 ./Core/Src/main.o
                0x000000000800231c                StartDefaultTask
 .text.displayTime
                0x000000000800232c       0xb0 ./Core/Src/main.o
                0x000000000800232c                displayTime
 .text.displayGame
                0x00000000080023dc      0x14c ./Core/Src/main.o
                0x00000000080023dc                displayGame
 .text.waitGameOver
                0x0000000008002528      0x15c ./Core/Src/main.o
                0x0000000008002528                waitGameOver
 .text.obj_cycle
                0x0000000008002684       0xb8 ./Core/Src/main.o
                0x0000000008002684                obj_cycle
 .text.obj_sword
                0x000000000800273c      0x178 ./Core/Src/main.o
                0x000000000800273c                obj_sword
 .text.CallbackDisplay
                0x00000000080028b4       0x40 ./Core/Src/main.o
                0x00000000080028b4                CallbackDisplay
 .text.CallbackLED
                0x00000000080028f4       0x20 ./Core/Src/main.o
                0x00000000080028f4                CallbackLED
 .text.HAL_TIM_PeriodElapsedCallback
                0x0000000008002914       0x24 ./Core/Src/main.o
                0x0000000008002914                HAL_TIM_PeriodElapsedCallback
 .text.Error_Handler
                0x0000000008002938        0xa ./Core/Src/main.o
                0x0000000008002938                Error_Handler
 *fill*         0x0000000008002942        0x2 
 .text.I2Cx_MspInit
                0x0000000008002944      0x160 ./Core/Src/stm32746g_discovery.o
 .text.I2Cx_Init
                0x0000000008002aa4       0x78 ./Core/Src/stm32746g_discovery.o
 .text.I2Cx_ReadMultiple
                0x0000000008002b1c       0x5a ./Core/Src/stm32746g_discovery.o
 .text.I2Cx_WriteMultiple
                0x0000000008002b76       0x5a ./Core/Src/stm32746g_discovery.o
 .text.I2Cx_Error
                0x0000000008002bd0       0x20 ./Core/Src/stm32746g_discovery.o
 .text.TS_IO_Init
                0x0000000008002bf0       0x14 ./Core/Src/stm32746g_discovery.o
                0x0000000008002bf0                TS_IO_Init
 .text.TS_IO_Write
                0x0000000008002c04       0x34 ./Core/Src/stm32746g_discovery.o
                0x0000000008002c04                TS_IO_Write
 .text.TS_IO_Read
                0x0000000008002c38       0x3c ./Core/Src/stm32746g_discovery.o
                0x0000000008002c38                TS_IO_Read
 .text.TS_IO_Delay
                0x0000000008002c74       0x16 ./Core/Src/stm32746g_discovery.o
                0x0000000008002c74                TS_IO_Delay
 *fill*         0x0000000008002c8a        0x2 
 .text.BSP_LCD_Init
                0x0000000008002c8c       0xe0 ./Core/Src/stm32746g_discovery_lcd.o
                0x0000000008002c8c                BSP_LCD_Init
 .text.BSP_LCD_GetXSize
                0x0000000008002d6c       0x28 ./Core/Src/stm32746g_discovery_lcd.o
                0x0000000008002d6c                BSP_LCD_GetXSize
 .text.BSP_LCD_GetYSize
                0x0000000008002d94       0x28 ./Core/Src/stm32746g_discovery_lcd.o
                0x0000000008002d94                BSP_LCD_GetYSize
 .text.BSP_LCD_LayerDefaultInit
                0x0000000008002dbc       0xc0 ./Core/Src/stm32746g_discovery_lcd.o
                0x0000000008002dbc                BSP_LCD_LayerDefaultInit
 .text.BSP_LCD_SelectLayer
                0x0000000008002e7c       0x20 ./Core/Src/stm32746g_discovery_lcd.o
                0x0000000008002e7c                BSP_LCD_SelectLayer
 .text.BSP_LCD_SetTextColor
                0x0000000008002e9c       0x30 ./Core/Src/stm32746g_discovery_lcd.o
                0x0000000008002e9c                BSP_LCD_SetTextColor
 .text.BSP_LCD_SetBackColor
                0x0000000008002ecc       0x34 ./Core/Src/stm32746g_discovery_lcd.o
                0x0000000008002ecc                BSP_LCD_SetBackColor
 .text.BSP_LCD_SetFont
                0x0000000008002f00       0x34 ./Core/Src/stm32746g_discovery_lcd.o
                0x0000000008002f00                BSP_LCD_SetFont
 .text.BSP_LCD_GetFont
                0x0000000008002f34       0x2c ./Core/Src/stm32746g_discovery_lcd.o
                0x0000000008002f34                BSP_LCD_GetFont
 .text.BSP_LCD_Clear
                0x0000000008002f60       0x50 ./Core/Src/stm32746g_discovery_lcd.o
                0x0000000008002f60                BSP_LCD_Clear
 .text.BSP_LCD_DisplayChar
                0x0000000008002fb0       0x88 ./Core/Src/stm32746g_discovery_lcd.o
                0x0000000008002fb0                BSP_LCD_DisplayChar
 .text.BSP_LCD_DisplayStringAt
                0x0000000008003038      0x190 ./Core/Src/stm32746g_discovery_lcd.o
                0x0000000008003038                BSP_LCD_DisplayStringAt
 .text.BSP_LCD_DisplayStringAtLine
                0x00000000080031c8       0x2e ./Core/Src/stm32746g_discovery_lcd.o
                0x00000000080031c8                BSP_LCD_DisplayStringAtLine
 *fill*         0x00000000080031f6        0x2 
 .text.BSP_LCD_DrawHLine
                0x00000000080031f8       0xbc ./Core/Src/stm32746g_discovery_lcd.o
                0x00000000080031f8                BSP_LCD_DrawHLine
 .text.BSP_LCD_DrawCircle
                0x00000000080032b4      0x1d4 ./Core/Src/stm32746g_discovery_lcd.o
                0x00000000080032b4                BSP_LCD_DrawCircle
 .text.BSP_LCD_DrawPixel
                0x0000000008003488       0x90 ./Core/Src/stm32746g_discovery_lcd.o
                0x0000000008003488                BSP_LCD_DrawPixel
 .text.BSP_LCD_DrawBitmap
                0x0000000008003518      0x164 ./Core/Src/stm32746g_discovery_lcd.o
                0x0000000008003518                BSP_LCD_DrawBitmap
 .text.BSP_LCD_FillRect
                0x000000000800367c       0xf4 ./Core/Src/stm32746g_discovery_lcd.o
                0x000000000800367c                BSP_LCD_FillRect
 .text.BSP_LCD_FillCircle
                0x0000000008003770      0x140 ./Core/Src/stm32746g_discovery_lcd.o
                0x0000000008003770                BSP_LCD_FillCircle
 .text.BSP_LCD_DisplayOn
                0x00000000080038b0       0x3c ./Core/Src/stm32746g_discovery_lcd.o
                0x00000000080038b0                BSP_LCD_DisplayOn
 .text.BSP_LCD_MspInit
                0x00000000080038ec      0x1b4 ./Core/Src/stm32746g_discovery_lcd.o
                0x00000000080038ec                BSP_LCD_MspInit
 .text.BSP_LCD_ClockConfig
                0x0000000008003aa0       0x38 ./Core/Src/stm32746g_discovery_lcd.o
                0x0000000008003aa0                BSP_LCD_ClockConfig
 .text.DrawChar
                0x0000000008003ad8      0x170 ./Core/Src/stm32746g_discovery_lcd.o
 .text.LL_FillBuffer
                0x0000000008003c48       0x98 ./Core/Src/stm32746g_discovery_lcd.o
 .text.LL_ConvertLineToARGB8888
                0x0000000008003ce0       0x88 ./Core/Src/stm32746g_discovery_lcd.o
 .text.BSP_SDRAM_Init
                0x0000000008003d68       0xbc ./Core/Src/stm32746g_discovery_sdram.o
                0x0000000008003d68                BSP_SDRAM_Init
 .text.BSP_SDRAM_Initialization_sequence
                0x0000000008003e24       0xc0 ./Core/Src/stm32746g_discovery_sdram.o
                0x0000000008003e24                BSP_SDRAM_Initialization_sequence
 .text.BSP_SDRAM_MspInit
                0x0000000008003ee4      0x1f0 ./Core/Src/stm32746g_discovery_sdram.o
                0x0000000008003ee4                BSP_SDRAM_MspInit
 .text.BSP_TS_Init
                0x00000000080040d4       0x80 ./Core/Src/stm32746g_discovery_ts.o
                0x00000000080040d4                BSP_TS_Init
 .text.BSP_TS_GetState
                0x0000000008004154      0x3ac ./Core/Src/stm32746g_discovery_ts.o
                0x0000000008004154                BSP_TS_GetState
 .text.BSP_TS_Get_GestureId
                0x0000000008004500      0x104 ./Core/Src/stm32746g_discovery_ts.o
                0x0000000008004500                BSP_TS_Get_GestureId
 .text.HAL_MspInit
                0x0000000008004604       0x50 ./Core/Src/stm32f7xx_hal_msp.o
                0x0000000008004604                HAL_MspInit
 .text.HAL_ADC_MspInit
                0x0000000008004654       0xdc ./Core/Src/stm32f7xx_hal_msp.o
                0x0000000008004654                HAL_ADC_MspInit
 .text.HAL_DAC_MspInit
                0x0000000008004730       0x90 ./Core/Src/stm32f7xx_hal_msp.o
                0x0000000008004730                HAL_DAC_MspInit
 .text.HAL_DMA2D_MspInit
                0x00000000080047c0       0x4c ./Core/Src/stm32f7xx_hal_msp.o
                0x00000000080047c0                HAL_DMA2D_MspInit
 .text.HAL_I2C_MspInit
                0x000000000800480c      0x150 ./Core/Src/stm32f7xx_hal_msp.o
                0x000000000800480c                HAL_I2C_MspInit
 .text.HAL_I2C_MspDeInit
                0x000000000800495c       0x78 ./Core/Src/stm32f7xx_hal_msp.o
                0x000000000800495c                HAL_I2C_MspDeInit
 .text.HAL_LTDC_MspInit
                0x00000000080049d4      0x190 ./Core/Src/stm32f7xx_hal_msp.o
                0x00000000080049d4                HAL_LTDC_MspInit
 .text.HAL_RNG_MspInit
                0x0000000008004b64       0x40 ./Core/Src/stm32f7xx_hal_msp.o
                0x0000000008004b64                HAL_RNG_MspInit
 .text.HAL_RTC_MspInit
                0x0000000008004ba4       0x5c ./Core/Src/stm32f7xx_hal_msp.o
                0x0000000008004ba4                HAL_RTC_MspInit
 .text.HAL_SPI_MspInit
                0x0000000008004c00       0xc4 ./Core/Src/stm32f7xx_hal_msp.o
                0x0000000008004c00                HAL_SPI_MspInit
 .text.HAL_TIM_Base_MspInit
                0x0000000008004cc4      0x124 ./Core/Src/stm32f7xx_hal_msp.o
                0x0000000008004cc4                HAL_TIM_Base_MspInit
 .text.HAL_UART_MspInit
                0x0000000008004de8      0x220 ./Core/Src/stm32f7xx_hal_msp.o
                0x0000000008004de8                HAL_UART_MspInit
 .text.HAL_FMC_MspInit
                0x0000000008005008      0x120 ./Core/Src/stm32f7xx_hal_msp.o
 .text.HAL_SDRAM_MspInit
                0x0000000008005128       0x14 ./Core/Src/stm32f7xx_hal_msp.o
                0x0000000008005128                HAL_SDRAM_MspInit
 .text.HAL_InitTick
                0x000000000800513c       0xb0 ./Core/Src/stm32f7xx_hal_timebase_tim.o
                0x000000000800513c                HAL_InitTick
 .text.NMI_Handler
                0x00000000080051ec        0x6 ./Core/Src/stm32f7xx_it.o
                0x00000000080051ec                NMI_Handler
 .text.HardFault_Handler
                0x00000000080051f2        0x6 ./Core/Src/stm32f7xx_it.o
                0x00000000080051f2                HardFault_Handler
 .text.MemManage_Handler
                0x00000000080051f8        0x6 ./Core/Src/stm32f7xx_it.o
                0x00000000080051f8                MemManage_Handler
 .text.BusFault_Handler
                0x00000000080051fe        0x6 ./Core/Src/stm32f7xx_it.o
                0x00000000080051fe                BusFault_Handler
 .text.UsageFault_Handler
                0x0000000008005204        0x6 ./Core/Src/stm32f7xx_it.o
                0x0000000008005204                UsageFault_Handler
 .text.DebugMon_Handler
                0x000000000800520a        0xe ./Core/Src/stm32f7xx_it.o
                0x000000000800520a                DebugMon_Handler
 .text.TIM6_DAC_IRQHandler
                0x0000000008005218       0x28 ./Core/Src/stm32f7xx_it.o
                0x0000000008005218                TIM6_DAC_IRQHandler
 .text.LTDC_IRQHandler
                0x0000000008005240       0x14 ./Core/Src/stm32f7xx_it.o
                0x0000000008005240                LTDC_IRQHandler
 .text.DMA2D_IRQHandler
                0x0000000008005254       0x14 ./Core/Src/stm32f7xx_it.o
                0x0000000008005254                DMA2D_IRQHandler
 .text._sbrk    0x0000000008005268       0x6c ./Core/Src/sysmem.o
                0x0000000008005268                _sbrk
 .text.SystemInit
                0x00000000080052d4       0x24 ./Core/Src/system_stm32f7xx.o
                0x00000000080052d4                SystemInit
 .text.Reset_Handler
                0x00000000080052f8       0x50 ./Core/Startup/startup_stm32f746nghx.o
                0x00000000080052f8                Reset_Handler
 .text.Default_Handler
                0x0000000008005348        0x2 ./Core/Startup/startup_stm32f746nghx.o
                0x0000000008005348                RTC_Alarm_IRQHandler
                0x0000000008005348                EXTI2_IRQHandler
                0x0000000008005348                TIM8_CC_IRQHandler
                0x0000000008005348                UART8_IRQHandler
                0x0000000008005348                SPI4_IRQHandler
                0x0000000008005348                TIM1_CC_IRQHandler
                0x0000000008005348                DMA2_Stream5_IRQHandler
                0x0000000008005348                DMA1_Stream5_IRQHandler
                0x0000000008005348                PVD_IRQHandler
                0x0000000008005348                TAMP_STAMP_IRQHandler
                0x0000000008005348                CAN2_RX1_IRQHandler
                0x0000000008005348                EXTI3_IRQHandler
                0x0000000008005348                TIM8_TRG_COM_TIM14_IRQHandler
                0x0000000008005348                TIM1_UP_TIM10_IRQHandler
                0x0000000008005348                TIM8_UP_TIM13_IRQHandler
                0x0000000008005348                I2C3_ER_IRQHandler
                0x0000000008005348                EXTI0_IRQHandler
                0x0000000008005348                I2C2_EV_IRQHandler
                0x0000000008005348                DMA1_Stream2_IRQHandler
                0x0000000008005348                CAN1_RX0_IRQHandler
                0x0000000008005348                FPU_IRQHandler
                0x0000000008005348                OTG_HS_WKUP_IRQHandler
                0x0000000008005348                LTDC_ER_IRQHandler
                0x0000000008005348                CAN2_SCE_IRQHandler
                0x0000000008005348                DMA2_Stream2_IRQHandler
                0x0000000008005348                SPI1_IRQHandler
                0x0000000008005348                TIM1_BRK_TIM9_IRQHandler
                0x0000000008005348                DCMI_IRQHandler
                0x0000000008005348                CAN2_RX0_IRQHandler
                0x0000000008005348                DMA2_Stream3_IRQHandler
                0x0000000008005348                SAI2_IRQHandler
                0x0000000008005348                USART6_IRQHandler
                0x0000000008005348                USART3_IRQHandler
                0x0000000008005348                CAN1_RX1_IRQHandler
                0x0000000008005348                UART5_IRQHandler
                0x0000000008005348                DMA2_Stream0_IRQHandler
                0x0000000008005348                TIM4_IRQHandler
                0x0000000008005348                QUADSPI_IRQHandler
                0x0000000008005348                I2C1_EV_IRQHandler
                0x0000000008005348                DMA1_Stream6_IRQHandler
                0x0000000008005348                DMA1_Stream1_IRQHandler
                0x0000000008005348                UART4_IRQHandler
                0x0000000008005348                TIM3_IRQHandler
                0x0000000008005348                RCC_IRQHandler
                0x0000000008005348                TIM8_BRK_TIM12_IRQHandler
                0x0000000008005348                Default_Handler
                0x0000000008005348                CEC_IRQHandler
                0x0000000008005348                EXTI15_10_IRQHandler
                0x0000000008005348                ADC_IRQHandler
                0x0000000008005348                DMA1_Stream7_IRQHandler
                0x0000000008005348                SPI5_IRQHandler
                0x0000000008005348                TIM7_IRQHandler
                0x0000000008005348                SDMMC1_IRQHandler
                0x0000000008005348                CAN2_TX_IRQHandler
                0x0000000008005348                TIM5_IRQHandler
                0x0000000008005348                DMA2_Stream7_IRQHandler
                0x0000000008005348                I2C3_EV_IRQHandler
                0x0000000008005348                EXTI9_5_IRQHandler
                0x0000000008005348                RTC_WKUP_IRQHandler
                0x0000000008005348                ETH_WKUP_IRQHandler
                0x0000000008005348                SPDIF_RX_IRQHandler
                0x0000000008005348                SPI2_IRQHandler
                0x0000000008005348                OTG_HS_EP1_IN_IRQHandler
                0x0000000008005348                DMA1_Stream0_IRQHandler
                0x0000000008005348                CAN1_TX_IRQHandler
                0x0000000008005348                EXTI4_IRQHandler
                0x0000000008005348                RNG_IRQHandler
                0x0000000008005348                ETH_IRQHandler
                0x0000000008005348                OTG_HS_EP1_OUT_IRQHandler
                0x0000000008005348                WWDG_IRQHandler
                0x0000000008005348                SPI6_IRQHandler
                0x0000000008005348                I2C4_EV_IRQHandler
                0x0000000008005348                TIM2_IRQHandler
                0x0000000008005348                OTG_FS_WKUP_IRQHandler
                0x0000000008005348                TIM1_TRG_COM_TIM11_IRQHandler
                0x0000000008005348                OTG_HS_IRQHandler
                0x0000000008005348                EXTI1_IRQHandler
                0x0000000008005348                UART7_IRQHandler
                0x0000000008005348                USART2_IRQHandler
                0x0000000008005348                I2C2_ER_IRQHandler
                0x0000000008005348                DMA2_Stream1_IRQHandler
                0x0000000008005348                CAN1_SCE_IRQHandler
                0x0000000008005348                FLASH_IRQHandler
                0x0000000008005348                DMA2_Stream4_IRQHandler
                0x0000000008005348                USART1_IRQHandler
                0x0000000008005348                OTG_FS_IRQHandler
                0x0000000008005348                SPI3_IRQHandler
                0x0000000008005348                DMA1_Stream4_IRQHandler
                0x0000000008005348                I2C1_ER_IRQHandler
                0x0000000008005348                FMC_IRQHandler
                0x0000000008005348                LPTIM1_IRQHandler
                0x0000000008005348                I2C4_ER_IRQHandler
                0x0000000008005348                DMA2_Stream6_IRQHandler
                0x0000000008005348                SAI1_IRQHandler
                0x0000000008005348                DMA1_Stream3_IRQHandler
 .text.HAL_Init
                0x000000000800534a       0x1a ./Drivers/STM32F7xx_HAL_Driver/Src/stm32f7xx_hal.o
                0x000000000800534a                HAL_Init
 .text.HAL_IncTick
                0x0000000008005364       0x28 ./Drivers/STM32F7xx_HAL_Driver/Src/stm32f7xx_hal.o
                0x0000000008005364                HAL_IncTick
 .text.HAL_GetTick
                0x000000000800538c       0x18 ./Drivers/STM32F7xx_HAL_Driver/Src/stm32f7xx_hal.o
                0x000000000800538c                HAL_GetTick
 .text.HAL_Delay
                0x00000000080053a4       0x48 ./Drivers/STM32F7xx_HAL_Driver/Src/stm32f7xx_hal.o
                0x00000000080053a4                HAL_Delay
 .text.HAL_ADC_Init
                0x00000000080053ec       0x88 ./Drivers/STM32F7xx_HAL_Driver/Src/stm32f7xx_hal_adc.o
                0x00000000080053ec                HAL_ADC_Init
 .text.HAL_ADC_Start
                0x0000000008005474      0x19c ./Drivers/STM32F7xx_HAL_Driver/Src/stm32f7xx_hal_adc.o
                0x0000000008005474                HAL_ADC_Start
 .text.HAL_ADC_PollForConversion
                0x0000000008005610      0x116 ./Drivers/STM32F7xx_HAL_Driver/Src/stm32f7xx_hal_adc.o
                0x0000000008005610                HAL_ADC_PollForConversion
 .text.HAL_ADC_GetValue
                0x0000000008005726       0x1a ./Drivers/STM32F7xx_HAL_Driver/Src/stm32f7xx_hal_adc.o
                0x0000000008005726                HAL_ADC_GetValue
 .text.HAL_ADC_ConfigChannel
                0x0000000008005740      0x2ac ./Drivers/STM32F7xx_HAL_Driver/Src/stm32f7xx_hal_adc.o
                0x0000000008005740                HAL_ADC_ConfigChannel
 .text.ADC_Init
                0x00000000080059ec      0x1f4 ./Drivers/STM32F7xx_HAL_Driver/Src/stm32f7xx_hal_adc.o
 .text.__NVIC_SetPriorityGrouping
                0x0000000008005be0       0x48 ./Drivers/STM32F7xx_HAL_Driver/Src/stm32f7xx_hal_cortex.o
 .text.__NVIC_GetPriorityGrouping
                0x0000000008005c28       0x1c ./Drivers/STM32F7xx_HAL_Driver/Src/stm32f7xx_hal_cortex.o
 .text.__NVIC_EnableIRQ
                0x0000000008005c44       0x3c ./Drivers/STM32F7xx_HAL_Driver/Src/stm32f7xx_hal_cortex.o
 .text.__NVIC_SetPriority
                0x0000000008005c80       0x54 ./Drivers/STM32F7xx_HAL_Driver/Src/stm32f7xx_hal_cortex.o
 .text.NVIC_EncodePriority
                0x0000000008005cd4       0x66 ./Drivers/STM32F7xx_HAL_Driver/Src/stm32f7xx_hal_cortex.o
 .text.HAL_NVIC_SetPriorityGrouping
                0x0000000008005d3a       0x16 ./Drivers/STM32F7xx_HAL_Driver/Src/stm32f7xx_hal_cortex.o
                0x0000000008005d3a                HAL_NVIC_SetPriorityGrouping
 .text.HAL_NVIC_SetPriority
                0x0000000008005d50       0x38 ./Drivers/STM32F7xx_HAL_Driver/Src/stm32f7xx_hal_cortex.o
                0x0000000008005d50                HAL_NVIC_SetPriority
 .text.HAL_NVIC_EnableIRQ
                0x0000000008005d88       0x1c ./Drivers/STM32F7xx_HAL_Driver/Src/stm32f7xx_hal_cortex.o
                0x0000000008005d88                HAL_NVIC_EnableIRQ
 .text.HAL_DAC_Init
                0x0000000008005da4       0x44 ./Drivers/STM32F7xx_HAL_Driver/Src/stm32f7xx_hal_dac.o
                0x0000000008005da4                HAL_DAC_Init
 .text.HAL_DAC_IRQHandler
                0x0000000008005de8       0xb4 ./Drivers/STM32F7xx_HAL_Driver/Src/stm32f7xx_hal_dac.o
                0x0000000008005de8                HAL_DAC_IRQHandler
 .text.HAL_DAC_DMAUnderrunCallbackCh1
                0x0000000008005e9c       0x14 ./Drivers/STM32F7xx_HAL_Driver/Src/stm32f7xx_hal_dac.o
                0x0000000008005e9c                HAL_DAC_DMAUnderrunCallbackCh1
 .text.HAL_DAC_ConfigChannel
                0x0000000008005eb0       0x9e ./Drivers/STM32F7xx_HAL_Driver/Src/stm32f7xx_hal_dac.o
                0x0000000008005eb0                HAL_DAC_ConfigChannel
 .text.HAL_DACEx_DMAUnderrunCallbackCh2
                0x0000000008005f4e       0x14 ./Drivers/STM32F7xx_HAL_Driver/Src/stm32f7xx_hal_dac_ex.o
                0x0000000008005f4e                HAL_DACEx_DMAUnderrunCallbackCh2
 *fill*         0x0000000008005f62        0x2 
 .text.HAL_DMA_Init
                0x0000000008005f64      0x15c ./Drivers/STM32F7xx_HAL_Driver/Src/stm32f7xx_hal_dma.o
                0x0000000008005f64                HAL_DMA_Init
 .text.HAL_DMA_DeInit
                0x00000000080060c0       0xbc ./Drivers/STM32F7xx_HAL_Driver/Src/stm32f7xx_hal_dma.o
                0x00000000080060c0                HAL_DMA_DeInit
 .text.DMA_CalcBaseAndBitshift
                0x000000000800617c       0x6c ./Drivers/STM32F7xx_HAL_Driver/Src/stm32f7xx_hal_dma.o
 .text.DMA_CheckFifoParam
                0x00000000080061e8       0xf8 ./Drivers/STM32F7xx_HAL_Driver/Src/stm32f7xx_hal_dma.o
 .text.HAL_DMA2D_Init
                0x00000000080062e0       0x94 ./Drivers/STM32F7xx_HAL_Driver/Src/stm32f7xx_hal_dma2d.o
                0x00000000080062e0                HAL_DMA2D_Init
 .text.HAL_DMA2D_Start
                0x0000000008006374       0x56 ./Drivers/STM32F7xx_HAL_Driver/Src/stm32f7xx_hal_dma2d.o
                0x0000000008006374                HAL_DMA2D_Start
 .text.HAL_DMA2D_PollForTransfer
                0x00000000080063ca      0x1d2 ./Drivers/STM32F7xx_HAL_Driver/Src/stm32f7xx_hal_dma2d.o
                0x00000000080063ca                HAL_DMA2D_PollForTransfer
 .text.HAL_DMA2D_IRQHandler
                0x000000000800659c      0x1f8 ./Drivers/STM32F7xx_HAL_Driver/Src/stm32f7xx_hal_dma2d.o
                0x000000000800659c                HAL_DMA2D_IRQHandler
 .text.HAL_DMA2D_LineEventCallback
                0x0000000008006794       0x14 ./Drivers/STM32F7xx_HAL_Driver/Src/stm32f7xx_hal_dma2d.o
                0x0000000008006794                HAL_DMA2D_LineEventCallback
 .text.HAL_DMA2D_CLUTLoadingCpltCallback
                0x00000000080067a8       0x14 ./Drivers/STM32F7xx_HAL_Driver/Src/stm32f7xx_hal_dma2d.o
                0x00000000080067a8                HAL_DMA2D_CLUTLoadingCpltCallback
 .text.HAL_DMA2D_ConfigLayer
                0x00000000080067bc      0x124 ./Drivers/STM32F7xx_HAL_Driver/Src/stm32f7xx_hal_dma2d.o
                0x00000000080067bc                HAL_DMA2D_ConfigLayer
 .text.DMA2D_SetConfig
                0x00000000080068e0      0x138 ./Drivers/STM32F7xx_HAL_Driver/Src/stm32f7xx_hal_dma2d.o
 .text.HAL_GPIO_Init
                0x0000000008006a18      0x358 ./Drivers/STM32F7xx_HAL_Driver/Src/stm32f7xx_hal_gpio.o
                0x0000000008006a18                HAL_GPIO_Init
 .text.HAL_GPIO_DeInit
                0x0000000008006d70      0x218 ./Drivers/STM32F7xx_HAL_Driver/Src/stm32f7xx_hal_gpio.o
                0x0000000008006d70                HAL_GPIO_DeInit
 .text.HAL_GPIO_ReadPin
                0x0000000008006f88       0x30 ./Drivers/STM32F7xx_HAL_Driver/Src/stm32f7xx_hal_gpio.o
                0x0000000008006f88                HAL_GPIO_ReadPin
 .text.HAL_GPIO_WritePin
                0x0000000008006fb8       0x32 ./Drivers/STM32F7xx_HAL_Driver/Src/stm32f7xx_hal_gpio.o
                0x0000000008006fb8                HAL_GPIO_WritePin
 .text.HAL_GPIO_TogglePin
                0x0000000008006fea       0x34 ./Drivers/STM32F7xx_HAL_Driver/Src/stm32f7xx_hal_gpio.o
                0x0000000008006fea                HAL_GPIO_TogglePin
 *fill*         0x000000000800701e        0x2 
 .text.HAL_I2C_Init
                0x0000000008007020      0x120 ./Drivers/STM32F7xx_HAL_Driver/Src/stm32f7xx_hal_i2c.o
                0x0000000008007020                HAL_I2C_Init
 .text.HAL_I2C_DeInit
                0x0000000008007140       0x5e ./Drivers/STM32F7xx_HAL_Driver/Src/stm32f7xx_hal_i2c.o
                0x0000000008007140                HAL_I2C_DeInit
 *fill*         0x000000000800719e        0x2 
 .text.HAL_I2C_Mem_Write
                0x00000000080071a0      0x228 ./Drivers/STM32F7xx_HAL_Driver/Src/stm32f7xx_hal_i2c.o
                0x00000000080071a0                HAL_I2C_Mem_Write
 .text.HAL_I2C_Mem_Read
                0x00000000080073c8      0x234 ./Drivers/STM32F7xx_HAL_Driver/Src/stm32f7xx_hal_i2c.o
                0x00000000080073c8                HAL_I2C_Mem_Read
 .text.HAL_I2C_GetState
                0x00000000080075fc       0x1c ./Drivers/STM32F7xx_HAL_Driver/Src/stm32f7xx_hal_i2c.o
                0x00000000080075fc                HAL_I2C_GetState
 .text.I2C_RequestMemoryWrite
                0x0000000008007618       0xa8 ./Drivers/STM32F7xx_HAL_Driver/Src/stm32f7xx_hal_i2c.o
 .text.I2C_RequestMemoryRead
                0x00000000080076c0       0xa8 ./Drivers/STM32F7xx_HAL_Driver/Src/stm32f7xx_hal_i2c.o
 .text.I2C_Flush_TXDR
                0x0000000008007768       0x48 ./Drivers/STM32F7xx_HAL_Driver/Src/stm32f7xx_hal_i2c.o
 .text.I2C_WaitOnFlagUntilTimeout
                0x00000000080077b0       0x80 ./Drivers/STM32F7xx_HAL_Driver/Src/stm32f7xx_hal_i2c.o
 .text.I2C_WaitOnTXISFlagUntilTimeout
                0x0000000008007830       0x80 ./Drivers/STM32F7xx_HAL_Driver/Src/stm32f7xx_hal_i2c.o
 .text.I2C_WaitOnSTOPFlagUntilTimeout
                0x00000000080078b0       0x78 ./Drivers/STM32F7xx_HAL_Driver/Src/stm32f7xx_hal_i2c.o
 .text.I2C_IsErrorOccurred
                0x0000000008007928      0x1d8 ./Drivers/STM32F7xx_HAL_Driver/Src/stm32f7xx_hal_i2c.o
 .text.I2C_TransferConfig
                0x0000000008007b00       0x64 ./Drivers/STM32F7xx_HAL_Driver/Src/stm32f7xx_hal_i2c.o
 .text.HAL_I2CEx_ConfigAnalogFilter
                0x0000000008007b64       0x96 ./Drivers/STM32F7xx_HAL_Driver/Src/stm32f7xx_hal_i2c_ex.o
                0x0000000008007b64                HAL_I2CEx_ConfigAnalogFilter
 .text.HAL_I2CEx_ConfigDigitalFilter
                0x0000000008007bfa       0x98 ./Drivers/STM32F7xx_HAL_Driver/Src/stm32f7xx_hal_i2c_ex.o
                0x0000000008007bfa                HAL_I2CEx_ConfigDigitalFilter
 *fill*         0x0000000008007c92        0x2 
 .text.HAL_LTDC_Init
                0x0000000008007c94      0x1a0 ./Drivers/STM32F7xx_HAL_Driver/Src/stm32f7xx_hal_ltdc.o
                0x0000000008007c94                HAL_LTDC_Init
 .text.HAL_LTDC_IRQHandler
                0x0000000008007e34      0x148 ./Drivers/STM32F7xx_HAL_Driver/Src/stm32f7xx_hal_ltdc.o
                0x0000000008007e34                HAL_LTDC_IRQHandler
 .text.HAL_LTDC_ErrorCallback
                0x0000000008007f7c       0x14 ./Drivers/STM32F7xx_HAL_Driver/Src/stm32f7xx_hal_ltdc.o
                0x0000000008007f7c                HAL_LTDC_ErrorCallback
 .text.HAL_LTDC_LineEventCallback
                0x0000000008007f90       0x14 ./Drivers/STM32F7xx_HAL_Driver/Src/stm32f7xx_hal_ltdc.o
                0x0000000008007f90                HAL_LTDC_LineEventCallback
 .text.HAL_LTDC_ReloadEventCallback
                0x0000000008007fa4       0x14 ./Drivers/STM32F7xx_HAL_Driver/Src/stm32f7xx_hal_ltdc.o
                0x0000000008007fa4                HAL_LTDC_ReloadEventCallback
 .text.HAL_LTDC_ConfigLayer
                0x0000000008007fb8       0x7c ./Drivers/STM32F7xx_HAL_Driver/Src/stm32f7xx_hal_ltdc.o
                0x0000000008007fb8                HAL_LTDC_ConfigLayer
 .text.HAL_LTDC_GetState
                0x0000000008008034       0x1c ./Drivers/STM32F7xx_HAL_Driver/Src/stm32f7xx_hal_ltdc.o
                0x0000000008008034                HAL_LTDC_GetState
 .text.LTDC_SetConfig
                0x0000000008008050      0x334 ./Drivers/STM32F7xx_HAL_Driver/Src/stm32f7xx_hal_ltdc.o
 .text.HAL_PWR_EnableBkUpAccess
                0x0000000008008384       0x20 ./Drivers/STM32F7xx_HAL_Driver/Src/stm32f7xx_hal_pwr.o
                0x0000000008008384                HAL_PWR_EnableBkUpAccess
 .text.HAL_PWREx_EnableOverDrive
                0x00000000080083a4       0xa0 ./Drivers/STM32F7xx_HAL_Driver/Src/stm32f7xx_hal_pwr_ex.o
                0x00000000080083a4                HAL_PWREx_EnableOverDrive
 .text.HAL_RCC_OscConfig
                0x0000000008008444      0x548 ./Drivers/STM32F7xx_HAL_Driver/Src/stm32f7xx_hal_rcc.o
                0x0000000008008444                HAL_RCC_OscConfig
 .text.HAL_RCC_ClockConfig
                0x000000000800898c      0x1d8 ./Drivers/STM32F7xx_HAL_Driver/Src/stm32f7xx_hal_rcc.o
                0x000000000800898c                HAL_RCC_ClockConfig
 .text.HAL_RCC_GetSysClockFreq
                0x0000000008008b64      0x16c ./Drivers/STM32F7xx_HAL_Driver/Src/stm32f7xx_hal_rcc.o
                0x0000000008008b64                HAL_RCC_GetSysClockFreq
 .text.HAL_RCC_GetHCLKFreq
                0x0000000008008cd0       0x18 ./Drivers/STM32F7xx_HAL_Driver/Src/stm32f7xx_hal_rcc.o
                0x0000000008008cd0                HAL_RCC_GetHCLKFreq
 .text.HAL_RCC_GetPCLK1Freq
                0x0000000008008ce8       0x28 ./Drivers/STM32F7xx_HAL_Driver/Src/stm32f7xx_hal_rcc.o
                0x0000000008008ce8                HAL_RCC_GetPCLK1Freq
 .text.HAL_RCC_GetPCLK2Freq
                0x0000000008008d10       0x28 ./Drivers/STM32F7xx_HAL_Driver/Src/stm32f7xx_hal_rcc.o
                0x0000000008008d10                HAL_RCC_GetPCLK2Freq
 .text.HAL_RCC_GetClockConfig
                0x0000000008008d38       0x64 ./Drivers/STM32F7xx_HAL_Driver/Src/stm32f7xx_hal_rcc.o
                0x0000000008008d38                HAL_RCC_GetClockConfig
 .text.HAL_RCCEx_PeriphCLKConfig
                0x0000000008008d9c      0x7e0 ./Drivers/STM32F7xx_HAL_Driver/Src/stm32f7xx_hal_rcc_ex.o
                0x0000000008008d9c                HAL_RCCEx_PeriphCLKConfig
 .text.HAL_RNG_Init
                0x000000000800957c       0x54 ./Drivers/STM32F7xx_HAL_Driver/Src/stm32f7xx_hal_rng.o
                0x000000000800957c                HAL_RNG_Init
 .text.HAL_RNG_GenerateRandomNumber
                0x00000000080095d0       0xac ./Drivers/STM32F7xx_HAL_Driver/Src/stm32f7xx_hal_rng.o
                0x00000000080095d0                HAL_RNG_GenerateRandomNumber
 .text.HAL_RTC_Init
                0x000000000800967c      0x124 ./Drivers/STM32F7xx_HAL_Driver/Src/stm32f7xx_hal_rtc.o
                0x000000000800967c                HAL_RTC_Init
 .text.HAL_RTC_SetTime
                0x00000000080097a0      0x17c ./Drivers/STM32F7xx_HAL_Driver/Src/stm32f7xx_hal_rtc.o
                0x00000000080097a0                HAL_RTC_SetTime
 .text.HAL_RTC_GetTime
                0x000000000800991c       0xbc ./Drivers/STM32F7xx_HAL_Driver/Src/stm32f7xx_hal_rtc.o
                0x000000000800991c                HAL_RTC_GetTime
 .text.HAL_RTC_SetDate
                0x00000000080099d8      0x150 ./Drivers/STM32F7xx_HAL_Driver/Src/stm32f7xx_hal_rtc.o
                0x00000000080099d8                HAL_RTC_SetDate
 .text.HAL_RTC_GetDate
                0x0000000008009b28       0xa0 ./Drivers/STM32F7xx_HAL_Driver/Src/stm32f7xx_hal_rtc.o
                0x0000000008009b28                HAL_RTC_GetDate
 .text.HAL_RTC_SetAlarm
                0x0000000008009bc8      0x230 ./Drivers/STM32F7xx_HAL_Driver/Src/stm32f7xx_hal_rtc.o
                0x0000000008009bc8                HAL_RTC_SetAlarm
 .text.HAL_RTC_WaitForSynchro
                0x0000000008009df8       0x50 ./Drivers/STM32F7xx_HAL_Driver/Src/stm32f7xx_hal_rtc.o
                0x0000000008009df8                HAL_RTC_WaitForSynchro
 .text.RTC_EnterInitMode
                0x0000000008009e48       0x58 ./Drivers/STM32F7xx_HAL_Driver/Src/stm32f7xx_hal_rtc.o
                0x0000000008009e48                RTC_EnterInitMode
 .text.RTC_ByteToBcd2
                0x0000000008009ea0       0x3c ./Drivers/STM32F7xx_HAL_Driver/Src/stm32f7xx_hal_rtc.o
                0x0000000008009ea0                RTC_ByteToBcd2
 .text.RTC_Bcd2ToByte
                0x0000000008009edc       0x3c ./Drivers/STM32F7xx_HAL_Driver/Src/stm32f7xx_hal_rtc.o
                0x0000000008009edc                RTC_Bcd2ToByte
 .text.HAL_RTCEx_SetTimeStamp
                0x0000000008009f18       0xac ./Drivers/STM32F7xx_HAL_Driver/Src/stm32f7xx_hal_rtc_ex.o
                0x0000000008009f18                HAL_RTCEx_SetTimeStamp
 .text.HAL_SDRAM_Init
                0x0000000008009fc4       0x68 ./Drivers/STM32F7xx_HAL_Driver/Src/stm32f7xx_hal_sdram.o
                0x0000000008009fc4                HAL_SDRAM_Init
 .text.HAL_SDRAM_SendCommand
                0x000000000800a02c       0x6a ./Drivers/STM32F7xx_HAL_Driver/Src/stm32f7xx_hal_sdram.o
                0x000000000800a02c                HAL_SDRAM_SendCommand
 .text.HAL_SDRAM_ProgramRefreshRate
                0x000000000800a096       0x50 ./Drivers/STM32F7xx_HAL_Driver/Src/stm32f7xx_hal_sdram.o
                0x000000000800a096                HAL_SDRAM_ProgramRefreshRate
 .text.HAL_SPI_Init
                0x000000000800a0e6      0x156 ./Drivers/STM32F7xx_HAL_Driver/Src/stm32f7xx_hal_spi.o
                0x000000000800a0e6                HAL_SPI_Init
 .text.HAL_TIM_Base_Init
                0x000000000800a23c       0xae ./Drivers/STM32F7xx_HAL_Driver/Src/stm32f7xx_hal_tim.o
                0x000000000800a23c                HAL_TIM_Base_Init
 *fill*         0x000000000800a2ea        0x2 
 .text.HAL_TIM_Base_Start_IT
                0x000000000800a2ec       0xf0 ./Drivers/STM32F7xx_HAL_Driver/Src/stm32f7xx_hal_tim.o
                0x000000000800a2ec                HAL_TIM_Base_Start_IT
 .text.HAL_TIM_IRQHandler
                0x000000000800a3dc      0x23e ./Drivers/STM32F7xx_HAL_Driver/Src/stm32f7xx_hal_tim.o
                0x000000000800a3dc                HAL_TIM_IRQHandler
 *fill*         0x000000000800a61a        0x2 
 .text.HAL_TIM_ConfigClockSource
                0x000000000800a61c      0x194 ./Drivers/STM32F7xx_HAL_Driver/Src/stm32f7xx_hal_tim.o
                0x000000000800a61c                HAL_TIM_ConfigClockSource
 .text.HAL_TIM_OC_DelayElapsedCallback
                0x000000000800a7b0       0x14 ./Drivers/STM32F7xx_HAL_Driver/Src/stm32f7xx_hal_tim.o
                0x000000000800a7b0                HAL_TIM_OC_DelayElapsedCallback
 .text.HAL_TIM_IC_CaptureCallback
                0x000000000800a7c4       0x14 ./Drivers/STM32F7xx_HAL_Driver/Src/stm32f7xx_hal_tim.o
                0x000000000800a7c4                HAL_TIM_IC_CaptureCallback
 .text.HAL_TIM_PWM_PulseFinishedCallback
                0x000000000800a7d8       0x14 ./Drivers/STM32F7xx_HAL_Driver/Src/stm32f7xx_hal_tim.o
                0x000000000800a7d8                HAL_TIM_PWM_PulseFinishedCallback
 .text.HAL_TIM_TriggerCallback
                0x000000000800a7ec       0x14 ./Drivers/STM32F7xx_HAL_Driver/Src/stm32f7xx_hal_tim.o
                0x000000000800a7ec                HAL_TIM_TriggerCallback
 .text.TIM_Base_SetConfig
                0x000000000800a800      0x140 ./Drivers/STM32F7xx_HAL_Driver/Src/stm32f7xx_hal_tim.o
                0x000000000800a800                TIM_Base_SetConfig
 .text.TIM_TI1_ConfigInputStage
                0x000000000800a940       0x5e ./Drivers/STM32F7xx_HAL_Driver/Src/stm32f7xx_hal_tim.o
 .text.TIM_TI2_ConfigInputStage
                0x000000000800a99e       0x60 ./Drivers/STM32F7xx_HAL_Driver/Src/stm32f7xx_hal_tim.o
 .text.TIM_ITRx_SetConfig
                0x000000000800a9fe       0x36 ./Drivers/STM32F7xx_HAL_Driver/Src/stm32f7xx_hal_tim.o
 .text.TIM_ETR_SetConfig
                0x000000000800aa34       0x40 ./Drivers/STM32F7xx_HAL_Driver/Src/stm32f7xx_hal_tim.o
                0x000000000800aa34                TIM_ETR_SetConfig
 .text.HAL_TIMEx_MasterConfigSynchronization
                0x000000000800aa74      0x11c ./Drivers/STM32F7xx_HAL_Driver/Src/stm32f7xx_hal_tim_ex.o
                0x000000000800aa74                HAL_TIMEx_MasterConfigSynchronization
 .text.HAL_TIMEx_CommutCallback
                0x000000000800ab90       0x14 ./Drivers/STM32F7xx_HAL_Driver/Src/stm32f7xx_hal_tim_ex.o
                0x000000000800ab90                HAL_TIMEx_CommutCallback
 .text.HAL_TIMEx_BreakCallback
                0x000000000800aba4       0x14 ./Drivers/STM32F7xx_HAL_Driver/Src/stm32f7xx_hal_tim_ex.o
                0x000000000800aba4                HAL_TIMEx_BreakCallback
 .text.HAL_TIMEx_Break2Callback
                0x000000000800abb8       0x14 ./Drivers/STM32F7xx_HAL_Driver/Src/stm32f7xx_hal_tim_ex.o
                0x000000000800abb8                HAL_TIMEx_Break2Callback
 .text.HAL_UART_Init
                0x000000000800abcc       0x9c ./Drivers/STM32F7xx_HAL_Driver/Src/stm32f7xx_hal_uart.o
                0x000000000800abcc                HAL_UART_Init
 .text.HAL_UART_Transmit
                0x000000000800ac68      0x126 ./Drivers/STM32F7xx_HAL_Driver/Src/stm32f7xx_hal_uart.o
                0x000000000800ac68                HAL_UART_Transmit
 .text.HAL_UART_Receive
                0x000000000800ad8e      0x1a0 ./Drivers/STM32F7xx_HAL_Driver/Src/stm32f7xx_hal_uart.o
                0x000000000800ad8e                HAL_UART_Receive
 *fill*         0x000000000800af2e        0x2 
 .text.UART_SetConfig
                0x000000000800af30      0x4c4 ./Drivers/STM32F7xx_HAL_Driver/Src/stm32f7xx_hal_uart.o
                0x000000000800af30                UART_SetConfig
 .text.UART_AdvFeatureConfig
                0x000000000800b3f4      0x144 ./Drivers/STM32F7xx_HAL_Driver/Src/stm32f7xx_hal_uart.o
                0x000000000800b3f4                UART_AdvFeatureConfig
 .text.UART_CheckIdleState
                0x000000000800b538       0x66 ./Drivers/STM32F7xx_HAL_Driver/Src/stm32f7xx_hal_uart.o
                0x000000000800b538                UART_CheckIdleState
 .text.UART_WaitOnFlagUntilTimeout
                0x000000000800b59e      0x188 ./Drivers/STM32F7xx_HAL_Driver/Src/stm32f7xx_hal_uart.o
                0x000000000800b59e                UART_WaitOnFlagUntilTimeout
 *fill*         0x000000000800b726        0x2 
 .text.FMC_SDRAM_Init
                0x000000000800b728       0xb8 ./Drivers/STM32F7xx_HAL_Driver/Src/stm32f7xx_ll_fmc.o
                0x000000000800b728                FMC_SDRAM_Init
 .text.FMC_SDRAM_Timing_Init
                0x000000000800b7e0       0xd4 ./Drivers/STM32F7xx_HAL_Driver/Src/stm32f7xx_ll_fmc.o
                0x000000000800b7e0                FMC_SDRAM_Timing_Init
 .text.FMC_SDRAM_SendCommand
                0x000000000800b8b4       0x48 ./Drivers/STM32F7xx_HAL_Driver/Src/stm32f7xx_ll_fmc.o
                0x000000000800b8b4                FMC_SDRAM_SendCommand
 .text.FMC_SDRAM_ProgramRefreshRate
                0x000000000800b8fc       0x30 ./Drivers/STM32F7xx_HAL_Driver/Src/stm32f7xx_ll_fmc.o
                0x000000000800b8fc                FMC_SDRAM_ProgramRefreshRate
 .text.makeFreeRtosPriority
                0x000000000800b92c       0x30 ./Middlewares/Third_Party/FreeRTOS/Source/CMSIS_RTOS/cmsis_os.o
 .text.inHandlerMode
                0x000000000800b95c       0x24 ./Middlewares/Third_Party/FreeRTOS/Source/CMSIS_RTOS/cmsis_os.o
 .text.osKernelStart
                0x000000000800b980        0xe ./Middlewares/Third_Party/FreeRTOS/Source/CMSIS_RTOS/cmsis_os.o
                0x000000000800b980                osKernelStart
 .text.osThreadCreate
                0x000000000800b98e       0x98 ./Middlewares/Third_Party/FreeRTOS/Source/CMSIS_RTOS/cmsis_os.o
                0x000000000800b98e                osThreadCreate
 .text.osDelay  0x000000000800ba26       0x28 ./Middlewares/Third_Party/FreeRTOS/Source/CMSIS_RTOS/cmsis_os.o
                0x000000000800ba26                osDelay
 *fill*         0x000000000800ba4e        0x2 
 .text.osTimerCreate
                0x000000000800ba50       0x68 ./Middlewares/Third_Party/FreeRTOS/Source/CMSIS_RTOS/cmsis_os.o
                0x000000000800ba50                osTimerCreate
 .text.osTimerStart
                0x000000000800bab8       0x88 ./Middlewares/Third_Party/FreeRTOS/Source/CMSIS_RTOS/cmsis_os.o
                0x000000000800bab8                osTimerStart
 .text.osMutexCreate
                0x000000000800bb40       0x30 ./Middlewares/Third_Party/FreeRTOS/Source/CMSIS_RTOS/cmsis_os.o
                0x000000000800bb40                osMutexCreate
 .text.osMessageCreate
                0x000000000800bb70       0x50 ./Middlewares/Third_Party/FreeRTOS/Source/CMSIS_RTOS/cmsis_os.o
                0x000000000800bb70                osMessageCreate
 .text.vListInitialise
                0x000000000800bbc0       0x40 ./Middlewares/Third_Party/FreeRTOS/Source/list.o
                0x000000000800bbc0                vListInitialise
 .text.vListInitialiseItem
                0x000000000800bc00       0x1a ./Middlewares/Third_Party/FreeRTOS/Source/list.o
                0x000000000800bc00                vListInitialiseItem
 .text.vListInsertEnd
                0x000000000800bc1a       0x48 ./Middlewares/Third_Party/FreeRTOS/Source/list.o
                0x000000000800bc1a                vListInsertEnd
 .text.vListInsert
                0x000000000800bc62       0x72 ./Middlewares/Third_Party/FreeRTOS/Source/list.o
                0x000000000800bc62                vListInsert
 .text.uxListRemove
                0x000000000800bcd4       0x54 ./Middlewares/Third_Party/FreeRTOS/Source/list.o
                0x000000000800bcd4                uxListRemove
 .text.xQueueGenericReset
                0x000000000800bd28       0xd4 ./Middlewares/Third_Party/FreeRTOS/Source/queue.o
                0x000000000800bd28                xQueueGenericReset
 .text.xQueueGenericCreateStatic
                0x000000000800bdfc      0x104 ./Middlewares/Third_Party/FreeRTOS/Source/queue.o
                0x000000000800bdfc                xQueueGenericCreateStatic
 .text.xQueueGenericCreate
                0x000000000800bf00       0x84 ./Middlewares/Third_Party/FreeRTOS/Source/queue.o
                0x000000000800bf00                xQueueGenericCreate
 .text.prvInitialiseNewQueue
                0x000000000800bf84       0x3e ./Middlewares/Third_Party/FreeRTOS/Source/queue.o
 .text.prvInitialiseMutex
                0x000000000800bfc2       0x34 ./Middlewares/Third_Party/FreeRTOS/Source/queue.o
 .text.xQueueCreateMutex
                0x000000000800bff6       0x30 ./Middlewares/Third_Party/FreeRTOS/Source/queue.o
                0x000000000800bff6                xQueueCreateMutex
 .text.xQueueCreateMutexStatic
                0x000000000800c026       0x36 ./Middlewares/Third_Party/FreeRTOS/Source/queue.o
                0x000000000800c026                xQueueCreateMutexStatic
 .text.xQueueGenericSend
                0x000000000800c05c      0x20c ./Middlewares/Third_Party/FreeRTOS/Source/queue.o
                0x000000000800c05c                xQueueGenericSend
 .text.xQueueGenericSendFromISR
                0x000000000800c268      0x140 ./Middlewares/Third_Party/FreeRTOS/Source/queue.o
                0x000000000800c268                xQueueGenericSendFromISR
 .text.xQueueReceive
                0x000000000800c3a8      0x1cc ./Middlewares/Third_Party/FreeRTOS/Source/queue.o
                0x000000000800c3a8                xQueueReceive
 .text.xQueueSemaphoreTake
                0x000000000800c574      0x228 ./Middlewares/Third_Party/FreeRTOS/Source/queue.o
                0x000000000800c574                xQueueSemaphoreTake
 .text.prvGetDisinheritPriorityAfterTimeout
                0x000000000800c79c       0x30 ./Middlewares/Third_Party/FreeRTOS/Source/queue.o
 .text.prvCopyDataToQueue
                0x000000000800c7cc       0xd4 ./Middlewares/Third_Party/FreeRTOS/Source/queue.o
 .text.prvCopyDataFromQueue
                0x000000000800c8a0       0x4c ./Middlewares/Third_Party/FreeRTOS/Source/queue.o
 .text.prvUnlockQueue
                0x000000000800c8ec       0xa4 ./Middlewares/Third_Party/FreeRTOS/Source/queue.o
 .text.prvIsQueueEmpty
                0x000000000800c990       0x2c ./Middlewares/Third_Party/FreeRTOS/Source/queue.o
 .text.prvIsQueueFull
                0x000000000800c9bc       0x30 ./Middlewares/Third_Party/FreeRTOS/Source/queue.o
 .text.vQueueAddToRegistry
                0x000000000800c9ec       0x54 ./Middlewares/Third_Party/FreeRTOS/Source/queue.o
                0x000000000800c9ec                vQueueAddToRegistry
 .text.vQueueWaitForMessageRestricted
                0x000000000800ca40       0x68 ./Middlewares/Third_Party/FreeRTOS/Source/queue.o
                0x000000000800ca40                vQueueWaitForMessageRestricted
 .text.xTaskCreateStatic
                0x000000000800caa8       0xc6 ./Middlewares/Third_Party/FreeRTOS/Source/tasks.o
                0x000000000800caa8                xTaskCreateStatic
 .text.xTaskCreate
                0x000000000800cb6e       0x8a ./Middlewares/Third_Party/FreeRTOS/Source/tasks.o
                0x000000000800cb6e                xTaskCreate
 .text.prvInitialiseNewTask
                0x000000000800cbf8      0x140 ./Middlewares/Third_Party/FreeRTOS/Source/tasks.o
 .text.prvAddNewTaskToReadyList
                0x000000000800cd38       0xd4 ./Middlewares/Third_Party/FreeRTOS/Source/tasks.o
 .text.vTaskDelete
                0x000000000800ce0c      0x124 ./Middlewares/Third_Party/FreeRTOS/Source/tasks.o
                0x000000000800ce0c                vTaskDelete
 .text.vTaskDelay
                0x000000000800cf30       0x6c ./Middlewares/Third_Party/FreeRTOS/Source/tasks.o
                0x000000000800cf30                vTaskDelay
 .text.vTaskStartScheduler
                0x000000000800cf9c       0xe8 ./Middlewares/Third_Party/FreeRTOS/Source/tasks.o
                0x000000000800cf9c                vTaskStartScheduler
 .text.vTaskSuspendAll
                0x000000000800d084       0x1c ./Middlewares/Third_Party/FreeRTOS/Source/tasks.o
                0x000000000800d084                vTaskSuspendAll
 .text.xTaskResumeAll
                0x000000000800d0a0      0x13c ./Middlewares/Third_Party/FreeRTOS/Source/tasks.o
                0x000000000800d0a0                xTaskResumeAll
 .text.xTaskGetTickCount
                0x000000000800d1dc       0x20 ./Middlewares/Third_Party/FreeRTOS/Source/tasks.o
                0x000000000800d1dc                xTaskGetTickCount
 .text.xTaskIncrementTick
                0x000000000800d1fc      0x174 ./Middlewares/Third_Party/FreeRTOS/Source/tasks.o
                0x000000000800d1fc                xTaskIncrementTick
 .text.vTaskSwitchContext
                0x000000000800d370       0xc8 ./Middlewares/Third_Party/FreeRTOS/Source/tasks.o
                0x000000000800d370                vTaskSwitchContext
 .text.vTaskPlaceOnEventList
                0x000000000800d438       0x4c ./Middlewares/Third_Party/FreeRTOS/Source/tasks.o
                0x000000000800d438                vTaskPlaceOnEventList
 .text.vTaskPlaceOnEventListRestricted
                0x000000000800d484       0x5c ./Middlewares/Third_Party/FreeRTOS/Source/tasks.o
                0x000000000800d484                vTaskPlaceOnEventListRestricted
 .text.xTaskRemoveFromEventList
                0x000000000800d4e0       0xc8 ./Middlewares/Third_Party/FreeRTOS/Source/tasks.o
                0x000000000800d4e0                xTaskRemoveFromEventList
 .text.vTaskInternalSetTimeOutState
                0x000000000800d5a8       0x2c ./Middlewares/Third_Party/FreeRTOS/Source/tasks.o
                0x000000000800d5a8                vTaskInternalSetTimeOutState
 .text.xTaskCheckForTimeOut
                0x000000000800d5d4       0xcc ./Middlewares/Third_Party/FreeRTOS/Source/tasks.o
                0x000000000800d5d4                xTaskCheckForTimeOut
 .text.vTaskMissedYield
                0x000000000800d6a0       0x18 ./Middlewares/Third_Party/FreeRTOS/Source/tasks.o
                0x000000000800d6a0                vTaskMissedYield
 .text.prvIdleTask
                0x000000000800d6b8       0x30 ./Middlewares/Third_Party/FreeRTOS/Source/tasks.o
 .text.prvInitialiseTaskLists
                0x000000000800d6e8       0x80 ./Middlewares/Third_Party/FreeRTOS/Source/tasks.o
 .text.prvCheckTasksWaitingTermination
                0x000000000800d768       0x5c ./Middlewares/Third_Party/FreeRTOS/Source/tasks.o
 .text.prvDeleteTCB
                0x000000000800d7c4       0x6c ./Middlewares/Third_Party/FreeRTOS/Source/tasks.o
 .text.prvResetNextTaskUnblockTime
                0x000000000800d830       0x40 ./Middlewares/Third_Party/FreeRTOS/Source/tasks.o
 .text.xTaskGetSchedulerState
                0x000000000800d870       0x3c ./Middlewares/Third_Party/FreeRTOS/Source/tasks.o
                0x000000000800d870                xTaskGetSchedulerState
 .text.xTaskPriorityInherit
                0x000000000800d8ac      0x100 ./Middlewares/Third_Party/FreeRTOS/Source/tasks.o
                0x000000000800d8ac                xTaskPriorityInherit
 .text.xTaskPriorityDisinherit
                0x000000000800d9ac      0x114 ./Middlewares/Third_Party/FreeRTOS/Source/tasks.o
                0x000000000800d9ac                xTaskPriorityDisinherit
 .text.vTaskPriorityDisinheritAfterTimeout
                0x000000000800dac0      0x13c ./Middlewares/Third_Party/FreeRTOS/Source/tasks.o
                0x000000000800dac0                vTaskPriorityDisinheritAfterTimeout
 .text.pvTaskIncrementMutexHeldCount
                0x000000000800dbfc       0x28 ./Middlewares/Third_Party/FreeRTOS/Source/tasks.o
                0x000000000800dbfc                pvTaskIncrementMutexHeldCount
 .text.prvAddCurrentTaskToDelayedList
                0x000000000800dc24       0xcc ./Middlewares/Third_Party/FreeRTOS/Source/tasks.o
 .text.xTimerCreateTimerTask
                0x000000000800dcf0       0x94 ./Middlewares/Third_Party/FreeRTOS/Source/timers.o
                0x000000000800dcf0                xTimerCreateTimerTask
 .text.xTimerCreate
                0x000000000800dd84       0x42 ./Middlewares/Third_Party/FreeRTOS/Source/timers.o
                0x000000000800dd84                xTimerCreate
 .text.xTimerCreateStatic
                0x000000000800ddc6       0x84 ./Middlewares/Third_Party/FreeRTOS/Source/timers.o
                0x000000000800ddc6                xTimerCreateStatic
 .text.prvInitialiseNewTimer
                0x000000000800de4a       0x7a ./Middlewares/Third_Party/FreeRTOS/Source/timers.o
 .text.xTimerGenericCommand
                0x000000000800dec4       0xa0 ./Middlewares/Third_Party/FreeRTOS/Source/timers.o
                0x000000000800dec4                xTimerGenericCommand
 .text.prvProcessExpiredTimer
                0x000000000800df64       0x9c ./Middlewares/Third_Party/FreeRTOS/Source/timers.o
 .text.prvTimerTask
                0x000000000800e000       0x24 ./Middlewares/Third_Party/FreeRTOS/Source/timers.o
 .text.prvProcessTimerOrBlockTask
                0x000000000800e024       0x9c ./Middlewares/Third_Party/FreeRTOS/Source/timers.o
 .text.prvGetNextExpireTime
                0x000000000800e0c0       0x48 ./Middlewares/Third_Party/FreeRTOS/Source/timers.o
 .text.prvSampleTimeNow
                0x000000000800e108       0x40 ./Middlewares/Third_Party/FreeRTOS/Source/timers.o
 .text.prvInsertTimerInActiveList
                0x000000000800e148       0x84 ./Middlewares/Third_Party/FreeRTOS/Source/timers.o
 .text.prvProcessReceivedCommands
                0x000000000800e1cc      0x194 ./Middlewares/Third_Party/FreeRTOS/Source/timers.o
 .text.prvSwitchTimerLists
                0x000000000800e360       0xcc ./Middlewares/Third_Party/FreeRTOS/Source/timers.o
 .text.prvCheckForValidListAndQueue
                0x000000000800e42c       0x80 ./Middlewares/Third_Party/FreeRTOS/Source/timers.o
 .text.pxPortInitialiseStack
                0x000000000800e4ac       0x68 ./Middlewares/Third_Party/FreeRTOS/Source/portable/GCC/ARM_CM7/r0p1/port.o
                0x000000000800e4ac                pxPortInitialiseStack
 .text.prvTaskExitError
                0x000000000800e514       0x60 ./Middlewares/Third_Party/FreeRTOS/Source/portable/GCC/ARM_CM7/r0p1/port.o
 *fill*         0x000000000800e574        0xc 
 .text.SVC_Handler
                0x000000000800e580       0x28 ./Middlewares/Third_Party/FreeRTOS/Source/portable/GCC/ARM_CM7/r0p1/port.o
                0x000000000800e580                SVC_Handler
 .text.prvPortStartFirstTask
                0x000000000800e5a8       0x28 ./Middlewares/Third_Party/FreeRTOS/Source/portable/GCC/ARM_CM7/r0p1/port.o
 .text.xPortStartScheduler
                0x000000000800e5d0       0xfc ./Middlewares/Third_Party/FreeRTOS/Source/portable/GCC/ARM_CM7/r0p1/port.o
                0x000000000800e5d0                xPortStartScheduler
 .text.vPortEnterCritical
                0x000000000800e6cc       0x68 ./Middlewares/Third_Party/FreeRTOS/Source/portable/GCC/ARM_CM7/r0p1/port.o
                0x000000000800e6cc                vPortEnterCritical
 .text.vPortExitCritical
                0x000000000800e734       0x58 ./Middlewares/Third_Party/FreeRTOS/Source/portable/GCC/ARM_CM7/r0p1/port.o
                0x000000000800e734                vPortExitCritical
 *fill*         0x000000000800e78c        0x4 
 .text.PendSV_Handler
                0x000000000800e790       0x68 ./Middlewares/Third_Party/FreeRTOS/Source/portable/GCC/ARM_CM7/r0p1/port.o
                0x000000000800e790                PendSV_Handler
 .text.SysTick_Handler
                0x000000000800e7f8       0x48 ./Middlewares/Third_Party/FreeRTOS/Source/portable/GCC/ARM_CM7/r0p1/port.o
                0x000000000800e7f8                SysTick_Handler
 .text.vPortSetupTimerInterrupt
                0x000000000800e840       0x48 ./Middlewares/Third_Party/FreeRTOS/Source/portable/GCC/ARM_CM7/r0p1/port.o
                0x000000000800e840                vPortSetupTimerInterrupt
 .text.vPortEnableVFP
                0x000000000800e888       0x14 ./Middlewares/Third_Party/FreeRTOS/Source/portable/GCC/ARM_CM7/r0p1/port.o
 .text.vPortValidateInterruptPriority
                0x000000000800e89c       0x88 ./Middlewares/Third_Party/FreeRTOS/Source/portable/GCC/ARM_CM7/r0p1/port.o
                0x000000000800e89c                vPortValidateInterruptPriority
 .text.pvPortMalloc
                0x000000000800e924      0x194 ./Middlewares/Third_Party/FreeRTOS/Source/portable/MemMang/heap_4.o
                0x000000000800e924                pvPortMalloc
 .text.vPortFree
                0x000000000800eab8       0xbc ./Middlewares/Third_Party/FreeRTOS/Source/portable/MemMang/heap_4.o
                0x000000000800eab8                vPortFree
 .text.prvHeapInit
                0x000000000800eb74       0xc4 ./Middlewares/Third_Party/FreeRTOS/Source/portable/MemMang/heap_4.o
 .text.prvInsertBlockIntoFreeList
                0x000000000800ec38       0xb4 ./Middlewares/Third_Party/FreeRTOS/Source/portable/MemMang/heap_4.o
 .text.__errno  0x000000000800ecec        0xc /opt/st/stm32cubeide_1.8.0/plugins/com.st.stm32cube.ide.mcu.externaltools.gnu-tools-for-stm32.9-2020-q2-update.linux64_2.0.0.202105311346/tools/bin/../lib/gcc/arm-none-eabi/9.3.1/../../../../arm-none-eabi/lib/thumb/v7e-m+fp/hard/libc_nano.a(lib_a-errno.o)
                0x000000000800ecec                __errno
 .text.__libc_init_array
                0x000000000800ecf8       0x48 /opt/st/stm32cubeide_1.8.0/plugins/com.st.stm32cube.ide.mcu.externaltools.gnu-tools-for-stm32.9-2020-q2-update.linux64_2.0.0.202105311346/tools/bin/../lib/gcc/arm-none-eabi/9.3.1/../../../../arm-none-eabi/lib/thumb/v7e-m+fp/hard/libc_nano.a(lib_a-init.o)
                0x000000000800ecf8                __libc_init_array
 .text.__retarget_lock_acquire_recursive
                0x000000000800ed40        0x2 /opt/st/stm32cubeide_1.8.0/plugins/com.st.stm32cube.ide.mcu.externaltools.gnu-tools-for-stm32.9-2020-q2-update.linux64_2.0.0.202105311346/tools/bin/../lib/gcc/arm-none-eabi/9.3.1/../../../../arm-none-eabi/lib/thumb/v7e-m+fp/hard/libc_nano.a(lib_a-lock.o)
                0x000000000800ed40                __retarget_lock_acquire_recursive
 .text.__retarget_lock_release_recursive
                0x000000000800ed42        0x2 /opt/st/stm32cubeide_1.8.0/plugins/com.st.stm32cube.ide.mcu.externaltools.gnu-tools-for-stm32.9-2020-q2-update.linux64_2.0.0.202105311346/tools/bin/../lib/gcc/arm-none-eabi/9.3.1/../../../../arm-none-eabi/lib/thumb/v7e-m+fp/hard/libc_nano.a(lib_a-lock.o)
                0x000000000800ed42                __retarget_lock_release_recursive
 .text.memcpy   0x000000000800ed44       0x1c /opt/st/stm32cubeide_1.8.0/plugins/com.st.stm32cube.ide.mcu.externaltools.gnu-tools-for-stm32.9-2020-q2-update.linux64_2.0.0.202105311346/tools/bin/../lib/gcc/arm-none-eabi/9.3.1/../../../../arm-none-eabi/lib/thumb/v7e-m+fp/hard/libc_nano.a(lib_a-memcpy-stub.o)
                0x000000000800ed44                memcpy
 .text.memset   0x000000000800ed60       0x10 /opt/st/stm32cubeide_1.8.0/plugins/com.st.stm32cube.ide.mcu.externaltools.gnu-tools-for-stm32.9-2020-q2-update.linux64_2.0.0.202105311346/tools/bin/../lib/gcc/arm-none-eabi/9.3.1/../../../../arm-none-eabi/lib/thumb/v7e-m+fp/hard/libc_nano.a(lib_a-memset.o)
                0x000000000800ed60                memset
 .text._malloc_r
                0x000000000800ed70       0xb4 /opt/st/stm32cubeide_1.8.0/plugins/com.st.stm32cube.ide.mcu.externaltools.gnu-tools-for-stm32.9-2020-q2-update.linux64_2.0.0.202105311346/tools/bin/../lib/gcc/arm-none-eabi/9.3.1/../../../../arm-none-eabi/lib/thumb/v7e-m+fp/hard/libc_nano.a(lib_a-nano-mallocr.o)
                0x000000000800ed70                _malloc_r
 .text.cleanup_glue
                0x000000000800ee24       0x1a /opt/st/stm32cubeide_1.8.0/plugins/com.st.stm32cube.ide.mcu.externaltools.gnu-tools-for-stm32.9-2020-q2-update.linux64_2.0.0.202105311346/tools/bin/../lib/gcc/arm-none-eabi/9.3.1/../../../../arm-none-eabi/lib/thumb/v7e-m+fp/hard/libc_nano.a(lib_a-reent.o)
                0x000000000800ee24                cleanup_glue
 *fill*         0x000000000800ee3e        0x2 
 .text._reclaim_reent
                0x000000000800ee40       0xb8 /opt/st/stm32cubeide_1.8.0/plugins/com.st.stm32cube.ide.mcu.externaltools.gnu-tools-for-stm32.9-2020-q2-update.linux64_2.0.0.202105311346/tools/bin/../lib/gcc/arm-none-eabi/9.3.1/../../../../arm-none-eabi/lib/thumb/v7e-m+fp/hard/libc_nano.a(lib_a-reent.o)
                0x000000000800ee40                _reclaim_reent
 .text._sbrk_r  0x000000000800eef8       0x20 /opt/st/stm32cubeide_1.8.0/plugins/com.st.stm32cube.ide.mcu.externaltools.gnu-tools-for-stm32.9-2020-q2-update.linux64_2.0.0.202105311346/tools/bin/../lib/gcc/arm-none-eabi/9.3.1/../../../../arm-none-eabi/lib/thumb/v7e-m+fp/hard/libc_nano.a(lib_a-sbrkr.o)
                0x000000000800eef8                _sbrk_r
 .text.sprintf  0x000000000800ef18       0x40 /opt/st/stm32cubeide_1.8.0/plugins/com.st.stm32cube.ide.mcu.externaltools.gnu-tools-for-stm32.9-2020-q2-update.linux64_2.0.0.202105311346/tools/bin/../lib/gcc/arm-none-eabi/9.3.1/../../../../arm-none-eabi/lib/thumb/v7e-m+fp/hard/libc_nano.a(lib_a-sprintf.o)
                0x000000000800ef18                sprintf
                0x000000000800ef18                siprintf
 .text.__malloc_lock
                0x000000000800ef58        0xc /opt/st/stm32cubeide_1.8.0/plugins/com.st.stm32cube.ide.mcu.externaltools.gnu-tools-for-stm32.9-2020-q2-update.linux64_2.0.0.202105311346/tools/bin/../lib/gcc/arm-none-eabi/9.3.1/../../../../arm-none-eabi/lib/thumb/v7e-m+fp/hard/libc_nano.a(lib_a-mlock.o)
                0x000000000800ef58                __malloc_lock
 .text.__malloc_unlock
                0x000000000800ef64        0xc /opt/st/stm32cubeide_1.8.0/plugins/com.st.stm32cube.ide.mcu.externaltools.gnu-tools-for-stm32.9-2020-q2-update.linux64_2.0.0.202105311346/tools/bin/../lib/gcc/arm-none-eabi/9.3.1/../../../../arm-none-eabi/lib/thumb/v7e-m+fp/hard/libc_nano.a(lib_a-mlock.o)
                0x000000000800ef64                __malloc_unlock
 .text._free_r  0x000000000800ef70       0xa0 /opt/st/stm32cubeide_1.8.0/plugins/com.st.stm32cube.ide.mcu.externaltools.gnu-tools-for-stm32.9-2020-q2-update.linux64_2.0.0.202105311346/tools/bin/../lib/gcc/arm-none-eabi/9.3.1/../../../../arm-none-eabi/lib/thumb/v7e-m+fp/hard/libc_nano.a(lib_a-nano-freer.o)
                0x000000000800ef70                _free_r
 .text.__ssputs_r
                0x000000000800f010       0xb6 /opt/st/stm32cubeide_1.8.0/plugins/com.st.stm32cube.ide.mcu.externaltools.gnu-tools-for-stm32.9-2020-q2-update.linux64_2.0.0.202105311346/tools/bin/../lib/gcc/arm-none-eabi/9.3.1/../../../../arm-none-eabi/lib/thumb/v7e-m+fp/hard/libc_nano.a(lib_a-nano-svfprintf.o)
                0x000000000800f010                __ssputs_r
 *fill*         0x000000000800f0c6        0x2 
 .text._svfprintf_r
                0x000000000800f0c8      0x200 /opt/st/stm32cubeide_1.8.0/plugins/com.st.stm32cube.ide.mcu.externaltools.gnu-tools-for-stm32.9-2020-q2-update.linux64_2.0.0.202105311346/tools/bin/../lib/gcc/arm-none-eabi/9.3.1/../../../../arm-none-eabi/lib/thumb/v7e-m+fp/hard/libc_nano.a(lib_a-nano-svfprintf.o)
                0x000000000800f0c8                _svfprintf_r
                0x000000000800f0c8                _svfiprintf_r
 .text._printf_common
                0x000000000800f2c8       0xda /opt/st/stm32cubeide_1.8.0/plugins/com.st.stm32cube.ide.mcu.externaltools.gnu-tools-for-stm32.9-2020-q2-update.linux64_2.0.0.202105311346/tools/bin/../lib/gcc/arm-none-eabi/9.3.1/../../../../arm-none-eabi/lib/thumb/v7e-m+fp/hard/libc_nano.a(lib_a-nano-vfprintf_i.o)
                0x000000000800f2c8                _printf_common
 *fill*         0x000000000800f3a2        0x2 
 .text._printf_i
                0x000000000800f3a4      0x24c /opt/st/stm32cubeide_1.8.0/plugins/com.st.stm32cube.ide.mcu.externaltools.gnu-tools-for-stm32.9-2020-q2-update.linux64_2.0.0.202105311346/tools/bin/../lib/gcc/arm-none-eabi/9.3.1/../../../../arm-none-eabi/lib/thumb/v7e-m+fp/hard/libc_nano.a(lib_a-nano-vfprintf_i.o)
                0x000000000800f3a4                _printf_i
 .text.memmove  0x000000000800f5f0       0x34 /opt/st/stm32cubeide_1.8.0/plugins/com.st.stm32cube.ide.mcu.externaltools.gnu-tools-for-stm32.9-2020-q2-update.linux64_2.0.0.202105311346/tools/bin/../lib/gcc/arm-none-eabi/9.3.1/../../../../arm-none-eabi/lib/thumb/v7e-m+fp/hard/libc_nano.a(lib_a-memmove.o)
                0x000000000800f5f0                memmove
 .text._realloc_r
                0x000000000800f624       0x4c /opt/st/stm32cubeide_1.8.0/plugins/com.st.stm32cube.ide.mcu.externaltools.gnu-tools-for-stm32.9-2020-q2-update.linux64_2.0.0.202105311346/tools/bin/../lib/gcc/arm-none-eabi/9.3.1/../../../../arm-none-eabi/lib/thumb/v7e-m+fp/hard/libc_nano.a(lib_a-nano-reallocr.o)
                0x000000000800f624                _realloc_r
 .text._malloc_usable_size_r
                0x000000000800f670       0x10 /opt/st/stm32cubeide_1.8.0/plugins/com.st.stm32cube.ide.mcu.externaltools.gnu-tools-for-stm32.9-2020-q2-update.linux64_2.0.0.202105311346/tools/bin/../lib/gcc/arm-none-eabi/9.3.1/../../../../arm-none-eabi/lib/thumb/v7e-m+fp/hard/libc_nano.a(lib_a-nano-msizer.o)
                0x000000000800f670                _malloc_usable_size_r
 *(.glue_7)
 .glue_7        0x000000000800f680        0x0 linker stubs
 *(.glue_7t)
 .glue_7t       0x000000000800f680        0x0 linker stubs
 *(.eh_frame)
 .eh_frame      0x000000000800f680        0x0 /opt/st/stm32cubeide_1.8.0/plugins/com.st.stm32cube.ide.mcu.externaltools.gnu-tools-for-stm32.9-2020-q2-update.linux64_2.0.0.202105311346/tools/bin/../lib/gcc/arm-none-eabi/9.3.1/thumb/v7e-m+fp/hard/crtbegin.o
 *(.init)
 .init          0x000000000800f680        0x4 /opt/st/stm32cubeide_1.8.0/plugins/com.st.stm32cube.ide.mcu.externaltools.gnu-tools-for-stm32.9-2020-q2-update.linux64_2.0.0.202105311346/tools/bin/../lib/gcc/arm-none-eabi/9.3.1/thumb/v7e-m+fp/hard/crti.o
                0x000000000800f680                _init
 .init          0x000000000800f684        0x8 /opt/st/stm32cubeide_1.8.0/plugins/com.st.stm32cube.ide.mcu.externaltools.gnu-tools-for-stm32.9-2020-q2-update.linux64_2.0.0.202105311346/tools/bin/../lib/gcc/arm-none-eabi/9.3.1/thumb/v7e-m+fp/hard/crtn.o
 *(.fini)
 .fini          0x000000000800f68c        0x4 /opt/st/stm32cubeide_1.8.0/plugins/com.st.stm32cube.ide.mcu.externaltools.gnu-tools-for-stm32.9-2020-q2-update.linux64_2.0.0.202105311346/tools/bin/../lib/gcc/arm-none-eabi/9.3.1/thumb/v7e-m+fp/hard/crti.o
                0x000000000800f68c                _fini
 .fini          0x000000000800f690        0x8 /opt/st/stm32cubeide_1.8.0/plugins/com.st.stm32cube.ide.mcu.externaltools.gnu-tools-for-stm32.9-2020-q2-update.linux64_2.0.0.202105311346/tools/bin/../lib/gcc/arm-none-eabi/9.3.1/thumb/v7e-m+fp/hard/crtn.o
                0x000000000800f698                . = ALIGN (0x4)
                0x000000000800f698                _etext = .

.vfp11_veneer   0x000000000800f698        0x0
 .vfp11_veneer  0x000000000800f698        0x0 linker stubs

.v4_bx          0x000000000800f698        0x0
 .v4_bx         0x000000000800f698        0x0 linker stubs

.iplt           0x000000000800f698        0x0
 .iplt          0x000000000800f698        0x0 /opt/st/stm32cubeide_1.8.0/plugins/com.st.stm32cube.ide.mcu.externaltools.gnu-tools-for-stm32.9-2020-q2-update.linux64_2.0.0.202105311346/tools/bin/../lib/gcc/arm-none-eabi/9.3.1/thumb/v7e-m+fp/hard/crtbegin.o

.rodata         0x000000000800f698     0x30f4
                0x000000000800f698                . = ALIGN (0x4)
 *(.rodata)
 .rodata        0x000000000800f698      0x1cf ./Core/Src/main.o
 *fill*         0x000000000800f867        0x1 
 .rodata        0x000000000800f868        0x1 ./Middlewares/Third_Party/FreeRTOS/Source/CMSIS_RTOS/cmsis_os.o
 *fill*         0x000000000800f869        0x3 
 .rodata        0x000000000800f86c        0x5 ./Middlewares/Third_Party/FreeRTOS/Source/tasks.o
 *fill*         0x000000000800f871        0x3 
 .rodata        0x000000000800f874        0xd ./Middlewares/Third_Party/FreeRTOS/Source/timers.o
 *(.rodata*)
 *fill*         0x000000000800f881        0x3 
 .rodata.Amongus_bmp
                0x000000000800f884      0x792 ./Core/Src/main.o
                0x000000000800f884                Amongus_bmp
 *fill*         0x0000000008010016        0x2 
 .rodata.Block_bmp
                0x0000000008010018      0x792 ./Core/Src/main.o
                0x0000000008010018                Block_bmp
 *fill*         0x00000000080107aa        0x2 
 .rodata.Font24_Table
                0x00000000080107ac     0x1ab8 ./Core/Src/stm32746g_discovery_lcd.o
                0x00000000080107ac                Font24_Table
 .rodata.Font12_Table
                0x0000000008012264      0x474 ./Core/Src/stm32746g_discovery_lcd.o
                0x0000000008012264                Font12_Table
 .rodata.AHBPrescTable
                0x00000000080126d8       0x10 ./Core/Src/system_stm32f7xx.o
                0x00000000080126d8                AHBPrescTable
 .rodata.APBPrescTable
                0x00000000080126e8        0x8 ./Core/Src/system_stm32f7xx.o
                0x00000000080126e8                APBPrescTable
 .rodata.flagBitshiftOffset.10145
                0x00000000080126f0        0x8 ./Drivers/STM32F7xx_HAL_Driver/Src/stm32f7xx_hal_dma.o
 .rodata.__sf_fake_stderr
                0x00000000080126f8       0x20 /opt/st/stm32cubeide_1.8.0/plugins/com.st.stm32cube.ide.mcu.externaltools.gnu-tools-for-stm32.9-2020-q2-update.linux64_2.0.0.202105311346/tools/bin/../lib/gcc/arm-none-eabi/9.3.1/../../../../arm-none-eabi/lib/thumb/v7e-m+fp/hard/libc_nano.a(lib_a-findfp.o)
                0x00000000080126f8                __sf_fake_stderr
 .rodata.__sf_fake_stdin
                0x0000000008012718       0x20 /opt/st/stm32cubeide_1.8.0/plugins/com.st.stm32cube.ide.mcu.externaltools.gnu-tools-for-stm32.9-2020-q2-update.linux64_2.0.0.202105311346/tools/bin/../lib/gcc/arm-none-eabi/9.3.1/../../../../arm-none-eabi/lib/thumb/v7e-m+fp/hard/libc_nano.a(lib_a-findfp.o)
                0x0000000008012718                __sf_fake_stdin
 .rodata.__sf_fake_stdout
                0x0000000008012738       0x20 /opt/st/stm32cubeide_1.8.0/plugins/com.st.stm32cube.ide.mcu.externaltools.gnu-tools-for-stm32.9-2020-q2-update.linux64_2.0.0.202105311346/tools/bin/../lib/gcc/arm-none-eabi/9.3.1/../../../../arm-none-eabi/lib/thumb/v7e-m+fp/hard/libc_nano.a(lib_a-findfp.o)
                0x0000000008012738                __sf_fake_stdout
 .rodata._svfprintf_r.str1.1
                0x0000000008012758       0x11 /opt/st/stm32cubeide_1.8.0/plugins/com.st.stm32cube.ide.mcu.externaltools.gnu-tools-for-stm32.9-2020-q2-update.linux64_2.0.0.202105311346/tools/bin/../lib/gcc/arm-none-eabi/9.3.1/../../../../arm-none-eabi/lib/thumb/v7e-m+fp/hard/libc_nano.a(lib_a-nano-svfprintf.o)
 .rodata._printf_i.str1.1
                0x0000000008012769       0x22 /opt/st/stm32cubeide_1.8.0/plugins/com.st.stm32cube.ide.mcu.externaltools.gnu-tools-for-stm32.9-2020-q2-update.linux64_2.0.0.202105311346/tools/bin/../lib/gcc/arm-none-eabi/9.3.1/../../../../arm-none-eabi/lib/thumb/v7e-m+fp/hard/libc_nano.a(lib_a-nano-vfprintf_i.o)
                0x000000000801278c                . = ALIGN (0x4)
 *fill*         0x000000000801278b        0x1 

.ARM.extab      0x000000000801278c        0x0
                0x000000000801278c                . = ALIGN (0x4)
 *(.ARM.extab* .gnu.linkonce.armextab.*)
                0x000000000801278c                . = ALIGN (0x4)

.ARM            0x000000000801278c        0x8
                0x000000000801278c                . = ALIGN (0x4)
                0x000000000801278c                __exidx_start = .
 *(.ARM.exidx*)
 .ARM.exidx     0x000000000801278c        0x8 /opt/st/stm32cubeide_1.8.0/plugins/com.st.stm32cube.ide.mcu.externaltools.gnu-tools-for-stm32.9-2020-q2-update.linux64_2.0.0.202105311346/tools/bin/../lib/gcc/arm-none-eabi/9.3.1/thumb/v7e-m+fp/hard/libgcc.a(_udivmoddi4.o)
                0x0000000008012794                __exidx_end = .
                0x0000000008012794                . = ALIGN (0x4)

.rel.dyn        0x0000000008012794        0x0
 .rel.iplt      0x0000000008012794        0x0 /opt/st/stm32cubeide_1.8.0/plugins/com.st.stm32cube.ide.mcu.externaltools.gnu-tools-for-stm32.9-2020-q2-update.linux64_2.0.0.202105311346/tools/bin/../lib/gcc/arm-none-eabi/9.3.1/thumb/v7e-m+fp/hard/crtbegin.o

.preinit_array  0x0000000008012794        0x0
                0x0000000008012794                . = ALIGN (0x4)
                0x0000000008012794                PROVIDE (__preinit_array_start = .)
 *(.preinit_array*)
                0x0000000008012794                PROVIDE (__preinit_array_end = .)
                0x0000000008012794                . = ALIGN (0x4)

.init_array     0x0000000008012794        0x4
                0x0000000008012794                . = ALIGN (0x4)
                0x0000000008012794                PROVIDE (__init_array_start = .)
 *(SORT_BY_NAME(.init_array.*))
 *(.init_array*)
 .init_array    0x0000000008012794        0x4 /opt/st/stm32cubeide_1.8.0/plugins/com.st.stm32cube.ide.mcu.externaltools.gnu-tools-for-stm32.9-2020-q2-update.linux64_2.0.0.202105311346/tools/bin/../lib/gcc/arm-none-eabi/9.3.1/thumb/v7e-m+fp/hard/crtbegin.o
                0x0000000008012798                PROVIDE (__init_array_end = .)
                0x0000000008012798                . = ALIGN (0x4)

.fini_array     0x0000000008012798        0x4
                0x0000000008012798                . = ALIGN (0x4)
                [!provide]                        PROVIDE (__fini_array_start = .)
 *(SORT_BY_NAME(.fini_array.*))
 *(.fini_array*)
 .fini_array    0x0000000008012798        0x4 /opt/st/stm32cubeide_1.8.0/plugins/com.st.stm32cube.ide.mcu.externaltools.gnu-tools-for-stm32.9-2020-q2-update.linux64_2.0.0.202105311346/tools/bin/../lib/gcc/arm-none-eabi/9.3.1/thumb/v7e-m+fp/hard/crtbegin.o
                [!provide]                        PROVIDE (__fini_array_end = .)
                0x000000000801279c                . = ALIGN (0x4)
                0x000000000801279c                _sidata = LOADADDR (.data)

.data           0x0000000020000000       0xb4 load address 0x000000000801279c
                0x0000000020000000                . = ALIGN (0x4)
                0x0000000020000000                _sdata = .
 *(.data)
 *(.data*)
 .data.ft5336_ts_drv
                0x0000000020000000       0x28 ./Core/Src/ft5336.o
                0x0000000020000000                ft5336_ts_drv
 .data.ligne.12635
                0x0000000020000028        0x1 ./Core/Src/main.o
 *fill*         0x0000000020000029        0x3 
 .data.Font24   0x000000002000002c        0x8 ./Core/Src/stm32746g_discovery_lcd.o
                0x000000002000002c                Font24
 .data.Font12   0x0000000020000034        0x8 ./Core/Src/stm32746g_discovery_lcd.o
                0x0000000020000034                Font12
 .data.sdramstatus.10061
                0x000000002000003c        0x1 ./Core/Src/stm32746g_discovery_sdram.o
 *fill*         0x000000002000003d        0x3 
 .data.SystemCoreClock
                0x0000000020000040        0x4 ./Core/Src/system_stm32f7xx.o
                0x0000000020000040                SystemCoreClock
 .data.uwTickPrio
                0x0000000020000044        0x4 ./Drivers/STM32F7xx_HAL_Driver/Src/stm32f7xx_hal.o
                0x0000000020000044                uwTickPrio
 .data.uwTickFreq
                0x0000000020000048        0x1 ./Drivers/STM32F7xx_HAL_Driver/Src/stm32f7xx_hal.o
                0x0000000020000048                uwTickFreq
 *fill*         0x0000000020000049        0x3 
 .data.uxCriticalNesting
                0x000000002000004c        0x4 ./Middlewares/Third_Party/FreeRTOS/Source/portable/GCC/ARM_CM7/r0p1/port.o
 .data._impure_ptr
                0x0000000020000050        0x4 /opt/st/stm32cubeide_1.8.0/plugins/com.st.stm32cube.ide.mcu.externaltools.gnu-tools-for-stm32.9-2020-q2-update.linux64_2.0.0.202105311346/tools/bin/../lib/gcc/arm-none-eabi/9.3.1/../../../../arm-none-eabi/lib/thumb/v7e-m+fp/hard/libc_nano.a(lib_a-impure.o)
                0x0000000020000050                _impure_ptr
 .data.impure_data
                0x0000000020000054       0x60 /opt/st/stm32cubeide_1.8.0/plugins/com.st.stm32cube.ide.mcu.externaltools.gnu-tools-for-stm32.9-2020-q2-update.linux64_2.0.0.202105311346/tools/bin/../lib/gcc/arm-none-eabi/9.3.1/../../../../arm-none-eabi/lib/thumb/v7e-m+fp/hard/libc_nano.a(lib_a-impure.o)
 *(.RamFunc)
 *(.RamFunc*)
                0x00000000200000b4                . = ALIGN (0x4)
                0x00000000200000b4                _edata = .

.igot.plt       0x00000000200000b4        0x0 load address 0x0000000008012850
 .igot.plt      0x00000000200000b4        0x0 /opt/st/stm32cubeide_1.8.0/plugins/com.st.stm32cube.ide.mcu.externaltools.gnu-tools-for-stm32.9-2020-q2-update.linux64_2.0.0.202105311346/tools/bin/../lib/gcc/arm-none-eabi/9.3.1/thumb/v7e-m+fp/hard/crtbegin.o
                0x00000000200000b4                . = ALIGN (0x4)

.bss            0x00000000200000b4     0x8ba0 load address 0x0000000008012850
                0x00000000200000b4                _sbss = .
                0x00000000200000b4                __bss_start__ = _sbss
 *(.bss)
 .bss           0x00000000200000b4       0x1c /opt/st/stm32cubeide_1.8.0/plugins/com.st.stm32cube.ide.mcu.externaltools.gnu-tools-for-stm32.9-2020-q2-update.linux64_2.0.0.202105311346/tools/bin/../lib/gcc/arm-none-eabi/9.3.1/thumb/v7e-m+fp/hard/crtbegin.o
 *(.bss*)
 .bss.xIdleTaskTCBBuffer
                0x00000000200000d0       0xb4 ./Core/Src/freertos.o
 .bss.xIdleStack
                0x0000000020000184      0x200 ./Core/Src/freertos.o
 .bss.xTimerTaskTCBBuffer
                0x0000000020000384       0xb4 ./Core/Src/freertos.o
 .bss.xTimerStack
                0x0000000020000438      0x400 ./Core/Src/freertos.o
 .bss.ft5336_handle
                0x0000000020000838        0x3 ./Core/Src/ft5336.o
 *fill*         0x000000002000083b        0x1 
 .bss.coord.5659
                0x000000002000083c        0x2 ./Core/Src/ft5336.o
 *fill*         0x000000002000083e        0x2 
 .bss.TS_State.12437
                0x0000000020000840       0x2c ./Core/Src/main.o
 .bss.hI2cAudioHandler
                0x000000002000086c       0x4c ./Core/Src/stm32746g_discovery.o
 .bss.hDma2dHandler
                0x00000000200008b8       0x40 ./Core/Src/stm32746g_discovery_lcd.o
 .bss.ActiveLayer
                0x00000000200008f8        0x4 ./Core/Src/stm32746g_discovery_lcd.o
 .bss.DrawProp  0x00000000200008fc       0x18 ./Core/Src/stm32746g_discovery_lcd.o
 .bss.periph_clk_init_struct.10648
                0x0000000020000914       0x84 ./Core/Src/stm32746g_discovery_lcd.o
 .bss.Timing    0x0000000020000998       0x1c ./Core/Src/stm32746g_discovery_sdram.o
 .bss.Command   0x00000000200009b4       0x10 ./Core/Src/stm32746g_discovery_sdram.o
 .bss.dma_handle.10097
                0x00000000200009c4       0x60 ./Core/Src/stm32746g_discovery_sdram.o
 .bss.tsDriver  0x0000000020000a24        0x4 ./Core/Src/stm32746g_discovery_ts.o
 .bss.tsXBoundary
                0x0000000020000a28        0x2 ./Core/Src/stm32746g_discovery_ts.o
 .bss.tsYBoundary
                0x0000000020000a2a        0x2 ./Core/Src/stm32746g_discovery_ts.o
 .bss.tsOrientation
                0x0000000020000a2c        0x1 ./Core/Src/stm32746g_discovery_ts.o
 .bss.I2cAddress
                0x0000000020000a2d        0x1 ./Core/Src/stm32746g_discovery_ts.o
 *fill*         0x0000000020000a2e        0x2 
 .bss._x.10213  0x0000000020000a30       0x14 ./Core/Src/stm32746g_discovery_ts.o
 .bss._y.10214  0x0000000020000a44       0x14 ./Core/Src/stm32746g_discovery_ts.o
 .bss.FMC_Initialized