Archive member included to satisfy reference by file (symbol)

/opt/st/stm32cubeide_1.8.0/plugins/com.st.stm32cube.ide.mcu.externaltools.gnu-tools-for-stm32.9-2020-q2-update.linux64_2.0.0.202105311346/tools/bin/../lib/gcc/arm-none-eabi/9.3.1/../../../../arm-none-eabi/lib/thumb/v7e-m+fp/hard/libc_nano.a(lib_a-errno.o)
                              ./Core/Src/syscalls.o (__errno)
/opt/st/stm32cubeide_1.8.0/plugins/com.st.stm32cube.ide.mcu.externaltools.gnu-tools-for-stm32.9-2020-q2-update.linux64_2.0.0.202105311346/tools/bin/../lib/gcc/arm-none-eabi/9.3.1/../../../../arm-none-eabi/lib/thumb/v7e-m+fp/hard/libc_nano.a(lib_a-exit.o)
                              /opt/st/stm32cubeide_1.8.0/plugins/com.st.stm32cube.ide.mcu.externaltools.gnu-tools-for-stm32.9-2020-q2-update.linux64_2.0.0.202105311346/tools/bin/../lib/gcc/arm-none-eabi/9.3.1/../../../../arm-none-eabi/lib/thumb/v7e-m+fp/hard/crt0.o (exit)
/opt/st/stm32cubeide_1.8.0/plugins/com.st.stm32cube.ide.mcu.externaltools.gnu-tools-for-stm32.9-2020-q2-update.linux64_2.0.0.202105311346/tools/bin/../lib/gcc/arm-none-eabi/9.3.1/../../../../arm-none-eabi/lib/thumb/v7e-m+fp/hard/libc_nano.a(lib_a-findfp.o)
                              ./Middlewares/Third_Party/FreeRTOS/Source/tasks.o (__sf_fake_stderr)
/opt/st/stm32cubeide_1.8.0/plugins/com.st.stm32cube.ide.mcu.externaltools.gnu-tools-for-stm32.9-2020-q2-update.linux64_2.0.0.202105311346/tools/bin/../lib/gcc/arm-none-eabi/9.3.1/../../../../arm-none-eabi/lib/thumb/v7e-m+fp/hard/libc_nano.a(lib_a-fwalk.o)
                              /opt/st/stm32cubeide_1.8.0/plugins/com.st.stm32cube.ide.mcu.externaltools.gnu-tools-for-stm32.9-2020-q2-update.linux64_2.0.0.202105311346/tools/bin/../lib/gcc/arm-none-eabi/9.3.1/../../../../arm-none-eabi/lib/thumb/v7e-m+fp/hard/libc_nano.a(lib_a-findfp.o) (_fwalk)
/opt/st/stm32cubeide_1.8.0/plugins/com.st.stm32cube.ide.mcu.externaltools.gnu-tools-for-stm32.9-2020-q2-update.linux64_2.0.0.202105311346/tools/bin/../lib/gcc/arm-none-eabi/9.3.1/../../../../arm-none-eabi/lib/thumb/v7e-m+fp/hard/libc_nano.a(lib_a-impure.o)
                              /opt/st/stm32cubeide_1.8.0/plugins/com.st.stm32cube.ide.mcu.externaltools.gnu-tools-for-stm32.9-2020-q2-update.linux64_2.0.0.202105311346/tools/bin/../lib/gcc/arm-none-eabi/9.3.1/../../../../arm-none-eabi/lib/thumb/v7e-m+fp/hard/libc_nano.a(lib_a-exit.o) (_global_impure_ptr)
/opt/st/stm32cubeide_1.8.0/plugins/com.st.stm32cube.ide.mcu.externaltools.gnu-tools-for-stm32.9-2020-q2-update.linux64_2.0.0.202105311346/tools/bin/../lib/gcc/arm-none-eabi/9.3.1/../../../../arm-none-eabi/lib/thumb/v7e-m+fp/hard/libc_nano.a(lib_a-init.o)
                              /opt/st/stm32cubeide_1.8.0/plugins/com.st.stm32cube.ide.mcu.externaltools.gnu-tools-for-stm32.9-2020-q2-update.linux64_2.0.0.202105311346/tools/bin/../lib/gcc/arm-none-eabi/9.3.1/../../../../arm-none-eabi/lib/thumb/v7e-m+fp/hard/crt0.o (__libc_init_array)
/opt/st/stm32cubeide_1.8.0/plugins/com.st.stm32cube.ide.mcu.externaltools.gnu-tools-for-stm32.9-2020-q2-update.linux64_2.0.0.202105311346/tools/bin/../lib/gcc/arm-none-eabi/9.3.1/../../../../arm-none-eabi/lib/thumb/v7e-m+fp/hard/libc_nano.a(lib_a-lock.o)
                              /opt/st/stm32cubeide_1.8.0/plugins/com.st.stm32cube.ide.mcu.externaltools.gnu-tools-for-stm32.9-2020-q2-update.linux64_2.0.0.202105311346/tools/bin/../lib/gcc/arm-none-eabi/9.3.1/../../../../arm-none-eabi/lib/thumb/v7e-m+fp/hard/libc_nano.a(lib_a-findfp.o) (__retarget_lock_init_recursive)
/opt/st/stm32cubeide_1.8.0/plugins/com.st.stm32cube.ide.mcu.externaltools.gnu-tools-for-stm32.9-2020-q2-update.linux64_2.0.0.202105311346/tools/bin/../lib/gcc/arm-none-eabi/9.3.1/../../../../arm-none-eabi/lib/thumb/v7e-m+fp/hard/libc_nano.a(lib_a-memcpy-stub.o)
                              ./Middlewares/Third_Party/FreeRTOS/Source/queue.o (memcpy)
/opt/st/stm32cubeide_1.8.0/plugins/com.st.stm32cube.ide.mcu.externaltools.gnu-tools-for-stm32.9-2020-q2-update.linux64_2.0.0.202105311346/tools/bin/../lib/gcc/arm-none-eabi/9.3.1/../../../../arm-none-eabi/lib/thumb/v7e-m+fp/hard/libc_nano.a(lib_a-memset.o)
                              /opt/st/stm32cubeide_1.8.0/plugins/com.st.stm32cube.ide.mcu.externaltools.gnu-tools-for-stm32.9-2020-q2-update.linux64_2.0.0.202105311346/tools/bin/../lib/gcc/arm-none-eabi/9.3.1/../../../../arm-none-eabi/lib/thumb/v7e-m+fp/hard/crt0.o (memset)
/opt/st/stm32cubeide_1.8.0/plugins/com.st.stm32cube.ide.mcu.externaltools.gnu-tools-for-stm32.9-2020-q2-update.linux64_2.0.0.202105311346/tools/bin/../lib/gcc/arm-none-eabi/9.3.1/../../../../arm-none-eabi/lib/thumb/v7e-m+fp/hard/libc_nano.a(lib_a-nano-mallocr.o)
                              /opt/st/stm32cubeide_1.8.0/plugins/com.st.stm32cube.ide.mcu.externaltools.gnu-tools-for-stm32.9-2020-q2-update.linux64_2.0.0.202105311346/tools/bin/../lib/gcc/arm-none-eabi/9.3.1/../../../../arm-none-eabi/lib/thumb/v7e-m+fp/hard/libc_nano.a(lib_a-findfp.o) (_malloc_r)
[...]
Memory Configuration

Name             Origin             Length             Attributes
RAM              0x0000000020000000 0x0000000000050000 xrw
FLASH            0x0000000008000000 0x0000000000100000 xr
*default*        0x0000000000000000 0xffffffffffffffff

Linker script and memory map

LOAD /opt/st/stm32cubeide_1.8.0/plugins/com.st.stm32cube.ide.mcu.externaltools.gnu-tools-for-stm32.9-2020-q2-update.linux64_2.0.0.202105311346/tools/bin/../lib/gcc/arm-none-eabi/9.3.1/thumb/v7e-m+fp/hard/crti.o
LOAD /opt/st/stm32cubeide_1.8.0/plugins/com.st.stm32cube.ide.mcu.externaltools.gnu-tools-for-stm32.9-2020-q2-update.linux64_2.0.0.202105311346/tools/bin/../lib/gcc/arm-none-eabi/9.3.1/thumb/v7e-m+fp/hard/crtbegin.o
LOAD /opt/st/stm32cubeide_1.8.0/plugins/com.st.stm32cube.ide.mcu.externaltools.gnu-tools-for-stm32.9-2020-q2-update.linux64_2.0.0.202105311346/tools/bin/../lib/gcc/arm-none-eabi/9.3.1/../../../../arm-none-eabi/lib/thumb/v7e-m+fp/hard/crt0.o
LOAD ./Core/Src/freertos.o
LOAD ./Core/Src/ft5336.o
LOAD ./Core/Src/main.o
LOAD ./Core/Src/stm32746g_discovery.o
LOAD ./Core/Src/stm32746g_discovery_lcd.o
LOAD ./Core/Src/stm32746g_discovery_sdram.o
LOAD ./Core/Src/stm32746g_discovery_ts.o
LOAD ./Core/Src/stm32f7xx_hal_msp.o
LOAD ./Core/Src/stm32f7xx_hal_timebase_tim.o
LOAD ./Core/Src/stm32f7xx_it.o
LOAD ./Core/Src/syscalls.o
LOAD ./Core/Src/sysmem.o
LOAD ./Core/Src/system_stm32f7xx.o
LOAD ./Core/Startup/startup_stm32f746nghx.o
LOAD ./Drivers/STM32F7xx_HAL_Driver/Src/stm32f7xx_hal.o
LOAD ./Drivers/STM32F7xx_HAL_Driver/Src/stm32f7xx_hal_adc.o
LOAD ./Drivers/STM32F7xx_HAL_Driver/Src/stm32f7xx_hal_adc_ex.o
LOAD ./Drivers/STM32F7xx_HAL_Driver/Src/stm32f7xx_hal_cortex.o
LOAD ./Drivers/STM32F7xx_HAL_Driver/Src/stm32f7xx_hal_dac.o
LOAD ./Drivers/STM32F7xx_HAL_Driver/Src/stm32f7xx_hal_dac_ex.o
LOAD ./Drivers/STM32F7xx_HAL_Driver/Src/stm32f7xx_hal_dma.o
LOAD ./Drivers/STM32F7xx_HAL_Driver/Src/stm32f7xx_hal_dma2d.o
LOAD ./Drivers/STM32F7xx_HAL_Driver/Src/stm32f7xx_hal_dma_ex.o
LOAD ./Drivers/STM32F7xx_HAL_Driver/Src/stm32f7xx_hal_dsi.o
LOAD ./Drivers/STM32F7xx_HAL_Driver/Src/stm32f7xx_hal_exti.o
LOAD ./Drivers/STM32F7xx_HAL_Driver/Src/stm32f7xx_hal_flash.o
LOAD ./Drivers/STM32F7xx_HAL_Driver/Src/stm32f7xx_hal_flash_ex.o
LOAD ./Drivers/STM32F7xx_HAL_Driver/Src/stm32f7xx_hal_gpio.o
LOAD ./Drivers/STM32F7xx_HAL_Driver/Src/stm32f7xx_hal_i2c.o
LOAD ./Drivers/STM32F7xx_HAL_Driver/Src/stm32f7xx_hal_i2c_ex.o
LOAD ./Drivers/STM32F7xx_HAL_Driver/Src/stm32f7xx_hal_ltdc.o
LOAD ./Drivers/STM32F7xx_HAL_Driver/Src/stm32f7xx_hal_ltdc_ex.o
LOAD ./Drivers/STM32F7xx_HAL_Driver/Src/stm32f7xx_hal_pwr.o
LOAD ./Drivers/STM32F7xx_HAL_Driver/Src/stm32f7xx_hal_pwr_ex.o
LOAD ./Drivers/STM32F7xx_HAL_Driver/Src/stm32f7xx_hal_rcc.o
LOAD ./Drivers/STM32F7xx_HAL_Driver/Src/stm32f7xx_hal_rcc_ex.o
LOAD ./Drivers/STM32F7xx_HAL_Driver/Src/stm32f7xx_hal_rng.o
LOAD ./Drivers/STM32F7xx_HAL_Driver/Src/stm32f7xx_hal_rtc.o
LOAD ./Drivers/STM32F7xx_HAL_Driver/Src/stm32f7xx_hal_rtc_ex.o
LOAD ./Drivers/STM32F7xx_HAL_Driver/Src/stm32f7xx_hal_sdram.o
LOAD ./Drivers/STM32F7xx_HAL_Driver/Src/stm32f7xx_hal_spi.o
LOAD ./Drivers/STM32F7xx_HAL_Driver/Src/stm32f7xx_hal_spi_ex.o
LOAD ./Drivers/STM32F7xx_HAL_Driver/Src/stm32f7xx_hal_tim.o
LOAD ./Drivers/STM32F7xx_HAL_Driver/Src/stm32f7xx_hal_tim_ex.o
LOAD ./Drivers/STM32F7xx_HAL_Driver/Src/stm32f7xx_hal_uart.o
LOAD ./Drivers/STM32F7xx_HAL_Driver/Src/stm32f7xx_hal_uart_ex.o
LOAD ./Drivers/STM32F7xx_HAL_Driver/Src/stm32f7xx_ll_fmc.o
LOAD ./Middlewares/Third_Party/FreeRTOS/Source/CMSIS_RTOS/cmsis_os.o
LOAD ./Middlewares/Third_Party/FreeRTOS/Source/croutine.o
LOAD ./Middlewares/Third_Party/FreeRTOS/Source/event_groups.o
LOAD ./Middlewares/Third_Party/FreeRTOS/Source/list.o
LOAD ./Middlewares/Third_Party/FreeRTOS/Source/queue.o
LOAD ./Middlewares/Third_Party/FreeRTOS/Source/stream_buffer.o
LOAD ./Middlewares/Third_Party/FreeRTOS/Source/tasks.o
LOAD ./Middlewares/Third_Party/FreeRTOS/Source/timers.o
LOAD ./Middlewares/Third_Party/FreeRTOS/Source/portable/GCC/ARM_CM7/r0p1/port.o
LOAD ./Middlewares/Third_Party/FreeRTOS/Source/portable/MemMang/heap_4.o
START GROUP
LOAD /opt/st/stm32cubeide_1.8.0/plugins/com.st.stm32cube.ide.mcu.externaltools.gnu-tools-for-stm32.9-2020-q2-update.linux64_2.0.0.202105311346/tools/bin/../lib/gcc/arm-none-eabi/9.3.1/../../../../arm-none-eabi/lib/thumb/v7e-m+fp/hard/libc_nano.a
LOAD /opt/st/stm32cubeide_1.8.0/plugins/com.st.stm32cube.ide.mcu.externaltools.gnu-tools-for-stm32.9-2020-q2-update.linux64_2.0.0.202105311346/tools/bin/../lib/gcc/arm-none-eabi/9.3.1/../../../../arm-none-eabi/lib/thumb/v7e-m+fp/hard/libm.a
END GROUP
START GROUP
LOAD /opt/st/stm32cubeide_1.8.0/plugins/com.st.stm32cube.ide.mcu.externaltools.gnu-tools-for-stm32.9-2020-q2-update.linux64_2.0.0.202105311346/tools/bin/../lib/gcc/arm-none-eabi/9.3.1/thumb/v7e-m+fp/hard/libgcc.a
LOAD /opt/st/stm32cubeide_1.8.0/plugins/com.st.stm32cube.ide.mcu.externaltools.gnu-tools-for-stm32.9-2020-q2-update.linux64_2.0.0.202105311346/tools/bin/../lib/gcc/arm-none-eabi/9.3.1/../../../../arm-none-eabi/lib/thumb/v7e-m+fp/hard/libc_nano.a
END GROUP
START GROUP
LOAD /opt/st/stm32cubeide_1.8.0/plugins/com.st.stm32cube.ide.mcu.externaltools.gnu-tools-for-stm32.9-2020-q2-update.linux64_2.0.0.202105311346/tools/bin/../lib/gcc/arm-none-eabi/9.3.1/thumb/v7e-m+fp/hard/libgcc.a
LOAD /opt/st/stm32cubeide_1.8.0/plugins/com.st.stm32cube.ide.mcu.externaltools.gnu-tools-for-stm32.9-2020-q2-update.linux64_2.0.0.202105311346/tools/bin/../lib/gcc/arm-none-eabi/9.3.1/../../../../arm-none-eabi/lib/thumb/v7e-m+fp/hard/libc_nano.a
LOAD /opt/st/stm32cubeide_1.8.0/plugins/com.st.stm32cube.ide.mcu.externaltools.gnu-tools-for-stm32.9-2020-q2-update.linux64_2.0.0.202105311346/tools/bin/../lib/gcc/arm-none-eabi/9.3.1/../../../../arm-none-eabi/lib/thumb/v7e-m+fp/hard/libnosys.a
END GROUP
START GROUP
LOAD /opt/st/stm32cubeide_1.8.0/plugins/com.st.stm32cube.ide.mcu.externaltools.gnu-tools-for-stm32.9-2020-q2-update.linux64_2.0.0.202105311346/tools/bin/../lib/gcc/arm-none-eabi/9.3.1/thumb/v7e-m+fp/hard/libgcc.a
LOAD /opt/st/stm32cubeide_1.8.0/plugins/com.st.stm32cube.ide.mcu.externaltools.gnu-tools-for-stm32.9-2020-q2-update.linux64_2.0.0.202105311346/tools/bin/../lib/gcc/arm-none-eabi/9.3.1/../../../../arm-none-eabi/lib/thumb/v7e-m+fp/hard/libc_nano.a
LOAD /opt/st/stm32cubeide_1.8.0/plugins/com.st.stm32cube.ide.mcu.externaltools.gnu-tools-for-stm32.9-2020-q2-update.linux64_2.0.0.202105311346/tools/bin/../lib/gcc/arm-none-eabi/9.3.1/../../../../arm-none-eabi/lib/thumb/v7e-m+fp/hard/libnosys.a
END GROUP
LOAD /opt/st/stm32cubeide_1.8.0/plugins/com.st.stm32cube.ide.mcu.externaltools.gnu-tools-for-stm32.9-2020-q2-update.linux64_2.0.0.202105311346/tools/bin/../lib/gcc/arm-none-eabi/9.3.1/thumb/v7e-m+fp/hard/crtend.o
LOAD /opt/st/stm32cubeide_1.8.0/plugins/com.st.stm32cube.ide.mcu.externaltools.gnu-tools-for-stm32.9-2020-q2-update.linux64_2.0.0.202105311346/tools/bin/../lib/gcc/arm-none-eabi/9.3.1/thumb/v7e-m+fp/hard/crtn.o
                0x0000000020050000                _estack = (ORIGIN (RAM) + LENGTH (RAM))
                0x0000000000000200                _Min_Heap_Size = 0x200
                0x0000000000000400                _Min_Stack_Size = 0x400

.isr_vector     0x0000000008000000      0x1c8
                0x0000000008000000                . = ALIGN (0x4)
 *(.isr_vector)
 .isr_vector    0x0000000008000000      0x1c8 ./Core/Startup/startup_stm32f746nghx.o
                0x0000000008000000                g_pfnVectors
                0x00000000080001c8                . = ALIGN (0x4)

.text           0x00000000080001d0     0xf478
                0x00000000080001d0                . = ALIGN (0x4)
 *(.text)
 .text          0x00000000080001d0       0x40 /opt/st/stm32cubeide_1.8.0/plugins/com.st.stm32cube.ide.mcu.externaltools.gnu-tools-for-stm32.9-2020-q2-update.linux64_2.0.0.202105311346/tools/bin/../lib/gcc/arm-none-eabi/9.3.1/thumb/v7e-m+fp/hard/crtbegin.o
 .text          0x0000000008000210       0x10 /opt/st/stm32cubeide_1.8.0/plugins/com.st.stm32cube.ide.mcu.externaltools.gnu-tools-for-stm32.9-2020-q2-update.linux64_2.0.0.202105311346/tools/bin/../lib/gcc/arm-none-eabi/9.3.1/../../../../arm-none-eabi/lib/thumb/v7e-m+fp/hard/libc_nano.a(lib_a-strlen.o)
                0x0000000008000210                strlen
 .text          0x0000000008000220       0xa0 /opt/st/stm32cubeide_1.8.0/plugins/com.st.stm32cube.ide.mcu.externaltools.gnu-tools-for-stm32.9-2020-q2-update.linux64_2.0.0.202105311346/tools/bin/../lib/gcc/arm-none-eabi/9.3.1/../../../../arm-none-eabi/lib/thumb/v7e-m+fp/hard/libc_nano.a(lib_a-memchr.o)
                0x0000000008000220                memchr
 .text          0x00000000080002c0       0x30 /opt/st/stm32cubeide_1.8.0/plugins/com.st.stm32cube.ide.mcu.externaltools.gnu-tools-for-stm32.9-2020-q2-update.linux64_2.0.0.202105311346/tools/bin/../lib/gcc/arm-none-eabi/9.3.1/thumb/v7e-m+fp/hard/libgcc.a(_aeabi_uldivmod.o)
                0x00000000080002c0                __aeabi_uldivmod
 .text          0x00000000080002f0      0x2c4 /opt/st/stm32cubeide_1.8.0/plugins/com.st.stm32cube.ide.mcu.externaltools.gnu-tools-for-stm32.9-2020-q2-update.linux64_2.0.0.202105311346/tools/bin/../lib/gcc/arm-none-eabi/9.3.1/thumb/v7e-m+fp/hard/libgcc.a(_udivmoddi4.o)
                0x00000000080002f0                __udivmoddi4
 .text          0x00000000080005b4        0x4 /opt/st/stm32cubeide_1.8.0/plugins/com.st.stm32cube.ide.mcu.externaltools.gnu-tools-for-stm32.9-2020-q2-update.linux64_2.0.0.202105311346/tools/bin/../lib/gcc/arm-none-eabi/9.3.1/thumb/v7e-m+fp/hard/libgcc.a(_dvmd_tls.o)
                0x00000000080005b4                __aeabi_ldiv0
                0x00000000080005b4                __aeabi_idiv0
 *(.text*)
 .text.vApplicationGetIdleTaskMemory
                0x00000000080005b8       0x34 ./Core/Src/freertos.o
                0x00000000080005b8                vApplicationGetIdleTaskMemory
 .text.vApplicationGetTimerTaskMemory
                0x00000000080005ec       0x34 ./Core/Src/freertos.o
                0x00000000080005ec                vApplicationGetTimerTaskMemory
 .text.ft5336_Init
                0x0000000008000620       0x1c ./Core/Src/ft5336.o
                0x0000000008000620                ft5336_Init
 .text.ft5336_Reset
                0x000000000800063c       0x16 ./Core/Src/ft5336.o
                0x000000000800063c                ft5336_Reset
 .text.ft5336_ReadID
                0x0000000008000652       0x5c ./Core/Src/ft5336.o
                0x0000000008000652                ft5336_ReadID
 .text.ft5336_TS_Start
                0x00000000080006ae       0x22 ./Core/Src/ft5336.o
                0x00000000080006ae                ft5336_TS_Start
 .text.ft5336_TS_DetectTouch
                0x00000000080006d0       0x54 ./Core/Src/ft5336.o
                0x00000000080006d0                ft5336_TS_DetectTouch
 .text.ft5336_TS_GetXY
                0x0000000008000724      0x1e0 ./Core/Src/ft5336.o
                0x0000000008000724                ft5336_TS_GetXY
 .text.ft5336_TS_EnableIT
                0x0000000008000904       0x28 ./Core/Src/ft5336.o
                0x0000000008000904                ft5336_TS_EnableIT
 .text.ft5336_TS_DisableIT
                0x000000000800092c       0x28 ./Core/Src/ft5336.o
                0x000000000800092c                ft5336_TS_DisableIT
 .text.ft5336_TS_ITStatus
                0x0000000008000954       0x18 ./Core/Src/ft5336.o
                0x0000000008000954                ft5336_TS_ITStatus
 .text.ft5336_TS_ClearIT
                0x000000000800096c       0x16 ./Core/Src/ft5336.o
                0x000000000800096c                ft5336_TS_ClearIT
 .text.ft5336_TS_GetGestureID
                0x0000000008000982       0x32 ./Core/Src/ft5336.o
                0x0000000008000982                ft5336_TS_GetGestureID
 .text.ft5336_TS_GetTouchInfo
                0x00000000080009b4      0x15c ./Core/Src/ft5336.o
                0x00000000080009b4                ft5336_TS_GetTouchInfo
 .text.ft5336_Get_I2C_InitializedStatus
                0x0000000008000b10       0x18 ./Core/Src/ft5336.o
 .text.ft5336_I2C_InitializeIfRequired
                0x0000000008000b28       0x20 ./Core/Src/ft5336.o
 .text.ft5336_TS_Configure
                0x0000000008000b48       0x1c ./Core/Src/ft5336.o
 .text.main     0x0000000008000b64      0x568 ./Core/Src/main.o
                0x0000000008000b64                main
 .text.SystemClock_Config
                0x00000000080010cc       0xe4 ./Core/Src/main.o
                0x00000000080010cc                SystemClock_Config
 .text.PeriphCommonClock_Config
                0x00000000080011b0       0x58 ./Core/Src/main.o
                0x00000000080011b0                PeriphCommonClock_Config
 .text.MX_ADC1_Init
                0x0000000008001208       0xa4 ./Core/Src/main.o
 .text.MX_ADC3_Init
                0x00000000080012ac       0xa4 ./Core/Src/main.o
 .text.MX_DAC_Init
                0x0000000008001350       0x54 ./Core/Src/main.o
 .text.MX_DMA2D_Init
                0x00000000080013a4       0x64 ./Core/Src/main.o
 .text.MX_I2C1_Init
                0x0000000008001408       0x80 ./Core/Src/main.o
 .text.MX_I2C3_Init
                0x0000000008001488       0x80 ./Core/Src/main.o
 .text.MX_LTDC_Init
                0x0000000008001508      0x104 ./Core/Src/main.o
 .text.MX_RNG_Init
                0x000000000800160c       0x28 ./Core/Src/main.o
 .text.MX_RTC_Init
                0x0000000008001634      0x14c ./Core/Src/main.o
 .text.MX_SPI2_Init
                0x0000000008001780       0x7c ./Core/Src/main.o
 .text.MX_TIM1_Init
                0x00000000080017fc       0xa8 ./Core/Src/main.o
 .text.MX_TIM2_Init
                0x00000000080018a4       0x9c ./Core/Src/main.o
 .text.MX_TIM3_Init
                0x0000000008001940       0x9c ./Core/Src/main.o
 .text.MX_TIM5_Init
                0x00000000080019dc       0x9c ./Core/Src/main.o
 .text.MX_TIM8_Init
                0x0000000008001a78       0xa8 ./Core/Src/main.o
 .text.MX_UART7_Init
                0x0000000008001b20       0x60 ./Core/Src/main.o
 .text.MX_USART1_UART_Init
                0x0000000008001b80       0x60 ./Core/Src/main.o
 .text.MX_USART6_UART_Init
                0x0000000008001be0       0x60 ./Core/Src/main.o
 .text.MX_FMC_Init
                0x0000000008001c40       0xa0 ./Core/Src/main.o
 .text.MX_GPIO_Init
                0x0000000008001ce0      0x580 ./Core/Src/main.o
 .text.StartDefaultTask
                0x0000000008002260      0x3e0 ./Core/Src/main.o
                0x0000000008002260                StartDefaultTask
 .text.displayTime
                0x0000000008002640       0xb0 ./Core/Src/main.o
                0x0000000008002640                displayTime
 .text.obj_sword
                0x00000000080026f0      0x180 ./Core/Src/main.o
                0x00000000080026f0                obj_sword
 .text.CallbackDisplay
                0x0000000008002870       0x40 ./Core/Src/main.o
                0x0000000008002870                CallbackDisplay
 .text.CallbackLED
                0x00000000080028b0       0x20 ./Core/Src/main.o
                0x00000000080028b0                CallbackLED
 .text.HAL_TIM_PeriodElapsedCallback
                0x00000000080028d0       0x24 ./Core/Src/main.o
                0x00000000080028d0                HAL_TIM_PeriodElapsedCallback
 .text.Error_Handler
                0x00000000080028f4        0xa ./Core/Src/main.o
                0x00000000080028f4                Error_Handler
 *fill*         0x00000000080028fe        0x2 
 .text.I2Cx_MspInit
                0x0000000008002900      0x160 ./Core/Src/stm32746g_discovery.o
 .text.I2Cx_Init
                0x0000000008002a60       0x78 ./Core/Src/stm32746g_discovery.o
 .text.I2Cx_ReadMultiple
                0x0000000008002ad8       0x5a ./Core/Src/stm32746g_discovery.o
 .text.I2Cx_WriteMultiple
                0x0000000008002b32       0x5a ./Core/Src/stm32746g_discovery.o
 .text.I2Cx_Error
                0x0000000008002b8c       0x20 ./Core/Src/stm32746g_discovery.o
 .text.TS_IO_Init
                0x0000000008002bac       0x14 ./Core/Src/stm32746g_discovery.o
                0x0000000008002bac                TS_IO_Init
 .text.TS_IO_Write
                0x0000000008002bc0       0x34 ./Core/Src/stm32746g_discovery.o
                0x0000000008002bc0                TS_IO_Write
 .text.TS_IO_Read
                0x0000000008002bf4       0x3c ./Core/Src/stm32746g_discovery.o
                0x0000000008002bf4                TS_IO_Read
 .text.TS_IO_Delay
                0x0000000008002c30       0x16 ./Core/Src/stm32746g_discovery.o
                0x0000000008002c30                TS_IO_Delay
 *fill*         0x0000000008002c46        0x2 
 .text.BSP_LCD_Init
                0x0000000008002c48       0xe0 ./Core/Src/stm32746g_discovery_lcd.o
                0x0000000008002c48                BSP_LCD_Init
 .text.BSP_LCD_GetXSize
                0x0000000008002d28       0x28 ./Core/Src/stm32746g_discovery_lcd.o
                0x0000000008002d28                BSP_LCD_GetXSize
 .text.BSP_LCD_GetYSize
                0x0000000008002d50       0x28 ./Core/Src/stm32746g_discovery_lcd.o
                0x0000000008002d50                BSP_LCD_GetYSize
 .text.BSP_LCD_LayerDefaultInit
                0x0000000008002d78       0xc0 ./Core/Src/stm32746g_discovery_lcd.o
                0x0000000008002d78                BSP_LCD_LayerDefaultInit
 .text.BSP_LCD_SelectLayer
                0x0000000008002e38       0x20 ./Core/Src/stm32746g_discovery_lcd.o
                0x0000000008002e38                BSP_LCD_SelectLayer
 .text.BSP_LCD_SetTextColor
                0x0000000008002e58       0x30 ./Core/Src/stm32746g_discovery_lcd.o
                0x0000000008002e58                BSP_LCD_SetTextColor
 .text.BSP_LCD_SetBackColor
                0x0000000008002e88       0x34 ./Core/Src/stm32746g_discovery_lcd.o
                0x0000000008002e88                BSP_LCD_SetBackColor
 .text.BSP_LCD_SetFont
                0x0000000008002ebc       0x34 ./Core/Src/stm32746g_discovery_lcd.o
                0x0000000008002ebc                BSP_LCD_SetFont
 .text.BSP_LCD_GetFont
                0x0000000008002ef0       0x2c ./Core/Src/stm32746g_discovery_lcd.o
                0x0000000008002ef0                BSP_LCD_GetFont
 .text.BSP_LCD_Clear
                0x0000000008002f1c       0x50 ./Core/Src/stm32746g_discovery_lcd.o
                0x0000000008002f1c                BSP_LCD_Clear
 .text.BSP_LCD_DisplayChar
                0x0000000008002f6c       0x88 ./Core/Src/stm32746g_discovery_lcd.o
                0x0000000008002f6c                BSP_LCD_DisplayChar
 .text.BSP_LCD_DisplayStringAt
                0x0000000008002ff4      0x190 ./Core/Src/stm32746g_discovery_lcd.o
                0x0000000008002ff4                BSP_LCD_DisplayStringAt
 .text.BSP_LCD_DisplayStringAtLine
                0x0000000008003184       0x2e ./Core/Src/stm32746g_discovery_lcd.o
                0x0000000008003184                BSP_LCD_DisplayStringAtLine
 *fill*         0x00000000080031b2        0x2 
 .text.BSP_LCD_DrawHLine
                0x00000000080031b4       0xbc ./Core/Src/stm32746g_discovery_lcd.o
                0x00000000080031b4                BSP_LCD_DrawHLine
 .text.BSP_LCD_DrawCircle
                0x0000000008003270      0x1d4 ./Core/Src/stm32746g_discovery_lcd.o
                0x0000000008003270                BSP_LCD_DrawCircle
 .text.BSP_LCD_DrawPixel
                0x0000000008003444       0x90 ./Core/Src/stm32746g_discovery_lcd.o
                0x0000000008003444                BSP_LCD_DrawPixel
 .text.BSP_LCD_DrawBitmap
                0x00000000080034d4      0x164 ./Core/Src/stm32746g_discovery_lcd.o
                0x00000000080034d4                BSP_LCD_DrawBitmap
 .text.BSP_LCD_FillRect
                0x0000000008003638       0xf4 ./Core/Src/stm32746g_discovery_lcd.o
                0x0000000008003638                BSP_LCD_FillRect
 .text.BSP_LCD_FillCircle
                0x000000000800372c      0x140 ./Core/Src/stm32746g_discovery_lcd.o
                0x000000000800372c                BSP_LCD_FillCircle
 .text.BSP_LCD_DisplayOn
                0x000000000800386c       0x3c ./Core/Src/stm32746g_discovery_lcd.o
                0x000000000800386c                BSP_LCD_DisplayOn
 .text.BSP_LCD_MspInit
                0x00000000080038a8      0x1b4 ./Core/Src/stm32746g_discovery_lcd.o
                0x00000000080038a8                BSP_LCD_MspInit
 .text.BSP_LCD_ClockConfig
                0x0000000008003a5c       0x38 ./Core/Src/stm32746g_discovery_lcd.o
                0x0000000008003a5c                BSP_LCD_ClockConfig
 .text.DrawChar
                0x0000000008003a94      0x170 ./Core/Src/stm32746g_discovery_lcd.o
 .text.LL_FillBuffer
                0x0000000008003c04       0x98 ./Core/Src/stm32746g_discovery_lcd.o
 .text.LL_ConvertLineToARGB8888
                0x0000000008003c9c       0x88 ./Core/Src/stm32746g_discovery_lcd.o
 .text.BSP_SDRAM_Init
                0x0000000008003d24       0xbc ./Core/Src/stm32746g_discovery_sdram.o
                0x0000000008003d24                BSP_SDRAM_Init
 .text.BSP_SDRAM_Initialization_sequence
                0x0000000008003de0       0xc0 ./Core/Src/stm32746g_discovery_sdram.o
                0x0000000008003de0                BSP_SDRAM_Initialization_sequence
 .text.BSP_SDRAM_MspInit
                0x0000000008003ea0      0x1f0 ./Core/Src/stm32746g_discovery_sdram.o
                0x0000000008003ea0                BSP_SDRAM_MspInit
 .text.BSP_TS_Init
                0x0000000008004090       0x80 ./Core/Src/stm32746g_discovery_ts.o
                0x0000000008004090                BSP_TS_Init
 .text.BSP_TS_GetState
                0x0000000008004110      0x3ac ./Core/Src/stm32746g_discovery_ts.o
                0x0000000008004110                BSP_TS_GetState
 .text.BSP_TS_Get_GestureId
                0x00000000080044bc      0x104 ./Core/Src/stm32746g_discovery_ts.o
                0x00000000080044bc                BSP_TS_Get_GestureId
 .text.HAL_MspInit
                0x00000000080045c0       0x50 ./Core/Src/stm32f7xx_hal_msp.o
                0x00000000080045c0                HAL_MspInit
 .text.HAL_ADC_MspInit
                0x0000000008004610       0xdc ./Core/Src/stm32f7xx_hal_msp.o
                0x0000000008004610                HAL_ADC_MspInit
 .text.HAL_DAC_MspInit
                0x00000000080046ec       0x90 ./Core/Src/stm32f7xx_hal_msp.o
                0x00000000080046ec                HAL_DAC_MspInit
 .text.HAL_DMA2D_MspInit
                0x000000000800477c       0x4c ./Core/Src/stm32f7xx_hal_msp.o
                0x000000000800477c                HAL_DMA2D_MspInit
 .text.HAL_I2C_MspInit
                0x00000000080047c8      0x150 ./Core/Src/stm32f7xx_hal_msp.o
                0x00000000080047c8                HAL_I2C_MspInit
 .text.HAL_I2C_MspDeInit
                0x0000000008004918       0x78 ./Core/Src/stm32f7xx_hal_msp.o
                0x0000000008004918                HAL_I2C_MspDeInit
 .text.HAL_LTDC_MspInit
                0x0000000008004990      0x190 ./Core/Src/stm32f7xx_hal_msp.o
                0x0000000008004990                HAL_LTDC_MspInit
 .text.HAL_RNG_MspInit
                0x0000000008004b20       0x40 ./Core/Src/stm32f7xx_hal_msp.o
                0x0000000008004b20                HAL_RNG_MspInit
 .text.HAL_RTC_MspInit
                0x0000000008004b60       0x5c ./Core/Src/stm32f7xx_hal_msp.o
                0x0000000008004b60                HAL_RTC_MspInit
 .text.HAL_SPI_MspInit
                0x0000000008004bbc       0xc4 ./Core/Src/stm32f7xx_hal_msp.o
                0x0000000008004bbc                HAL_SPI_MspInit
 .text.HAL_TIM_Base_MspInit
                0x0000000008004c80      0x124 ./Core/Src/stm32f7xx_hal_msp.o
                0x0000000008004c80                HAL_TIM_Base_MspInit
 .text.HAL_UART_MspInit
                0x0000000008004da4      0x220 ./Core/Src/stm32f7xx_hal_msp.o
                0x0000000008004da4                HAL_UART_MspInit
 .text.HAL_FMC_MspInit
                0x0000000008004fc4      0x120 ./Core/Src/stm32f7xx_hal_msp.o
 .text.HAL_SDRAM_MspInit
                0x00000000080050e4       0x14 ./Core/Src/stm32f7xx_hal_msp.o
                0x00000000080050e4                HAL_SDRAM_MspInit
 .text.HAL_InitTick
                0x00000000080050f8       0xb0 ./Core/Src/stm32f7xx_hal_timebase_tim.o
                0x00000000080050f8                HAL_InitTick
 .text.NMI_Handler
                0x00000000080051a8        0x6 ./Core/Src/stm32f7xx_it.o
                0x00000000080051a8                NMI_Handler
 .text.HardFault_Handler
                0x00000000080051ae        0x6 ./Core/Src/stm32f7xx_it.o
                0x00000000080051ae                HardFault_Handler
 .text.MemManage_Handler
                0x00000000080051b4        0x6 ./Core/Src/stm32f7xx_it.o
                0x00000000080051b4                MemManage_Handler
 .text.BusFault_Handler
                0x00000000080051ba        0x6 ./Core/Src/stm32f7xx_it.o
                0x00000000080051ba                BusFault_Handler
 .text.UsageFault_Handler
                0x00000000080051c0        0x6 ./Core/Src/stm32f7xx_it.o
                0x00000000080051c0                UsageFault_Handler
 .text.DebugMon_Handler
                0x00000000080051c6        0xe ./Core/Src/stm32f7xx_it.o
                0x00000000080051c6                DebugMon_Handler
 .text.TIM6_DAC_IRQHandler
                0x00000000080051d4       0x28 ./Core/Src/stm32f7xx_it.o
                0x00000000080051d4                TIM6_DAC_IRQHandler
 .text.LTDC_IRQHandler
                0x00000000080051fc       0x14 ./Core/Src/stm32f7xx_it.o
                0x00000000080051fc                LTDC_IRQHandler
 .text.DMA2D_IRQHandler
                0x0000000008005210       0x14 ./Core/Src/stm32f7xx_it.o
                0x0000000008005210                DMA2D_IRQHandler
 .text._sbrk    0x0000000008005224       0x6c ./Core/Src/sysmem.o
                0x0000000008005224                _sbrk
 .text.SystemInit
                0x0000000008005290       0x24 ./Core/Src/system_stm32f7xx.o
                0x0000000008005290                SystemInit
 .text.Reset_Handler
                0x00000000080052b4       0x50 ./Core/Startup/startup_stm32f746nghx.o
                0x00000000080052b4                Reset_Handler
 .text.Default_Handler
                0x0000000008005304        0x2 ./Core/Startup/startup_stm32f746nghx.o
                0x0000000008005304                RTC_Alarm_IRQHandler
                0x0000000008005304                EXTI2_IRQHandler
                0x0000000008005304                TIM8_CC_IRQHandler
                0x0000000008005304                UART8_IRQHandler
                0x0000000008005304                SPI4_IRQHandler
                0x0000000008005304                TIM1_CC_IRQHandler
                0x0000000008005304                DMA2_Stream5_IRQHandler
                0x0000000008005304                DMA1_Stream5_IRQHandler
                0x0000000008005304                PVD_IRQHandler
                0x0000000008005304                TAMP_STAMP_IRQHandler
                0x0000000008005304                CAN2_RX1_IRQHandler
                0x0000000008005304                EXTI3_IRQHandler
                0x0000000008005304                TIM8_TRG_COM_TIM14_IRQHandler
                0x0000000008005304                TIM1_UP_TIM10_IRQHandler
                0x0000000008005304                TIM8_UP_TIM13_IRQHandler
                0x0000000008005304                I2C3_ER_IRQHandler
                0x0000000008005304                EXTI0_IRQHandler
                0x0000000008005304                I2C2_EV_IRQHandler
                0x0000000008005304                DMA1_Stream2_IRQHandler
                0x0000000008005304                CAN1_RX0_IRQHandler
                0x0000000008005304                FPU_IRQHandler
                0x0000000008005304                OTG_HS_WKUP_IRQHandler
                0x0000000008005304                LTDC_ER_IRQHandler
                0x0000000008005304                CAN2_SCE_IRQHandler
                0x0000000008005304                DMA2_Stream2_IRQHandler
                0x0000000008005304                SPI1_IRQHandler
                0x0000000008005304                TIM1_BRK_TIM9_IRQHandler
                0x0000000008005304                DCMI_IRQHandler
                0x0000000008005304                CAN2_RX0_IRQHandler
                0x0000000008005304                DMA2_Stream3_IRQHandler
                0x0000000008005304                SAI2_IRQHandler
                0x0000000008005304                USART6_IRQHandler
                0x0000000008005304                USART3_IRQHandler
                0x0000000008005304                CAN1_RX1_IRQHandler
                0x0000000008005304                UART5_IRQHandler
                0x0000000008005304                DMA2_Stream0_IRQHandler
                0x0000000008005304                TIM4_IRQHandler
                0x0000000008005304                QUADSPI_IRQHandler
                0x0000000008005304                I2C1_EV_IRQHandler
                0x0000000008005304                DMA1_Stream6_IRQHandler
                0x0000000008005304                DMA1_Stream1_IRQHandler
                0x0000000008005304                UART4_IRQHandler
                0x0000000008005304                TIM3_IRQHandler
                0x0000000008005304                RCC_IRQHandler
                0x0000000008005304                TIM8_BRK_TIM12_IRQHandler
                0x0000000008005304                Default_Handler
                0x0000000008005304                CEC_IRQHandler
                0x0000000008005304                EXTI15_10_IRQHandler
                0x0000000008005304                ADC_IRQHandler
                0x0000000008005304                DMA1_Stream7_IRQHandler
                0x0000000008005304                SPI5_IRQHandler
                0x0000000008005304                TIM7_IRQHandler
                0x0000000008005304                SDMMC1_IRQHandler
                0x0000000008005304                CAN2_TX_IRQHandler
                0x0000000008005304                TIM5_IRQHandler
                0x0000000008005304                DMA2_Stream7_IRQHandler
                0x0000000008005304                I2C3_EV_IRQHandler
                0x0000000008005304                EXTI9_5_IRQHandler
                0x0000000008005304                RTC_WKUP_IRQHandler
                0x0000000008005304                ETH_WKUP_IRQHandler
                0x0000000008005304                SPDIF_RX_IRQHandler
                0x0000000008005304                SPI2_IRQHandler
                0x0000000008005304                OTG_HS_EP1_IN_IRQHandler
                0x0000000008005304                DMA1_Stream0_IRQHandler
                0x0000000008005304                CAN1_TX_IRQHandler
                0x0000000008005304                EXTI4_IRQHandler
                0x0000000008005304                RNG_IRQHandler
                0x0000000008005304                ETH_IRQHandler
                0x0000000008005304                OTG_HS_EP1_OUT_IRQHandler
                0x0000000008005304                WWDG_IRQHandler
                0x0000000008005304                SPI6_IRQHandler
                0x0000000008005304                I2C4_EV_IRQHandler
                0x0000000008005304                TIM2_IRQHandler
                0x0000000008005304                OTG_FS_WKUP_IRQHandler
                0x0000000008005304                TIM1_TRG_COM_TIM11_IRQHandler
                0x0000000008005304                OTG_HS_IRQHandler
                0x0000000008005304                EXTI1_IRQHandler
                0x0000000008005304                UART7_IRQHandler
                0x0000000008005304                USART2_IRQHandler
                0x0000000008005304                I2C2_ER_IRQHandler
                0x0000000008005304                DMA2_Stream1_IRQHandler
                0x0000000008005304                CAN1_SCE_IRQHandler
                0x0000000008005304                FLASH_IRQHandler
                0x0000000008005304                DMA2_Stream4_IRQHandler
                0x0000000008005304                USART1_IRQHandler
                0x0000000008005304                OTG_FS_IRQHandler
                0x0000000008005304                SPI3_IRQHandler
                0x0000000008005304                DMA1_Stream4_IRQHandler
                0x0000000008005304                I2C1_ER_IRQHandler
                0x0000000008005304                FMC_IRQHandler
                0x0000000008005304                LPTIM1_IRQHandler
                0x0000000008005304                I2C4_ER_IRQHandler
                0x0000000008005304                DMA2_Stream6_IRQHandler
                0x0000000008005304                SAI1_IRQHandler
                0x0000000008005304                DMA1_Stream3_IRQHandler
 .text.HAL_Init
                0x0000000008005306       0x1a ./Drivers/STM32F7xx_HAL_Driver/Src/stm32f7xx_hal.o
                0x0000000008005306                HAL_Init
 .text.HAL_IncTick
                0x0000000008005320       0x28 ./Drivers/STM32F7xx_HAL_Driver/Src/stm32f7xx_hal.o
                0x0000000008005320                HAL_IncTick
 .text.HAL_GetTick
                0x0000000008005348       0x18 ./Drivers/STM32F7xx_HAL_Driver/Src/stm32f7xx_hal.o
                0x0000000008005348                HAL_GetTick
 .text.HAL_Delay
                0x0000000008005360       0x48 ./Drivers/STM32F7xx_HAL_Driver/Src/stm32f7xx_hal.o
                0x0000000008005360                HAL_Delay
 .text.HAL_ADC_Init
                0x00000000080053a8       0x88 ./Drivers/STM32F7xx_HAL_Driver/Src/stm32f7xx_hal_adc.o
                0x00000000080053a8                HAL_ADC_Init
 .text.HAL_ADC_Start
                0x0000000008005430      0x19c ./Drivers/STM32F7xx_HAL_Driver/Src/stm32f7xx_hal_adc.o
                0x0000000008005430                HAL_ADC_Start
 .text.HAL_ADC_PollForConversion
                0x00000000080055cc      0x116 ./Drivers/STM32F7xx_HAL_Driver/Src/stm32f7xx_hal_adc.o
                0x00000000080055cc                HAL_ADC_PollForConversion
 .text.HAL_ADC_GetValue
                0x00000000080056e2       0x1a ./Drivers/STM32F7xx_HAL_Driver/Src/stm32f7xx_hal_adc.o
                0x00000000080056e2                HAL_ADC_GetValue
 .text.HAL_ADC_ConfigChannel
                0x00000000080056fc      0x2ac ./Drivers/STM32F7xx_HAL_Driver/Src/stm32f7xx_hal_adc.o
                0x00000000080056fc                HAL_ADC_ConfigChannel
 .text.ADC_Init
                0x00000000080059a8      0x1f4 ./Drivers/STM32F7xx_HAL_Driver/Src/stm32f7xx_hal_adc.o
 .text.__NVIC_SetPriorityGrouping
                0x0000000008005b9c       0x48 ./Drivers/STM32F7xx_HAL_Driver/Src/stm32f7xx_hal_cortex.o
 .text.__NVIC_GetPriorityGrouping
                0x0000000008005be4       0x1c ./Drivers/STM32F7xx_HAL_Driver/Src/stm32f7xx_hal_cortex.o
 .text.__NVIC_EnableIRQ
                0x0000000008005c00       0x3c ./Drivers/STM32F7xx_HAL_Driver/Src/stm32f7xx_hal_cortex.o
 .text.__NVIC_SetPriority
                0x0000000008005c3c       0x54 ./Drivers/STM32F7xx_HAL_Driver/Src/stm32f7xx_hal_cortex.o
 .text.NVIC_EncodePriority
                0x0000000008005c90       0x66 ./Drivers/STM32F7xx_HAL_Driver/Src/stm32f7xx_hal_cortex.o
 .text.HAL_NVIC_SetPriorityGrouping
                0x0000000008005cf6       0x16 ./Drivers/STM32F7xx_HAL_Driver/Src/stm32f7xx_hal_cortex.o
                0x0000000008005cf6                HAL_NVIC_SetPriorityGrouping
 .text.HAL_NVIC_SetPriority
                0x0000000008005d0c       0x38 ./Drivers/STM32F7xx_HAL_Driver/Src/stm32f7xx_hal_cortex.o
                0x0000000008005d0c                HAL_NVIC_SetPriority
 .text.HAL_NVIC_EnableIRQ
                0x0000000008005d44       0x1c ./Drivers/STM32F7xx_HAL_Driver/Src/stm32f7xx_hal_cortex.o
                0x0000000008005d44                HAL_NVIC_EnableIRQ
 .text.HAL_DAC_Init
                0x0000000008005d60       0x44 ./Drivers/STM32F7xx_HAL_Driver/Src/stm32f7xx_hal_dac.o
                0x0000000008005d60                HAL_DAC_Init
 .text.HAL_DAC_IRQHandler
                0x0000000008005da4       0xb4 ./Drivers/STM32F7xx_HAL_Driver/Src/stm32f7xx_hal_dac.o
                0x0000000008005da4                HAL_DAC_IRQHandler
 .text.HAL_DAC_DMAUnderrunCallbackCh1
                0x0000000008005e58       0x14 ./Drivers/STM32F7xx_HAL_Driver/Src/stm32f7xx_hal_dac.o
                0x0000000008005e58                HAL_DAC_DMAUnderrunCallbackCh1
 .text.HAL_DAC_ConfigChannel
                0x0000000008005e6c       0x9e ./Drivers/STM32F7xx_HAL_Driver/Src/stm32f7xx_hal_dac.o
                0x0000000008005e6c                HAL_DAC_ConfigChannel
 .text.HAL_DACEx_DMAUnderrunCallbackCh2
                0x0000000008005f0a       0x14 ./Drivers/STM32F7xx_HAL_Driver/Src/stm32f7xx_hal_dac_ex.o
                0x0000000008005f0a                HAL_DACEx_DMAUnderrunCallbackCh2
 *fill*         0x0000000008005f1e        0x2 
 .text.HAL_DMA_Init
                0x0000000008005f20      0x15c ./Drivers/STM32F7xx_HAL_Driver/Src/stm32f7xx_hal_dma.o
                0x0000000008005f20                HAL_DMA_Init
 .text.HAL_DMA_DeInit
                0x000000000800607c       0xbc ./Drivers/STM32F7xx_HAL_Driver/Src/stm32f7xx_hal_dma.o
                0x000000000800607c                HAL_DMA_DeInit
 .text.DMA_CalcBaseAndBitshift
                0x0000000008006138       0x6c ./Drivers/STM32F7xx_HAL_Driver/Src/stm32f7xx_hal_dma.o
 .text.DMA_CheckFifoParam
                0x00000000080061a4       0xf8 ./Drivers/STM32F7xx_HAL_Driver/Src/stm32f7xx_hal_dma.o
 .text.HAL_DMA2D_Init
                0x000000000800629c       0x94 ./Drivers/STM32F7xx_HAL_Driver/Src/stm32f7xx_hal_dma2d.o
                0x000000000800629c                HAL_DMA2D_Init
 .text.HAL_DMA2D_Start
                0x0000000008006330       0x56 ./Drivers/STM32F7xx_HAL_Driver/Src/stm32f7xx_hal_dma2d.o
                0x0000000008006330                HAL_DMA2D_Start
 .text.HAL_DMA2D_PollForTransfer
                0x0000000008006386      0x1d2 ./Drivers/STM32F7xx_HAL_Driver/Src/stm32f7xx_hal_dma2d.o
                0x0000000008006386                HAL_DMA2D_PollForTransfer
 .text.HAL_DMA2D_IRQHandler
                0x0000000008006558      0x1f8 ./Drivers/STM32F7xx_HAL_Driver/Src/stm32f7xx_hal_dma2d.o
                0x0000000008006558                HAL_DMA2D_IRQHandler
 .text.HAL_DMA2D_LineEventCallback
                0x0000000008006750       0x14 ./Drivers/STM32F7xx_HAL_Driver/Src/stm32f7xx_hal_dma2d.o
                0x0000000008006750                HAL_DMA2D_LineEventCallback
 .text.HAL_DMA2D_CLUTLoadingCpltCallback
                0x0000000008006764       0x14 ./Drivers/STM32F7xx_HAL_Driver/Src/stm32f7xx_hal_dma2d.o
                0x0000000008006764                HAL_DMA2D_CLUTLoadingCpltCallback
 .text.HAL_DMA2D_ConfigLayer
                0x0000000008006778      0x124 ./Drivers/STM32F7xx_HAL_Driver/Src/stm32f7xx_hal_dma2d.o
                0x0000000008006778                HAL_DMA2D_ConfigLayer
 .text.DMA2D_SetConfig
                0x000000000800689c      0x138 ./Drivers/STM32F7xx_HAL_Driver/Src/stm32f7xx_hal_dma2d.o
 .text.HAL_GPIO_Init
                0x00000000080069d4      0x358 ./Drivers/STM32F7xx_HAL_Driver/Src/stm32f7xx_hal_gpio.o
                0x00000000080069d4                HAL_GPIO_Init
 .text.HAL_GPIO_DeInit
                0x0000000008006d2c      0x218 ./Drivers/STM32F7xx_HAL_Driver/Src/stm32f7xx_hal_gpio.o
                0x0000000008006d2c                HAL_GPIO_DeInit
 .text.HAL_GPIO_ReadPin
                0x0000000008006f44       0x30 ./Drivers/STM32F7xx_HAL_Driver/Src/stm32f7xx_hal_gpio.o
                0x0000000008006f44                HAL_GPIO_ReadPin
 .text.HAL_GPIO_WritePin
                0x0000000008006f74       0x32 ./Drivers/STM32F7xx_HAL_Driver/Src/stm32f7xx_hal_gpio.o
                0x0000000008006f74                HAL_GPIO_WritePin
 .text.HAL_GPIO_TogglePin
                0x0000000008006fa6       0x34 ./Drivers/STM32F7xx_HAL_Driver/Src/stm32f7xx_hal_gpio.o
                0x0000000008006fa6                HAL_GPIO_TogglePin
 *fill*         0x0000000008006fda        0x2 
 .text.HAL_I2C_Init
                0x0000000008006fdc      0x120 ./Drivers/STM32F7xx_HAL_Driver/Src/stm32f7xx_hal_i2c.o
                0x0000000008006fdc                HAL_I2C_Init
 .text.HAL_I2C_DeInit
                0x00000000080070fc       0x5e ./Drivers/STM32F7xx_HAL_Driver/Src/stm32f7xx_hal_i2c.o
                0x00000000080070fc                HAL_I2C_DeInit
 *fill*         0x000000000800715a        0x2 
 .text.HAL_I2C_Mem_Write
                0x000000000800715c      0x228 ./Drivers/STM32F7xx_HAL_Driver/Src/stm32f7xx_hal_i2c.o
                0x000000000800715c                HAL_I2C_Mem_Write
 .text.HAL_I2C_Mem_Read
                0x0000000008007384      0x234 ./Drivers/STM32F7xx_HAL_Driver/Src/stm32f7xx_hal_i2c.o
                0x0000000008007384                HAL_I2C_Mem_Read
 .text.HAL_I2C_GetState
                0x00000000080075b8       0x1c ./Drivers/STM32F7xx_HAL_Driver/Src/stm32f7xx_hal_i2c.o
                0x00000000080075b8                HAL_I2C_GetState
 .text.I2C_RequestMemoryWrite
                0x00000000080075d4       0xa8 ./Drivers/STM32F7xx_HAL_Driver/Src/stm32f7xx_hal_i2c.o
 .text.I2C_RequestMemoryRead
                0x000000000800767c       0xa8 ./Drivers/STM32F7xx_HAL_Driver/Src/stm32f7xx_hal_i2c.o
 .text.I2C_Flush_TXDR
                0x0000000008007724       0x48 ./Drivers/STM32F7xx_HAL_Driver/Src/stm32f7xx_hal_i2c.o
 .text.I2C_WaitOnFlagUntilTimeout
                0x000000000800776c       0x80 ./Drivers/STM32F7xx_HAL_Driver/Src/stm32f7xx_hal_i2c.o
 .text.I2C_WaitOnTXISFlagUntilTimeout
                0x00000000080077ec       0x80 ./Drivers/STM32F7xx_HAL_Driver/Src/stm32f7xx_hal_i2c.o
 .text.I2C_WaitOnSTOPFlagUntilTimeout
                0x000000000800786c       0x78 ./Drivers/STM32F7xx_HAL_Driver/Src/stm32f7xx_hal_i2c.o
 .text.I2C_IsErrorOccurred
                0x00000000080078e4      0x1d8 ./Drivers/STM32F7xx_HAL_Driver/Src/stm32f7xx_hal_i2c.o
 .text.I2C_TransferConfig
                0x0000000008007abc       0x64 ./Drivers/STM32F7xx_HAL_Driver/Src/stm32f7xx_hal_i2c.o
 .text.HAL_I2CEx_ConfigAnalogFilter
                0x0000000008007b20       0x96 ./Drivers/STM32F7xx_HAL_Driver/Src/stm32f7xx_hal_i2c_ex.o
                0x0000000008007b20                HAL_I2CEx_ConfigAnalogFilter
 .text.HAL_I2CEx_ConfigDigitalFilter
                0x0000000008007bb6       0x98 ./Drivers/STM32F7xx_HAL_Driver/Src/stm32f7xx_hal_i2c_ex.o
                0x0000000008007bb6                HAL_I2CEx_ConfigDigitalFilter
 *fill*         0x0000000008007c4e        0x2 
 .text.HAL_LTDC_Init
                0x0000000008007c50      0x1a0 ./Drivers/STM32F7xx_HAL_Driver/Src/stm32f7xx_hal_ltdc.o
                0x0000000008007c50                HAL_LTDC_Init
 .text.HAL_LTDC_IRQHandler
                0x0000000008007df0      0x148 ./Drivers/STM32F7xx_HAL_Driver/Src/stm32f7xx_hal_ltdc.o
                0x0000000008007df0                HAL_LTDC_IRQHandler
 .text.HAL_LTDC_ErrorCallback
                0x0000000008007f38       0x14 ./Drivers/STM32F7xx_HAL_Driver/Src/stm32f7xx_hal_ltdc.o
                0x0000000008007f38                HAL_LTDC_ErrorCallback
 .text.HAL_LTDC_LineEventCallback
                0x0000000008007f4c       0x14 ./Drivers/STM32F7xx_HAL_Driver/Src/stm32f7xx_hal_ltdc.o
                0x0000000008007f4c                HAL_LTDC_LineEventCallback
 .text.HAL_LTDC_ReloadEventCallback
                0x0000000008007f60       0x14 ./Drivers/STM32F7xx_HAL_Driver/Src/stm32f7xx_hal_ltdc.o
                0x0000000008007f60                HAL_LTDC_ReloadEventCallback
 .text.HAL_LTDC_ConfigLayer
                0x0000000008007f74       0x7c ./Drivers/STM32F7xx_HAL_Driver/Src/stm32f7xx_hal_ltdc.o
                0x0000000008007f74                HAL_LTDC_ConfigLayer
 .text.HAL_LTDC_GetState
                0x0000000008007ff0       0x1c ./Drivers/STM32F7xx_HAL_Driver/Src/stm32f7xx_hal_ltdc.o
                0x0000000008007ff0                HAL_LTDC_GetState
 .text.LTDC_SetConfig
                0x000000000800800c      0x334 ./Drivers/STM32F7xx_HAL_Driver/Src/stm32f7xx_hal_ltdc.o
 .text.HAL_PWR_EnableBkUpAccess
                0x0000000008008340       0x20 ./Drivers/STM32F7xx_HAL_Driver/Src/stm32f7xx_hal_pwr.o
                0x0000000008008340                HAL_PWR_EnableBkUpAccess
 .text.HAL_PWREx_EnableOverDrive
                0x0000000008008360       0xa0 ./Drivers/STM32F7xx_HAL_Driver/Src/stm32f7xx_hal_pwr_ex.o
                0x0000000008008360                HAL_PWREx_EnableOverDrive
 .text.HAL_RCC_OscConfig
                0x0000000008008400      0x548 ./Drivers/STM32F7xx_HAL_Driver/Src/stm32f7xx_hal_rcc.o
                0x0000000008008400                HAL_RCC_OscConfig
 .text.HAL_RCC_ClockConfig
                0x0000000008008948      0x1d8 ./Drivers/STM32F7xx_HAL_Driver/Src/stm32f7xx_hal_rcc.o
                0x0000000008008948                HAL_RCC_ClockConfig
 .text.HAL_RCC_GetSysClockFreq
                0x0000000008008b20      0x16c ./Drivers/STM32F7xx_HAL_Driver/Src/stm32f7xx_hal_rcc.o
                0x0000000008008b20                HAL_RCC_GetSysClockFreq
 .text.HAL_RCC_GetHCLKFreq
                0x0000000008008c8c       0x18 ./Drivers/STM32F7xx_HAL_Driver/Src/stm32f7xx_hal_rcc.o
                0x0000000008008c8c                HAL_RCC_GetHCLKFreq
 .text.HAL_RCC_GetPCLK1Freq
                0x0000000008008ca4       0x28 ./Drivers/STM32F7xx_HAL_Driver/Src/stm32f7xx_hal_rcc.o
                0x0000000008008ca4                HAL_RCC_GetPCLK1Freq
 .text.HAL_RCC_GetPCLK2Freq
                0x0000000008008ccc       0x28 ./Drivers/STM32F7xx_HAL_Driver/Src/stm32f7xx_hal_rcc.o
                0x0000000008008ccc                HAL_RCC_GetPCLK2Freq
 .text.HAL_RCC_GetClockConfig
                0x0000000008008cf4       0x64 ./Drivers/STM32F7xx_HAL_Driver/Src/stm32f7xx_hal_rcc.o
                0x0000000008008cf4                HAL_RCC_GetClockConfig
 .text.HAL_RCCEx_PeriphCLKConfig
                0x0000000008008d58      0x7e0 ./Drivers/STM32F7xx_HAL_Driver/Src/stm32f7xx_hal_rcc_ex.o
                0x0000000008008d58                HAL_RCCEx_PeriphCLKConfig
 .text.HAL_RNG_Init
                0x0000000008009538       0x54 ./Drivers/STM32F7xx_HAL_Driver/Src/stm32f7xx_hal_rng.o
                0x0000000008009538                HAL_RNG_Init
 .text.HAL_RNG_GenerateRandomNumber
                0x000000000800958c       0xac ./Drivers/STM32F7xx_HAL_Driver/Src/stm32f7xx_hal_rng.o
                0x000000000800958c                HAL_RNG_GenerateRandomNumber
 .text.HAL_RTC_Init
                0x0000000008009638      0x124 ./Drivers/STM32F7xx_HAL_Driver/Src/stm32f7xx_hal_rtc.o
                0x0000000008009638                HAL_RTC_Init
 .text.HAL_RTC_SetTime
                0x000000000800975c      0x17c ./Drivers/STM32F7xx_HAL_Driver/Src/stm32f7xx_hal_rtc.o
                0x000000000800975c                HAL_RTC_SetTime
 .text.HAL_RTC_GetTime
                0x00000000080098d8       0xbc ./Drivers/STM32F7xx_HAL_Driver/Src/stm32f7xx_hal_rtc.o
                0x00000000080098d8                HAL_RTC_GetTime
 .text.HAL_RTC_SetDate
                0x0000000008009994      0x150 ./Drivers/STM32F7xx_HAL_Driver/Src/stm32f7xx_hal_rtc.o
                0x0000000008009994                HAL_RTC_SetDate
 .text.HAL_RTC_GetDate
                0x0000000008009ae4       0xa0 ./Drivers/STM32F7xx_HAL_Driver/Src/stm32f7xx_hal_rtc.o
                0x0000000008009ae4                HAL_RTC_GetDate
 .text.HAL_RTC_SetAlarm
                0x0000000008009b84      0x230 ./Drivers/STM32F7xx_HAL_Driver/Src/stm32f7xx_hal_rtc.o
                0x0000000008009b84                HAL_RTC_SetAlarm
 .text.HAL_RTC_WaitForSynchro
                0x0000000008009db4       0x50 ./Drivers/STM32F7xx_HAL_Driver/Src/stm32f7xx_hal_rtc.o
                0x0000000008009db4                HAL_RTC_WaitForSynchro
 .text.RTC_EnterInitMode
                0x0000000008009e04       0x58 ./Drivers/STM32F7xx_HAL_Driver/Src/stm32f7xx_hal_rtc.o
                0x0000000008009e04                RTC_EnterInitMode
 .text.RTC_ByteToBcd2
                0x0000000008009e5c       0x3c ./Drivers/STM32F7xx_HAL_Driver/Src/stm32f7xx_hal_rtc.o
                0x0000000008009e5c                RTC_ByteToBcd2
 .text.RTC_Bcd2ToByte
                0x0000000008009e98       0x3c ./Drivers/STM32F7xx_HAL_Driver/Src/stm32f7xx_hal_rtc.o
                0x0000000008009e98                RTC_Bcd2ToByte
 .text.HAL_RTCEx_SetTimeStamp
                0x0000000008009ed4       0xac ./Drivers/STM32F7xx_HAL_Driver/Src/stm32f7xx_hal_rtc_ex.o
                0x0000000008009ed4                HAL_RTCEx_SetTimeStamp
 .text.HAL_SDRAM_Init
                0x0000000008009f80       0x68 ./Drivers/STM32F7xx_HAL_Driver/Src/stm32f7xx_hal_sdram.o
                0x0000000008009f80                HAL_SDRAM_Init
 .text.HAL_SDRAM_SendCommand
                0x0000000008009fe8       0x6a ./Drivers/STM32F7xx_HAL_Driver/Src/stm32f7xx_hal_sdram.o
                0x0000000008009fe8                HAL_SDRAM_SendCommand
 .text.HAL_SDRAM_ProgramRefreshRate
                0x000000000800a052       0x50 ./Drivers/STM32F7xx_HAL_Driver/Src/stm32f7xx_hal_sdram.o
                0x000000000800a052                HAL_SDRAM_ProgramRefreshRate
 .text.HAL_SPI_Init
                0x000000000800a0a2      0x156 ./Drivers/STM32F7xx_HAL_Driver/Src/stm32f7xx_hal_spi.o
                0x000000000800a0a2                HAL_SPI_Init
 .text.HAL_TIM_Base_Init
                0x000000000800a1f8       0xae ./Drivers/STM32F7xx_HAL_Driver/Src/stm32f7xx_hal_tim.o
                0x000000000800a1f8                HAL_TIM_Base_Init
 *fill*         0x000000000800a2a6        0x2 
 .text.HAL_TIM_Base_Start_IT
                0x000000000800a2a8       0xf0 ./Drivers/STM32F7xx_HAL_Driver/Src/stm32f7xx_hal_tim.o
                0x000000000800a2a8                HAL_TIM_Base_Start_IT
 .text.HAL_TIM_IRQHandler
                0x000000000800a398      0x23e ./Drivers/STM32F7xx_HAL_Driver/Src/stm32f7xx_hal_tim.o
                0x000000000800a398                HAL_TIM_IRQHandler
 *fill*         0x000000000800a5d6        0x2 
 .text.HAL_TIM_ConfigClockSource
                0x000000000800a5d8      0x194 ./Drivers/STM32F7xx_HAL_Driver/Src/stm32f7xx_hal_tim.o
                0x000000000800a5d8                HAL_TIM_ConfigClockSource
 .text.HAL_TIM_OC_DelayElapsedCallback
                0x000000000800a76c       0x14 ./Drivers/STM32F7xx_HAL_Driver/Src/stm32f7xx_hal_tim.o
                0x000000000800a76c                HAL_TIM_OC_DelayElapsedCallback
 .text.HAL_TIM_IC_CaptureCallback
                0x000000000800a780       0x14 ./Drivers/STM32F7xx_HAL_Driver/Src/stm32f7xx_hal_tim.o
                0x000000000800a780                HAL_TIM_IC_CaptureCallback
 .text.HAL_TIM_PWM_PulseFinishedCallback
                0x000000000800a794       0x14 ./Drivers/STM32F7xx_HAL_Driver/Src/stm32f7xx_hal_tim.o
                0x000000000800a794                HAL_TIM_PWM_PulseFinishedCallback
 .text.HAL_TIM_TriggerCallback
                0x000000000800a7a8       0x14 ./Drivers/STM32F7xx_HAL_Driver/Src/stm32f7xx_hal_tim.o
                0x000000000800a7a8                HAL_TIM_TriggerCallback
 .text.TIM_Base_SetConfig
                0x000000000800a7bc      0x140 ./Drivers/STM32F7xx_HAL_Driver/Src/stm32f7xx_hal_tim.o
                0x000000000800a7bc                TIM_Base_SetConfig
 .text.TIM_TI1_ConfigInputStage
                0x000000000800a8fc       0x5e ./Drivers/STM32F7xx_HAL_Driver/Src/stm32f7xx_hal_tim.o
 .text.TIM_TI2_ConfigInputStage
                0x000000000800a95a       0x60 ./Drivers/STM32F7xx_HAL_Driver/Src/stm32f7xx_hal_tim.o
 .text.TIM_ITRx_SetConfig
                0x000000000800a9ba       0x36 ./Drivers/STM32F7xx_HAL_Driver/Src/stm32f7xx_hal_tim.o
 .text.TIM_ETR_SetConfig
                0x000000000800a9f0       0x40 ./Drivers/STM32F7xx_HAL_Driver/Src/stm32f7xx_hal_tim.o
                0x000000000800a9f0                TIM_ETR_SetConfig
 .text.HAL_TIMEx_MasterConfigSynchronization
                0x000000000800aa30      0x11c ./Drivers/STM32F7xx_HAL_Driver/Src/stm32f7xx_hal_tim_ex.o
                0x000000000800aa30                HAL_TIMEx_MasterConfigSynchronization
 .text.HAL_TIMEx_CommutCallback
                0x000000000800ab4c       0x14 ./Drivers/STM32F7xx_HAL_Driver/Src/stm32f7xx_hal_tim_ex.o
                0x000000000800ab4c                HAL_TIMEx_CommutCallback
 .text.HAL_TIMEx_BreakCallback
                0x000000000800ab60       0x14 ./Drivers/STM32F7xx_HAL_Driver/Src/stm32f7xx_hal_tim_ex.o
                0x000000000800ab60                HAL_TIMEx_BreakCallback
 .text.HAL_TIMEx_Break2Callback
                0x000000000800ab74       0x14 ./Drivers/STM32F7xx_HAL_Driver/Src/stm32f7xx_hal_tim_ex.o
                0x000000000800ab74                HAL_TIMEx_Break2Callback
 .text.HAL_UART_Init
                0x000000000800ab88       0x9c ./Drivers/STM32F7xx_HAL_Driver/Src/stm32f7xx_hal_uart.o
                0x000000000800ab88                HAL_UART_Init
 .text.HAL_UART_Transmit
                0x000000000800ac24      0x126 ./Drivers/STM32F7xx_HAL_Driver/Src/stm32f7xx_hal_uart.o
                0x000000000800ac24                HAL_UART_Transmit
 .text.HAL_UART_Receive
                0x000000000800ad4a      0x1a0 ./Drivers/STM32F7xx_HAL_Driver/Src/stm32f7xx_hal_uart.o
                0x000000000800ad4a                HAL_UART_Receive
 *fill*         0x000000000800aeea        0x2 
 .text.UART_SetConfig
                0x000000000800aeec      0x4c4 ./Drivers/STM32F7xx_HAL_Driver/Src/stm32f7xx_hal_uart.o
                0x000000000800aeec                UART_SetConfig
 .text.UART_AdvFeatureConfig
                0x000000000800b3b0      0x144 ./Drivers/STM32F7xx_HAL_Driver/Src/stm32f7xx_hal_uart.o
                0x000000000800b3b0                UART_AdvFeatureConfig
 .text.UART_CheckIdleState
                0x000000000800b4f4       0x66 ./Drivers/STM32F7xx_HAL_Driver/Src/stm32f7xx_hal_uart.o
                0x000000000800b4f4                UART_CheckIdleState
 .text.UART_WaitOnFlagUntilTimeout
                0x000000000800b55a      0x188 ./Drivers/STM32F7xx_HAL_Driver/Src/stm32f7xx_hal_uart.o
                0x000000000800b55a                UART_WaitOnFlagUntilTimeout
 *fill*         0x000000000800b6e2        0x2 
 .text.FMC_SDRAM_Init
                0x000000000800b6e4       0xb8 ./Drivers/STM32F7xx_HAL_Driver/Src/stm32f7xx_ll_fmc.o
                0x000000000800b6e4                FMC_SDRAM_Init
 .text.FMC_SDRAM_Timing_Init
                0x000000000800b79c       0xd4 ./Drivers/STM32F7xx_HAL_Driver/Src/stm32f7xx_ll_fmc.o
                0x000000000800b79c                FMC_SDRAM_Timing_Init
 .text.FMC_SDRAM_SendCommand
                0x000000000800b870       0x48 ./Drivers/STM32F7xx_HAL_Driver/Src/stm32f7xx_ll_fmc.o
                0x000000000800b870                FMC_SDRAM_SendCommand
 .text.FMC_SDRAM_ProgramRefreshRate
                0x000000000800b8b8       0x30 ./Drivers/STM32F7xx_HAL_Driver/Src/stm32f7xx_ll_fmc.o
                0x000000000800b8b8                FMC_SDRAM_ProgramRefreshRate
 .text.makeFreeRtosPriority
                0x000000000800b8e8       0x30 ./Middlewares/Third_Party/FreeRTOS/Source/CMSIS_RTOS/cmsis_os.o
 .text.inHandlerMode
                0x000000000800b918       0x24 ./Middlewares/Third_Party/FreeRTOS/Source/CMSIS_RTOS/cmsis_os.o
 .text.osKernelStart
                0x000000000800b93c        0xe ./Middlewares/Third_Party/FreeRTOS/Source/CMSIS_RTOS/cmsis_os.o
                0x000000000800b93c                osKernelStart
 .text.osThreadCreate
                0x000000000800b94a       0x98 ./Middlewares/Third_Party/FreeRTOS/Source/CMSIS_RTOS/cmsis_os.o
                0x000000000800b94a                osThreadCreate
 .text.osDelay  0x000000000800b9e2       0x28 ./Middlewares/Third_Party/FreeRTOS/Source/CMSIS_RTOS/cmsis_os.o
                0x000000000800b9e2                osDelay
 *fill*         0x000000000800ba0a        0x2 
 .text.osTimerCreate
                0x000000000800ba0c       0x68 ./Middlewares/Third_Party/FreeRTOS/Source/CMSIS_RTOS/cmsis_os.o
                0x000000000800ba0c                osTimerCreate
 .text.osTimerStart
                0x000000000800ba74       0x88 ./Middlewares/Third_Party/FreeRTOS/Source/CMSIS_RTOS/cmsis_os.o
                0x000000000800ba74                osTimerStart
 .text.osMutexCreate
                0x000000000800bafc       0x30 ./Middlewares/Third_Party/FreeRTOS/Source/CMSIS_RTOS/cmsis_os.o
                0x000000000800bafc                osMutexCreate
 .text.osMessageCreate
                0x000000000800bb2c       0x50 ./Middlewares/Third_Party/FreeRTOS/Source/CMSIS_RTOS/cmsis_os.o
                0x000000000800bb2c                osMessageCreate
 .text.vListInitialise
                0x000000000800bb7c       0x40 ./Middlewares/Third_Party/FreeRTOS/Source/list.o
                0x000000000800bb7c                vListInitialise
 .text.vListInitialiseItem
                0x000000000800bbbc       0x1a ./Middlewares/Third_Party/FreeRTOS/Source/list.o
                0x000000000800bbbc                vListInitialiseItem
 .text.vListInsertEnd
                0x000000000800bbd6       0x48 ./Middlewares/Third_Party/FreeRTOS/Source/list.o
                0x000000000800bbd6                vListInsertEnd
 .text.vListInsert
                0x000000000800bc1e       0x72 ./Middlewares/Third_Party/FreeRTOS/Source/list.o
                0x000000000800bc1e                vListInsert
 .text.uxListRemove
                0x000000000800bc90       0x54 ./Middlewares/Third_Party/FreeRTOS/Source/list.o
                0x000000000800bc90                uxListRemove
 .text.xQueueGenericReset
                0x000000000800bce4       0xd4 ./Middlewares/Third_Party/FreeRTOS/Source/queue.o
                0x000000000800bce4                xQueueGenericReset
 .text.xQueueGenericCreateStatic
                0x000000000800bdb8      0x104 ./Middlewares/Third_Party/FreeRTOS/Source/queue.o
                0x000000000800bdb8                xQueueGenericCreateStatic
 .text.xQueueGenericCreate
                0x000000000800bebc       0x84 ./Middlewares/Third_Party/FreeRTOS/Source/queue.o
                0x000000000800bebc                xQueueGenericCreate
 .text.prvInitialiseNewQueue
                0x000000000800bf40       0x3e ./Middlewares/Third_Party/FreeRTOS/Source/queue.o
 .text.prvInitialiseMutex
                0x000000000800bf7e       0x34 ./Middlewares/Third_Party/FreeRTOS/Source/queue.o
 .text.xQueueCreateMutex
                0x000000000800bfb2       0x30 ./Middlewares/Third_Party/FreeRTOS/Source/queue.o
                0x000000000800bfb2                xQueueCreateMutex
 .text.xQueueCreateMutexStatic
                0x000000000800bfe2       0x36 ./Middlewares/Third_Party/FreeRTOS/Source/queue.o
                0x000000000800bfe2                xQueueCreateMutexStatic
 .text.xQueueGenericSend
                0x000000000800c018      0x20c ./Middlewares/Third_Party/FreeRTOS/Source/queue.o
                0x000000000800c018                xQueueGenericSend
 .text.xQueueGenericSendFromISR
                0x000000000800c224      0x140 ./Middlewares/Third_Party/FreeRTOS/Source/queue.o
                0x000000000800c224                xQueueGenericSendFromISR
 .text.xQueueReceive
                0x000000000800c364      0x1cc ./Middlewares/Third_Party/FreeRTOS/Source/queue.o
                0x000000000800c364                xQueueReceive
 .text.xQueueSemaphoreTake
                0x000000000800c530      0x228 ./Middlewares/Third_Party/FreeRTOS/Source/queue.o
                0x000000000800c530                xQueueSemaphoreTake
 .text.prvGetDisinheritPriorityAfterTimeout
                0x000000000800c758       0x30 ./Middlewares/Third_Party/FreeRTOS/Source/queue.o
 .text.prvCopyDataToQueue
                0x000000000800c788       0xd4 ./Middlewares/Third_Party/FreeRTOS/Source/queue.o
 .text.prvCopyDataFromQueue
                0x000000000800c85c       0x4c ./Middlewares/Third_Party/FreeRTOS/Source/queue.o
 .text.prvUnlockQueue
                0x000000000800c8a8       0xa4 ./Middlewares/Third_Party/FreeRTOS/Source/queue.o
 .text.prvIsQueueEmpty
                0x000000000800c94c       0x2c ./Middlewares/Third_Party/FreeRTOS/Source/queue.o
 .text.prvIsQueueFull
                0x000000000800c978       0x30 ./Middlewares/Third_Party/FreeRTOS/Source/queue.o
 .text.vQueueAddToRegistry
                0x000000000800c9a8       0x54 ./Middlewares/Third_Party/FreeRTOS/Source/queue.o
                0x000000000800c9a8                vQueueAddToRegistry
 .text.vQueueWaitForMessageRestricted
                0x000000000800c9fc       0x68 ./Middlewares/Third_Party/FreeRTOS/Source/queue.o
                0x000000000800c9fc                vQueueWaitForMessageRestricted
 .text.xTaskCreateStatic
                0x000000000800ca64       0xc6 ./Middlewares/Third_Party/FreeRTOS/Source/tasks.o
                0x000000000800ca64                xTaskCreateStatic
 .text.xTaskCreate
                0x000000000800cb2a       0x8a ./Middlewares/Third_Party/FreeRTOS/Source/tasks.o
                0x000000000800cb2a                xTaskCreate
 .text.prvInitialiseNewTask
                0x000000000800cbb4      0x140 ./Middlewares/Third_Party/FreeRTOS/Source/tasks.o
 .text.prvAddNewTaskToReadyList
                0x000000000800ccf4       0xd4 ./Middlewares/Third_Party/FreeRTOS/Source/tasks.o
 .text.vTaskDelete
                0x000000000800cdc8      0x124 ./Middlewares/Third_Party/FreeRTOS/Source/tasks.o
                0x000000000800cdc8                vTaskDelete
 .text.vTaskDelay
                0x000000000800ceec       0x6c ./Middlewares/Third_Party/FreeRTOS/Source/tasks.o
                0x000000000800ceec                vTaskDelay
 .text.vTaskStartScheduler
                0x000000000800cf58       0xe8 ./Middlewares/Third_Party/FreeRTOS/Source/tasks.o
                0x000000000800cf58                vTaskStartScheduler
 .text.vTaskSuspendAll
                0x000000000800d040       0x1c ./Middlewares/Third_Party/FreeRTOS/Source/tasks.o
                0x000000000800d040                vTaskSuspendAll
 .text.xTaskResumeAll
                0x000000000800d05c      0x13c ./Middlewares/Third_Party/FreeRTOS/Source/tasks.o
                0x000000000800d05c                xTaskResumeAll
 .text.xTaskGetTickCount
                0x000000000800d198       0x20 ./Middlewares/Third_Party/FreeRTOS/Source/tasks.o
                0x000000000800d198                xTaskGetTickCount
 .text.xTaskIncrementTick
                0x000000000800d1b8      0x174 ./Middlewares/Third_Party/FreeRTOS/Source/tasks.o
                0x000000000800d1b8                xTaskIncrementTick
 .text.vTaskSwitchContext
                0x000000000800d32c       0xc8 ./Middlewares/Third_Party/FreeRTOS/Source/tasks.o
                0x000000000800d32c                vTaskSwitchContext
 .text.vTaskPlaceOnEventList
                0x000000000800d3f4       0x4c ./Middlewares/Third_Party/FreeRTOS/Source/tasks.o
                0x000000000800d3f4                vTaskPlaceOnEventList
 .text.vTaskPlaceOnEventListRestricted
                0x000000000800d440       0x5c ./Middlewares/Third_Party/FreeRTOS/Source/tasks.o
                0x000000000800d440                vTaskPlaceOnEventListRestricted
 .text.xTaskRemoveFromEventList
                0x000000000800d49c       0xc8 ./Middlewares/Third_Party/FreeRTOS/Source/tasks.o
                0x000000000800d49c                xTaskRemoveFromEventList
 .text.vTaskInternalSetTimeOutState
                0x000000000800d564       0x2c ./Middlewares/Third_Party/FreeRTOS/Source/tasks.o
                0x000000000800d564                vTaskInternalSetTimeOutState
 .text.xTaskCheckForTimeOut
                0x000000000800d590       0xcc ./Middlewares/Third_Party/FreeRTOS/Source/tasks.o
                0x000000000800d590                xTaskCheckForTimeOut
 .text.vTaskMissedYield
                0x000000000800d65c       0x18 ./Middlewares/Third_Party/FreeRTOS/Source/tasks.o
                0x000000000800d65c                vTaskMissedYield
 .text.prvIdleTask
                0x000000000800d674       0x30 ./Middlewares/Third_Party/FreeRTOS/Source/tasks.o
 .text.prvInitialiseTaskLists
                0x000000000800d6a4       0x80 ./Middlewares/Third_Party/FreeRTOS/Source/tasks.o
 .text.prvCheckTasksWaitingTermination
                0x000000000800d724       0x5c ./Middlewares/Third_Party/FreeRTOS/Source/tasks.o
 .text.prvDeleteTCB
                0x000000000800d780       0x6c ./Middlewares/Third_Party/FreeRTOS/Source/tasks.o
 .text.prvResetNextTaskUnblockTime
                0x000000000800d7ec       0x40 ./Middlewares/Third_Party/FreeRTOS/Source/tasks.o
 .text.xTaskGetSchedulerState
                0x000000000800d82c       0x3c ./Middlewares/Third_Party/FreeRTOS/Source/tasks.o
                0x000000000800d82c                xTaskGetSchedulerState
 .text.xTaskPriorityInherit
                0x000000000800d868      0x100 ./Middlewares/Third_Party/FreeRTOS/Source/tasks.o
                0x000000000800d868                xTaskPriorityInherit
 .text.xTaskPriorityDisinherit
                0x000000000800d968      0x114 ./Middlewares/Third_Party/FreeRTOS/Source/tasks.o
                0x000000000800d968                xTaskPriorityDisinherit
 .text.vTaskPriorityDisinheritAfterTimeout
                0x000000000800da7c      0x13c ./Middlewares/Third_Party/FreeRTOS/Source/tasks.o
                0x000000000800da7c                vTaskPriorityDisinheritAfterTimeout
 .text.pvTaskIncrementMutexHeldCount
                0x000000000800dbb8       0x28 ./Middlewares/Third_Party/FreeRTOS/Source/tasks.o
                0x000000000800dbb8                pvTaskIncrementMutexHeldCount
 .text.prvAddCurrentTaskToDelayedList
                0x000000000800dbe0       0xcc ./Middlewares/Third_Party/FreeRTOS/Source/tasks.o
 .text.xTimerCreateTimerTask
                0x000000000800dcac       0x94 ./Middlewares/Third_Party/FreeRTOS/Source/timers.o
                0x000000000800dcac                xTimerCreateTimerTask
 .text.xTimerCreate
                0x000000000800dd40       0x42 ./Middlewares/Third_Party/FreeRTOS/Source/timers.o
                0x000000000800dd40                xTimerCreate
 .text.xTimerCreateStatic
                0x000000000800dd82       0x84 ./Middlewares/Third_Party/FreeRTOS/Source/timers.o
                0x000000000800dd82                xTimerCreateStatic
 .text.prvInitialiseNewTimer
                0x000000000800de06       0x7a ./Middlewares/Third_Party/FreeRTOS/Source/timers.o
 .text.xTimerGenericCommand
                0x000000000800de80       0xa0 ./Middlewares/Third_Party/FreeRTOS/Source/timers.o
                0x000000000800de80                xTimerGenericCommand
 .text.prvProcessExpiredTimer
                0x000000000800df20       0x9c ./Middlewares/Third_Party/FreeRTOS/Source/timers.o
 .text.prvTimerTask
                0x000000000800dfbc       0x24 ./Middlewares/Third_Party/FreeRTOS/Source/timers.o
 .text.prvProcessTimerOrBlockTask
                0x000000000800dfe0       0x9c ./Middlewares/Third_Party/FreeRTOS/Source/timers.o
 .text.prvGetNextExpireTime
                0x000000000800e07c       0x48 ./Middlewares/Third_Party/FreeRTOS/Source/timers.o
 .text.prvSampleTimeNow
                0x000000000800e0c4       0x40 ./Middlewares/Third_Party/FreeRTOS/Source/timers.o
 .text.prvInsertTimerInActiveList
                0x000000000800e104       0x84 ./Middlewares/Third_Party/FreeRTOS/Source/timers.o
 .text.prvProcessReceivedCommands
                0x000000000800e188      0x194 ./Middlewares/Third_Party/FreeRTOS/Source/timers.o
 .text.prvSwitchTimerLists
                0x000000000800e31c       0xcc ./Middlewares/Third_Party/FreeRTOS/Source/timers.o
 .text.prvCheckForValidListAndQueue
                0x000000000800e3e8       0x80 ./Middlewares/Third_Party/FreeRTOS/Source/timers.o
 .text.pxPortInitialiseStack
                0x000000000800e468       0x68 ./Middlewares/Third_Party/FreeRTOS/Source/portable/GCC/ARM_CM7/r0p1/port.o
                0x000000000800e468                pxPortInitialiseStack
 .text.prvTaskExitError
                0x000000000800e4d0       0x60 ./Middlewares/Third_Party/FreeRTOS/Source/portable/GCC/ARM_CM7/r0p1/port.o
 .text.SVC_Handler
                0x000000000800e530       0x28 ./Middlewares/Third_Party/FreeRTOS/Source/portable/GCC/ARM_CM7/r0p1/port.o
                0x000000000800e530                SVC_Handler
 .text.prvPortStartFirstTask
                0x000000000800e558       0x28 ./Middlewares/Third_Party/FreeRTOS/Source/portable/GCC/ARM_CM7/r0p1/port.o
 .text.xPortStartScheduler
                0x000000000800e580       0xfc ./Middlewares/Third_Party/FreeRTOS/Source/portable/GCC/ARM_CM7/r0p1/port.o
                0x000000000800e580                xPortStartScheduler
 .text.vPortEnterCritical
                0x000000000800e67c       0x68 ./Middlewares/Third_Party/FreeRTOS/Source/portable/GCC/ARM_CM7/r0p1/port.o
                0x000000000800e67c                vPortEnterCritical
 .text.vPortExitCritical
                0x000000000800e6e4       0x58 ./Middlewares/Third_Party/FreeRTOS/Source/portable/GCC/ARM_CM7/r0p1/port.o
                0x000000000800e6e4                vPortExitCritical
 *fill*         0x000000000800e73c        0x4 
 .text.PendSV_Handler
                0x000000000800e740       0x68 ./Middlewares/Third_Party/FreeRTOS/Source/portable/GCC/ARM_CM7/r0p1/port.o
                0x000000000800e740                PendSV_Handler
 .text.SysTick_Handler
                0x000000000800e7a8       0x48 ./Middlewares/Third_Party/FreeRTOS/Source/portable/GCC/ARM_CM7/r0p1/port.o
                0x000000000800e7a8                SysTick_Handler
 .text.vPortSetupTimerInterrupt
                0x000000000800e7f0       0x48 ./Middlewares/Third_Party/FreeRTOS/Source/portable/GCC/ARM_CM7/r0p1/port.o
                0x000000000800e7f0                vPortSetupTimerInterrupt
 .text.vPortEnableVFP
                0x000000000800e838       0x14 ./Middlewares/Third_Party/FreeRTOS/Source/portable/GCC/ARM_CM7/r0p1/port.o
 .text.vPortValidateInterruptPriority
                0x000000000800e84c       0x88 ./Middlewares/Third_Party/FreeRTOS/Source/portable/GCC/ARM_CM7/r0p1/port.o
                0x000000000800e84c                vPortValidateInterruptPriority
 .text.pvPortMalloc
                0x000000000800e8d4      0x194 ./Middlewares/Third_Party/FreeRTOS/Source/portable/MemMang/heap_4.o
                0x000000000800e8d4                pvPortMalloc
 .text.vPortFree
                0x000000000800ea68       0xbc ./Middlewares/Third_Party/FreeRTOS/Source/portable/MemMang/heap_4.o
                0x000000000800ea68                vPortFree
 .text.prvHeapInit
                0x000000000800eb24       0xc4 ./Middlewares/Third_Party/FreeRTOS/Source/portable/MemMang/heap_4.o
 .text.prvInsertBlockIntoFreeList
                0x000000000800ebe8       0xb4 ./Middlewares/Third_Party/FreeRTOS/Source/portable/MemMang/heap_4.o
 .text.__errno  0x000000000800ec9c        0xc /opt/st/stm32cubeide_1.8.0/plugins/com.st.stm32cube.ide.mcu.externaltools.gnu-tools-for-stm32.9-2020-q2-update.linux64_2.0.0.202105311346/tools/bin/../lib/gcc/arm-none-eabi/9.3.1/../../../../arm-none-eabi/lib/thumb/v7e-m+fp/hard/libc_nano.a(lib_a-errno.o)
                0x000000000800ec9c                __errno
 .text.__libc_init_array
                0x000000000800eca8       0x48 /opt/st/stm32cubeide_1.8.0/plugins/com.st.stm32cube.ide.mcu.externaltools.gnu-tools-for-stm32.9-2020-q2-update.linux64_2.0.0.202105311346/tools/bin/../lib/gcc/arm-none-eabi/9.3.1/../../../../arm-none-eabi/lib/thumb/v7e-m+fp/hard/libc_nano.a(lib_a-init.o)
                0x000000000800eca8                __libc_init_array
 .text.__retarget_lock_acquire_recursive
                0x000000000800ecf0        0x2 /opt/st/stm32cubeide_1.8.0/plugins/com.st.stm32cube.ide.mcu.externaltools.gnu-tools-for-stm32.9-2020-q2-update.linux64_2.0.0.202105311346/tools/bin/../lib/gcc/arm-none-eabi/9.3.1/../../../../arm-none-eabi/lib/thumb/v7e-m+fp/hard/libc_nano.a(lib_a-lock.o)
                0x000000000800ecf0                __retarget_lock_acquire_recursive
 .text.__retarget_lock_release_recursive
                0x000000000800ecf2        0x2 /opt/st/stm32cubeide_1.8.0/plugins/com.st.stm32cube.ide.mcu.externaltools.gnu-tools-for-stm32.9-2020-q2-update.linux64_2.0.0.202105311346/tools/bin/../lib/gcc/arm-none-eabi/9.3.1/../../../../arm-none-eabi/lib/thumb/v7e-m+fp/hard/libc_nano.a(lib_a-lock.o)
                0x000000000800ecf2                __retarget_lock_release_recursive
 .text.memcpy   0x000000000800ecf4       0x1c /opt/st/stm32cubeide_1.8.0/plugins/com.st.stm32cube.ide.mcu.externaltools.gnu-tools-for-stm32.9-2020-q2-update.linux64_2.0.0.202105311346/tools/bin/../lib/gcc/arm-none-eabi/9.3.1/../../../../arm-none-eabi/lib/thumb/v7e-m+fp/hard/libc_nano.a(lib_a-memcpy-stub.o)
                0x000000000800ecf4                memcpy
 .text.memset   0x000000000800ed10       0x10 /opt/st/stm32cubeide_1.8.0/plugins/com.st.stm32cube.ide.mcu.externaltools.gnu-tools-for-stm32.9-2020-q2-update.linux64_2.0.0.202105311346/tools/bin/../lib/gcc/arm-none-eabi/9.3.1/../../../../arm-none-eabi/lib/thumb/v7e-m+fp/hard/libc_nano.a(lib_a-memset.o)
                0x000000000800ed10                memset
 .text._malloc_r
                0x000000000800ed20       0xb4 /opt/st/stm32cubeide_1.8.0/plugins/com.st.stm32cube.ide.mcu.externaltools.gnu-tools-for-stm32.9-2020-q2-update.linux64_2.0.0.202105311346/tools/bin/../lib/gcc/arm-none-eabi/9.3.1/../../../../arm-none-eabi/lib/thumb/v7e-m+fp/hard/libc_nano.a(lib_a-nano-mallocr.o)
                0x000000000800ed20                _malloc_r
 .text.cleanup_glue
                0x000000000800edd4       0x1a /opt/st/stm32cubeide_1.8.0/plugins/com.st.stm32cube.ide.mcu.externaltools.gnu-tools-for-stm32.9-2020-q2-update.linux64_2.0.0.202105311346/tools/bin/../lib/gcc/arm-none-eabi/9.3.1/../../../../arm-none-eabi/lib/thumb/v7e-m+fp/hard/libc_nano.a(lib_a-reent.o)
                0x000000000800edd4                cleanup_glue
 *fill*         0x000000000800edee        0x2 
 .text._reclaim_reent
                0x000000000800edf0       0xb8 /opt/st/stm32cubeide_1.8.0/plugins/com.st.stm32cube.ide.mcu.externaltools.gnu-tools-for-stm32.9-2020-q2-update.linux64_2.0.0.202105311346/tools/bin/../lib/gcc/arm-none-eabi/9.3.1/../../../../arm-none-eabi/lib/thumb/v7e-m+fp/hard/libc_nano.a(lib_a-reent.o)
                0x000000000800edf0                _reclaim_reent
 .text._sbrk_r  0x000000000800eea8       0x20 /opt/st/stm32cubeide_1.8.0/plugins/com.st.stm32cube.ide.mcu.externaltools.gnu-tools-for-stm32.9-2020-q2-update.linux64_2.0.0.202105311346/tools/bin/../lib/gcc/arm-none-eabi/9.3.1/../../../../arm-none-eabi/lib/thumb/v7e-m+fp/hard/libc_nano.a(lib_a-sbrkr.o)
                0x000000000800eea8                _sbrk_r
 .text.sprintf  0x000000000800eec8       0x40 /opt/st/stm32cubeide_1.8.0/plugins/com.st.stm32cube.ide.mcu.externaltools.gnu-tools-for-stm32.9-2020-q2-update.linux64_2.0.0.202105311346/tools/bin/../lib/gcc/arm-none-eabi/9.3.1/../../../../arm-none-eabi/lib/thumb/v7e-m+fp/hard/libc_nano.a(lib_a-sprintf.o)
                0x000000000800eec8                sprintf
                0x000000000800eec8                siprintf
 .text.__malloc_lock
                0x000000000800ef08        0xc /opt/st/stm32cubeide_1.8.0/plugins/com.st.stm32cube.ide.mcu.externaltools.gnu-tools-for-stm32.9-2020-q2-update.linux64_2.0.0.202105311346/tools/bin/../lib/gcc/arm-none-eabi/9.3.1/../../../../arm-none-eabi/lib/thumb/v7e-m+fp/hard/libc_nano.a(lib_a-mlock.o)
                0x000000000800ef08                __malloc_lock
 .text.__malloc_unlock
                0x000000000800ef14        0xc /opt/st/stm32cubeide_1.8.0/plugins/com.st.stm32cube.ide.mcu.externaltools.gnu-tools-for-stm32.9-2020-q2-update.linux64_2.0.0.202105311346/tools/bin/../lib/gcc/arm-none-eabi/9.3.1/../../../../arm-none-eabi/lib/thumb/v7e-m+fp/hard/libc_nano.a(lib_a-mlock.o)
                0x000000000800ef14                __malloc_unlock
 .text._free_r  0x000000000800ef20       0xa0 /opt/st/stm32cubeide_1.8.0/plugins/com.st.stm32cube.ide.mcu.externaltools.gnu-tools-for-stm32.9-2020-q2-update.linux64_2.0.0.202105311346/tools/bin/../lib/gcc/arm-none-eabi/9.3.1/../../../../arm-none-eabi/lib/thumb/v7e-m+fp/hard/libc_nano.a(lib_a-nano-freer.o)
                0x000000000800ef20                _free_r
 .text.__ssputs_r
                0x000000000800efc0       0xb6 /opt/st/stm32cubeide_1.8.0/plugins/com.st.stm32cube.ide.mcu.externaltools.gnu-tools-for-stm32.9-2020-q2-update.linux64_2.0.0.202105311346/tools/bin/../lib/gcc/arm-none-eabi/9.3.1/../../../../arm-none-eabi/lib/thumb/v7e-m+fp/hard/libc_nano.a(lib_a-nano-svfprintf.o)
                0x000000000800efc0                __ssputs_r
 *fill*         0x000000000800f076        0x2 
 .text._svfprintf_r
                0x000000000800f078      0x200 /opt/st/stm32cubeide_1.8.0/plugins/com.st.stm32cube.ide.mcu.externaltools.gnu-tools-for-stm32.9-2020-q2-update.linux64_2.0.0.202105311346/tools/bin/../lib/gcc/arm-none-eabi/9.3.1/../../../../arm-none-eabi/lib/thumb/v7e-m+fp/hard/libc_nano.a(lib_a-nano-svfprintf.o)
                0x000000000800f078                _svfprintf_r
                0x000000000800f078                _svfiprintf_r
 .text._printf_common
                0x000000000800f278       0xda /opt/st/stm32cubeide_1.8.0/plugins/com.st.stm32cube.ide.mcu.externaltools.gnu-tools-for-stm32.9-2020-q2-update.linux64_2.0.0.202105311346/tools/bin/../lib/gcc/arm-none-eabi/9.3.1/../../../../arm-none-eabi/lib/thumb/v7e-m+fp/hard/libc_nano.a(lib_a-nano-vfprintf_i.o)
                0x000000000800f278                _printf_common
 *fill*         0x000000000800f352        0x2 
 .text._printf_i
                0x000000000800f354      0x24c /opt/st/stm32cubeide_1.8.0/plugins/com.st.stm32cube.ide.mcu.externaltools.gnu-tools-for-stm32.9-2020-q2-update.linux64_2.0.0.202105311346/tools/bin/../lib/gcc/arm-none-eabi/9.3.1/../../../../arm-none-eabi/lib/thumb/v7e-m+fp/hard/libc_nano.a(lib_a-nano-vfprintf_i.o)
                0x000000000800f354                _printf_i
 .text.memmove  0x000000000800f5a0       0x34 /opt/st/stm32cubeide_1.8.0/plugins/com.st.stm32cube.ide.mcu.externaltools.gnu-tools-for-stm32.9-2020-q2-update.linux64_2.0.0.202105311346/tools/bin/../lib/gcc/arm-none-eabi/9.3.1/../../../../arm-none-eabi/lib/thumb/v7e-m+fp/hard/libc_nano.a(lib_a-memmove.o)
                0x000000000800f5a0                memmove
 .text._realloc_r
                0x000000000800f5d4       0x4c /opt/st/stm32cubeide_1.8.0/plugins/com.st.stm32cube.ide.mcu.externaltools.gnu-tools-for-stm32.9-2020-q2-update.linux64_2.0.0.202105311346/tools/bin/../lib/gcc/arm-none-eabi/9.3.1/../../../../arm-none-eabi/lib/thumb/v7e-m+fp/hard/libc_nano.a(lib_a-nano-reallocr.o)
                0x000000000800f5d4                _realloc_r
 .text._malloc_usable_size_r
                0x000000000800f620       0x10 /opt/st/stm32cubeide_1.8.0/plugins/com.st.stm32cube.ide.mcu.externaltools.gnu-tools-for-stm32.9-2020-q2-update.linux64_2.0.0.202105311346/tools/bin/../lib/gcc/arm-none-eabi/9.3.1/../../../../arm-none-eabi/lib/thumb/v7e-m+fp/hard/libc_nano.a(lib_a-nano-msizer.o)
                0x000000000800f620                _malloc_usable_size_r
 *(.glue_7)
 .glue_7        0x000000000800f630        0x0 linker stubs
 *(.glue_7t)
 .glue_7t       0x000000000800f630        0x0 linker stubs
 *(.eh_frame)
 .eh_frame      0x000000000800f630        0x0 /opt/st/stm32cubeide_1.8.0/plugins/com.st.stm32cube.ide.mcu.externaltools.gnu-tools-for-stm32.9-2020-q2-update.linux64_2.0.0.202105311346/tools/bin/../lib/gcc/arm-none-eabi/9.3.1/thumb/v7e-m+fp/hard/crtbegin.o
 *(.init)
 .init          0x000000000800f630        0x4 /opt/st/stm32cubeide_1.8.0/plugins/com.st.stm32cube.ide.mcu.externaltools.gnu-tools-for-stm32.9-2020-q2-update.linux64_2.0.0.202105311346/tools/bin/../lib/gcc/arm-none-eabi/9.3.1/thumb/v7e-m+fp/hard/crti.o
                0x000000000800f630                _init
 .init          0x000000000800f634        0x8 /opt/st/stm32cubeide_1.8.0/plugins/com.st.stm32cube.ide.mcu.externaltools.gnu-tools-for-stm32.9-2020-q2-update.linux64_2.0.0.202105311346/tools/bin/../lib/gcc/arm-none-eabi/9.3.1/thumb/v7e-m+fp/hard/crtn.o
 *(.fini)
 .fini          0x000000000800f63c        0x4 /opt/st/stm32cubeide_1.8.0/plugins/com.st.stm32cube.ide.mcu.externaltools.gnu-tools-for-stm32.9-2020-q2-update.linux64_2.0.0.202105311346/tools/bin/../lib/gcc/arm-none-eabi/9.3.1/thumb/v7e-m+fp/hard/crti.o
                0x000000000800f63c                _fini
 .fini          0x000000000800f640        0x8 /opt/st/stm32cubeide_1.8.0/plugins/com.st.stm32cube.ide.mcu.externaltools.gnu-tools-for-stm32.9-2020-q2-update.linux64_2.0.0.202105311346/tools/bin/../lib/gcc/arm-none-eabi/9.3.1/thumb/v7e-m+fp/hard/crtn.o
                0x000000000800f648                . = ALIGN (0x4)
                0x000000000800f648                _etext = .

.vfp11_veneer   0x000000000800f648        0x0
 .vfp11_veneer  0x000000000800f648        0x0 linker stubs

.v4_bx          0x000000000800f648        0x0
 .v4_bx         0x000000000800f648        0x0 linker stubs

.iplt           0x000000000800f648        0x0
 .iplt          0x000000000800f648        0x0 /opt/st/stm32cubeide_1.8.0/plugins/com.st.stm32cube.ide.mcu.externaltools.gnu-tools-for-stm32.9-2020-q2-update.linux64_2.0.0.202105311346/tools/bin/../lib/gcc/arm-none-eabi/9.3.1/thumb/v7e-m+fp/hard/crtbegin.o

.rodata         0x000000000800f648    0xc1e04
                0x000000000800f648                . = ALIGN (0x4)
 *(.rodata)
 .rodata        0x000000000800f648      0x199 ./Core/Src/main.o
 *fill*         0x000000000800f7e1        0x3 
 .rodata        0x000000000800f7e4        0x1 ./Middlewares/Third_Party/FreeRTOS/Source/CMSIS_RTOS/cmsis_os.o
 *fill*         0x000000000800f7e5        0x3 
 .rodata        0x000000000800f7e8        0x5 ./Middlewares/Third_Party/FreeRTOS/Source/tasks.o
 *fill*         0x000000000800f7ed        0x3 
 .rodata        0x000000000800f7f0        0xd ./Middlewares/Third_Party/FreeRTOS/Source/timers.o
 *(.rodata*)
 *fill*         0x000000000800f7fd        0x3 
 .rodata.AmoBloc2_Main_bmp
                0x000000000800f800    0x3fc46 ./Core/Src/main.o
                0x000000000800f800                AmoBloc2_Main_bmp
 *fill*         0x000000000804f446        0x2 
 .rodata.AmoBloc2_Over_bmp
                0x000000000804f448    0x3fc46 ./Core/Src/main.o
                0x000000000804f448                AmoBloc2_Over_bmp
 *fill*         0x000000000808f08e        0x2 
 .rodata.AmoBloc2_Timer_bmp
                0x000000000808f090    0x3fc46 ./Core/Src/main.o
                0x000000000808f090                AmoBloc2_Timer_bmp
 *fill*         0x00000000080cecd6        0x2 
 .rodata.Block_bmp
                0x00000000080cecd8      0x792 ./Core/Src/main.o
                0x00000000080cecd8                Block_bmp
 *fill*         0x00000000080cf46a        0x2 
 .rodata.Font24_Table
                0x00000000080cf46c     0x1ab8 ./Core/Src/stm32746g_discovery_lcd.o
                0x00000000080cf46c                Font24_Table
 .rodata.Font12_Table
                0x00000000080d0f24      0x474 ./Core/Src/stm32746g_discovery_lcd.o
                0x00000000080d0f24                Font12_Table
 .rodata.AHBPrescTable
                0x00000000080d1398       0x10 ./Core/Src/system_stm32f7xx.o
                0x00000000080d1398                AHBPrescTable
 .rodata.APBPrescTable
                0x00000000080d13a8        0x8 ./Core/Src/system_stm32f7xx.o
                0x00000000080d13a8                APBPrescTable
 .rodata.flagBitshiftOffset.10145
                0x00000000080d13b0        0x8 ./Drivers/STM32F7xx_HAL_Driver/Src/stm32f7xx_hal_dma.o
 .rodata.__sf_fake_stderr
                0x00000000080d13b8       0x20 /opt/st/stm32cubeide_1.8.0/plugins/com.st.stm32cube.ide.mcu.externaltools.gnu-tools-for-stm32.9-2020-q2-update.linux64_2.0.0.202105311346/tools/bin/../lib/gcc/arm-none-eabi/9.3.1/../../../../arm-none-eabi/lib/thumb/v7e-m+fp/hard/libc_nano.a(lib_a-findfp.o)
                0x00000000080d13b8                __sf_fake_stderr
 .rodata.__sf_fake_stdin
                0x00000000080d13d8       0x20 /opt/st/stm32cubeide_1.8.0/plugins/com.st.stm32cube.ide.mcu.externaltools.gnu-tools-for-stm32.9-2020-q2-update.linux64_2.0.0.202105311346/tools/bin/../lib/gcc/arm-none-eabi/9.3.1/../../../../arm-none-eabi/lib/thumb/v7e-m+fp/hard/libc_nano.a(lib_a-findfp.o)
                0x00000000080d13d8                __sf_fake_stdin
 .rodata.__sf_fake_stdout
                0x00000000080d13f8       0x20 /opt/st/stm32cubeide_1.8.0/plugins/com.st.stm32cube.ide.mcu.externaltools.gnu-tools-for-stm32.9-2020-q2-update.linux64_2.0.0.202105311346/tools/bin/../lib/gcc/arm-none-eabi/9.3.1/../../../../arm-none-eabi/lib/thumb/v7e-m+fp/hard/libc_nano.a(lib_a-findfp.o)
                0x00000000080d13f8                __sf_fake_stdout
 .rodata._svfprintf_r.str1.1
                0x00000000080d1418       0x11 /opt/st/stm32cubeide_1.8.0/plugins/com.st.stm32cube.ide.mcu.externaltools.gnu-tools-for-stm32.9-2020-q2-update.linux64_2.0.0.202105311346/tools/bin/../lib/gcc/arm-none-eabi/9.3.1/../../../../arm-none-eabi/lib/thumb/v7e-m+fp/hard/libc_nano.a(lib_a-nano-svfprintf.o)
 .rodata._printf_i.str1.1
                0x00000000080d1429       0x22 /opt/st/stm32cubeide_1.8.0/plugins/com.st.stm32cube.ide.mcu.externaltools.gnu-tools-for-stm32.9-2020-q2-update.linux64_2.0.0.202105311346/tools/bin/../lib/gcc/arm-none-eabi/9.3.1/../../../../arm-none-eabi/lib/thumb/v7e-m+fp/hard/libc_nano.a(lib_a-nano-vfprintf_i.o)
                0x00000000080d144c                . = ALIGN (0x4)
 *fill*         0x00000000080d144b        0x1 

.ARM.extab      0x00000000080d144c        0x0
                0x00000000080d144c                . = ALIGN (0x4)
 *(.ARM.extab* .gnu.linkonce.armextab.*)
                0x00000000080d144c                . = ALIGN (0x4)

.ARM            0x00000000080d144c        0x8
                0x00000000080d144c                . = ALIGN (0x4)
                0x00000000080d144c                __exidx_start = .
 *(.ARM.exidx*)
 .ARM.exidx     0x00000000080d144c        0x8 /opt/st/stm32cubeide_1.8.0/plugins/com.st.stm32cube.ide.mcu.externaltools.gnu-tools-for-stm32.9-2020-q2-update.linux64_2.0.0.202105311346/tools/bin/../lib/gcc/arm-none-eabi/9.3.1/thumb/v7e-m+fp/hard/libgcc.a(_udivmoddi4.o)
                0x00000000080d1454                __exidx_end = .
                0x00000000080d1454                . = ALIGN (0x4)

.rel.dyn        0x00000000080d1454        0x0
 .rel.iplt      0x00000000080d1454        0x0 /opt/st/stm32cubeide_1.8.0/plugins/com.st.stm32cube.ide.mcu.externaltools.gnu-tools-for-stm32.9-2020-q2-update.linux64_2.0.0.202105311346/tools/bin/../lib/gcc/arm-none-eabi/9.3.1/thumb/v7e-m+fp/hard/crtbegin.o

.preinit_array  0x00000000080d1454        0x0
                0x00000000080d1454                . = ALIGN (0x4)
                0x00000000080d1454                PROVIDE (__preinit_array_start = .)
 *(.preinit_array*)
                0x00000000080d1454                PROVIDE (__preinit_array_end = .)
                0x00000000080d1454                . = ALIGN (0x4)

.init_array     0x00000000080d1454        0x4
                0x00000000080d1454                . = ALIGN (0x4)
                0x00000000080d1454                PROVIDE (__init_array_start = .)
 *(SORT_BY_NAME(.init_array.*))
 *(.init_array*)
 .init_array    0x00000000080d1454        0x4 /opt/st/stm32cubeide_1.8.0/plugins/com.st.stm32cube.ide.mcu.externaltools.gnu-tools-for-stm32.9-2020-q2-update.linux64_2.0.0.202105311346/tools/bin/../lib/gcc/arm-none-eabi/9.3.1/thumb/v7e-m+fp/hard/crtbegin.o
                0x00000000080d1458                PROVIDE (__init_array_end = .)
                0x00000000080d1458                . = ALIGN (0x4)

.fini_array     0x00000000080d1458        0x4
                0x00000000080d1458                . = ALIGN (0x4)
                [!provide]                        PROVIDE (__fini_array_start = .)
 *(SORT_BY_NAME(.fini_array.*))
 *(.fini_array*)
 .fini_array    0x00000000080d1458        0x4 /opt/st/stm32cubeide_1.8.0/plugins/com.st.stm32cube.ide.mcu.externaltools.gnu-tools-for-stm32.9-2020-q2-update.linux64_2.0.0.202105311346/tools/bin/../lib/gcc/arm-none-eabi/9.3.1/thumb/v7e-m+fp/hard/crtbegin.o
                [!provide]                        PROVIDE (__fini_array_end = .)
                0x00000000080d145c                . = ALIGN (0x4)
                0x00000000080d145c                _sidata = LOADADDR (.data)

.data           0x0000000020000000       0xb4 load address 0x00000000080d145c
                0x0000000020000000                . = ALIGN (0x4)
                0x0000000020000000                _sdata = .
 *(.data)
 *(.data*)
 .data.ft5336_ts_drv
                0x0000000020000000       0x28 ./Core/Src/ft5336.o
                0x0000000020000000                ft5336_ts_drv
 .data.ligne.12588
                0x0000000020000028        0x1 ./Core/Src/main.o
 .data.ligne.12661
                0x0000000020000029        0x1 ./Core/Src/main.o
 *fill*         0x000000002000002a        0x2 
 .data.Font24   0x000000002000002c        0x8 ./Core/Src/stm32746g_discovery_lcd.o
                0x000000002000002c                Font24
 .data.Font12   0x0000000020000034        0x8 ./Core/Src/stm32746g_discovery_lcd.o
                0x0000000020000034                Font12
 .data.sdramstatus.10061
                0x000000002000003c        0x1 ./Core/Src/stm32746g_discovery_sdram.o
 *fill*         0x000000002000003d        0x3 
 .data.SystemCoreClock
                0x0000000020000040        0x4 ./Core/Src/system_stm32f7xx.o
                0x0000000020000040                SystemCoreClock
 .data.uwTickPrio
                0x0000000020000044        0x4 ./Drivers/STM32F7xx_HAL_Driver/Src/stm32f7xx_hal.o
                0x0000000020000044                uwTickPrio
 .data.uwTickFreq
                0x0000000020000048        0x1 ./Drivers/STM32F7xx_HAL_Driver/Src/stm32f7xx_hal.o
                0x0000000020000048                uwTickFreq
 *fill*         0x0000000020000049        0x3 
 .data.uxCriticalNesting
                0x000000002000004c        0x4 ./Middlewares/Third_Party/FreeRTOS/Source/portable/GCC/ARM_CM7/r0p1/port.o
 .data._impure_ptr
                0x0000000020000050        0x4 /opt/st/stm32cubeide_1.8.0/plugins/com.st.stm32cube.ide.mcu.externaltools.gnu-tools-for-stm32.9-2020-q2-update.linux64_2.0.0.202105311346/tools/bin/../lib/gcc/arm-none-eabi/9.3.1/../../../../arm-none-eabi/lib/thumb/v7e-m+fp/hard/libc_nano.a(lib_a-impure.o)
                0x0000000020000050                _impure_ptr
 .data.impure_data
                0x0000000020000054       0x60 /opt/st/stm32cubeide_1.8.0/plugins/com.st.stm32cube.ide.mcu.externaltools.gnu-tools-for-stm32.9-2020-q2-update.linux64_2.0.0.202105311346/tools/bin/../lib/gcc/arm-none-eabi/9.3.1/../../../../arm-none-eabi/lib/thumb/v7e-m+fp/hard/libc_nano.a(lib_a-impure.o)
 *(.RamFunc)
 *(.RamFunc*)
                0x00000000200000b4                . = ALIGN (0x4)
                0x00000000200000b4                _edata = .

.igot.plt       0x00000000200000b4        0x0 load address 0x00000000080d1510
 .igot.plt      0x00000000200000b4        0x0 /opt/st/stm32cubeide_1.8.0/plugins/com.st.stm32cube.ide.mcu.externaltools.gnu-tools-for-stm32.9-2020-q2-update.linux64_2.0.0.202105311346/tools/bin/../lib/gcc/arm-none-eabi/9.3.1/thumb/v7e-m+fp/hard/crtbegin.o
                0x00000000200000b4                . = ALIGN (0x4)

.bss            0x00000000200000b4     0x8bd4 load address 0x00000000080d1510
                0x00000000200000b4                _sbss = .
                0x00000000200000b4                __bss_start__ = _sbss
 *(.bss)
 .bss           0x00000000200000b4       0x1c /opt/st/stm32cubeide_1.8.0/plugins/com.st.stm32cube.ide.mcu.externaltools.gnu-tools-for-stm32.9-2020-q2-update.linux64_2.0.0.202105311346/tools/bin/../lib/gcc/arm-none-eabi/9.3.1/thumb/v7e-m+fp/hard/crtbegin.o
 *(.bss*)
 .bss.xIdleTaskTCBBuffer
                0x00000000200000d0       0xb4 ./Core/Src/freertos.o
 .bss.xIdleStack
                0x0000000020000184      0x200 ./Core/Src/freertos.o
 .bss.xTimerTaskTCBBuffer
                0x0000000020000384       0xb4 ./Core/Src/freertos.o
 .bss.xTimerStack
                0x0000000020000438      0x400 ./Core/Src/freertos.o
 .bss.ft5336_handle
                0x0000000020000838        0x3 ./Core/Src/ft5336.o
 *fill*         0x000000002000083b        0x1 
 .bss.coord.5659
                0x000000002000083c        0x2 ./Core/Src/ft5336.o
 *fill*         0x000000002000083e        0x2 
 .bss.TS_State.12442
                0x0000000020000840       0x2c ./Core/Src/main.o
 .bss.TS_State.12589
                0x000000002000086c       0x2c ./Core/Src/main.o
 .bss.hI2cAudioHandler
                0x0000000020000898       0x4c ./Core/Src/stm32746g_discovery.o
 .bss.hDma2dHandler
                0x00000000200008e4       0x40 ./Core/Src/stm32746g_discovery_lcd.o
 .bss.ActiveLayer
                0x0000000020000924        0x4 ./Core/Src/stm32746g_discovery_lcd.o
 .bss.DrawProp  0x0000000020000928       0x18 ./Core/Src/stm32746g_discovery_lcd.o
 .bss.periph_clk_init_struct.10648
                0x0000000020000940       0x84 ./Core/Src/stm32746g_discovery_lcd.o
 .bss.Timing    0x00000000200009c4       0x1c ./Core/Src/stm32746g_discovery_sdram.o
 .bss.Command   0x00000000200009e0       0x10 ./Core/Src/stm32746g_discovery_sdram.o
 .bss.dma_handle.10097
                0x00000000200009f0       0x60 ./Core/Src/stm32746g_discovery_sdram.o
 .bss.tsDriver  0x0000000020000a50        0x4 ./Core/Src/stm32746g_discovery_ts.o
 .bss.tsXBoundary
                0x0000000020000a54        0x2 ./Core/Src/stm32746g_discovery_ts.o
 .bss.tsYBoundary
                0x0000000020000a56        0x2 ./Core/Src/stm32746g_discovery_ts.o
 .bss.tsOrientation
                0x0000000020000a58        0x1 ./Core/Src/stm32746g_discovery_ts.o
 .bss.I2cAddress
                0x0000000020000a59        0x1 ./Core/Src/stm32746g_discovery_ts.o
 *fill*         0x0000000020000a5a        0x2 
 .bss._x.10213  0x0000000020000a5c       0x14 ./Core/Src/stm32746g_discovery_ts.o