main.c:147:5:main	416	static
main.c:396:6:SystemClock_Config	88	static
main.c:449:6:PeriphCommonClock_Config	144	static
main.c:474:13:MX_ADC1_Init	24	static
main.c:524:13:MX_ADC3_Init	24	static
main.c:574:13:MX_DAC_Init	16	static
main.c:612:13:MX_DMA2D_Init	8	static
main.c:649:13:MX_I2C1_Init	8	static
main.c:695:13:MX_I2C3_Init	8	static
main.c:741:13:MX_LTDC_Init	64	static
main.c:803:13:MX_RNG_Init	8	static
main.c:829:13:MX_RTC_Init	80	static
main.c:921:13:MX_SPI2_Init	8	static
main.c:961:13:MX_TIM1_Init	40	static
main.c:1008:13:MX_TIM2_Init	40	static
main.c:1053:13:MX_TIM3_Init	40	static
main.c:1098:13:MX_TIM5_Init	40	static
main.c:1143:13:MX_TIM8_Init	40	static
main.c:1190:13:MX_UART7_Init	8	static
main.c:1225:13:MX_USART1_UART_Init	8	static
main.c:1260:13:MX_USART6_UART_Init	8	static
main.c:1291:13:MX_FMC_Init	40	static
main.c:1342:13:MX_GPIO_Init	72	static
main.c:1632:6:StartDefaultTask	16	static
main.c:1650:6:displayTime	88	static
main.c:1682:6:displayGame	88	static
main.c:1729:6:waitGameOver	112	static
main.c:1779:6:obj_cycle	48	static
main.c:1828:6:obj_sword	72	static
main.c:1879:6:CallbackDisplay	72	static
main.c:1890:6:CallbackLED	16	static
main.c:1905:6:HAL_TIM_PeriodElapsedCallback	16	static
main.c:1922:6:Error_Handler	4	static,ignoring_inline_asm
