main.c:150:5:main	272	static
main.c:401:6:SystemClock_Config	88	static
main.c:454:6:PeriphCommonClock_Config	144	static
main.c:479:13:MX_ADC1_Init	24	static
main.c:529:13:MX_ADC3_Init	24	static
main.c:579:13:MX_DAC_Init	16	static
main.c:617:13:MX_DMA2D_Init	8	static
main.c:654:13:MX_I2C1_Init	8	static
main.c:700:13:MX_I2C3_Init	8	static
main.c:746:13:MX_LTDC_Init	64	static
main.c:808:13:MX_RNG_Init	8	static
main.c:834:13:MX_RTC_Init	80	static
main.c:926:13:MX_SPI2_Init	8	static
main.c:966:13:MX_TIM1_Init	40	static
main.c:1013:13:MX_TIM2_Init	40	static
main.c:1058:13:MX_TIM3_Init	40	static
main.c:1103:13:MX_TIM5_Init	40	static
main.c:1148:13:MX_TIM8_Init	40	static
main.c:1195:13:MX_UART7_Init	8	static
main.c:1230:13:MX_USART1_UART_Init	8	static
main.c:1265:13:MX_USART6_UART_Init	8	static
main.c:1296:13:MX_FMC_Init	40	static
main.c:1347:13:MX_GPIO_Init	72	static
main.c:1637:6:HAL_GPIO_EXTI_Callback	16	static
main.c:1670:6:StartDefaultTask	256	static
main.c:1840:6:displayTime	88	static
main.c:1873:6:displayGame	88	static
main.c:1925:6:waitGameOver	112	static
main.c:1971:6:obj_cycle	48	static
main.c:2020:6:obj_sword	72	static
main.c:2071:6:CallbackDisplay	24	static
main.c:2086:6:CallbackLED	16	static
main.c:2101:6:HAL_TIM_PeriodElapsedCallback	16	static
main.c:2118:6:Error_Handler	4	static,ignoring_inline_asm
