main.c:148:5:main	304	static
main.c:398:6:SystemClock_Config	88	static
main.c:451:6:PeriphCommonClock_Config	144	static
main.c:476:13:MX_ADC1_Init	24	static
main.c:526:13:MX_ADC3_Init	24	static
main.c:576:13:MX_DAC_Init	16	static
main.c:614:13:MX_DMA2D_Init	8	static
main.c:651:13:MX_I2C1_Init	8	static
main.c:697:13:MX_I2C3_Init	8	static
main.c:743:13:MX_LTDC_Init	64	static
main.c:805:13:MX_RNG_Init	8	static
main.c:831:13:MX_RTC_Init	80	static
main.c:923:13:MX_SPI2_Init	8	static
main.c:963:13:MX_TIM1_Init	40	static
main.c:1010:13:MX_TIM2_Init	40	static
main.c:1055:13:MX_TIM3_Init	40	static
main.c:1100:13:MX_TIM5_Init	40	static
main.c:1145:13:MX_TIM8_Init	40	static
main.c:1192:13:MX_UART7_Init	8	static
main.c:1227:13:MX_USART1_UART_Init	8	static
main.c:1262:13:MX_USART6_UART_Init	8	static
main.c:1293:13:MX_FMC_Init	40	static
main.c:1344:13:MX_GPIO_Init	72	static
main.c:1634:6:StartDefaultTask	72	static
main.c:1736:6:displayTime	88	static
main.c:1768:6:displayGame	88	static
main.c:1815:6:waitGameOver	112	static
main.c:1866:6:obj_cycle	48	static
main.c:1915:6:obj_sword	72	static
main.c:1966:6:CallbackDisplay	72	static
main.c:1977:6:CallbackLED	16	static
main.c:1992:6:HAL_TIM_PeriodElapsedCallback	16	static
main.c:2009:6:Error_Handler	4	static,ignoring_inline_asm
