main.c:139:5:main	416	static
main.c:387:6:SystemClock_Config	88	static
main.c:440:6:PeriphCommonClock_Config	144	static
main.c:465:13:MX_ADC1_Init	24	static
main.c:515:13:MX_ADC3_Init	24	static
main.c:565:13:MX_DAC_Init	16	static
main.c:603:13:MX_DMA2D_Init	8	static
main.c:640:13:MX_I2C1_Init	8	static
main.c:686:13:MX_I2C3_Init	8	static
main.c:732:13:MX_LTDC_Init	64	static
main.c:794:13:MX_RNG_Init	8	static
main.c:820:13:MX_RTC_Init	80	static
main.c:912:13:MX_SPI2_Init	8	static
main.c:952:13:MX_TIM1_Init	40	static
main.c:999:13:MX_TIM2_Init	40	static
main.c:1044:13:MX_TIM3_Init	40	static
main.c:1089:13:MX_TIM5_Init	40	static
main.c:1134:13:MX_TIM8_Init	40	static
main.c:1181:13:MX_UART7_Init	8	static
main.c:1216:13:MX_USART1_UART_Init	8	static
main.c:1251:13:MX_USART6_UART_Init	8	static
main.c:1282:13:MX_FMC_Init	40	static
main.c:1333:13:MX_GPIO_Init	72	static
main.c:1623:6:StartDefaultTask	16	static
main.c:1641:6:displayTime	88	static
main.c:1673:6:displayGame	88	static
main.c:1720:6:waitGameOver	112	static
main.c:1770:6:obj_cycle	48	static
main.c:1819:6:obj_sword	72	static
main.c:1870:6:CallbackDisplay	72	static
main.c:1881:6:CallbackLED	16	static
main.c:1896:6:HAL_TIM_PeriodElapsedCallback	16	static
main.c:1913:6:Error_Handler	4	static,ignoring_inline_asm
